Archive member included to satisfy reference by file (symbol)

app/libapp.a(main.c.obj)      (--whole-archive)
app/libapp.a(uwb.c.obj)       (--whole-archive)
app/libapp.a(uwb_tag.c.obj)   (--whole-archive)
app/libapp.a(uwb_anchor.c.obj)
                              (--whole-archive)
app/libapp.a(config.c.obj)    (--whole-archive)
app/libapp.a(cli.c.obj)       (--whole-archive)
app/libapp.a(deca_device.c.obj)
                              (--whole-archive)
app/libapp.a(deca_mutex.c.obj)
                              (--whole-archive)
app/libapp.a(deca_params_init.c.obj)
                              (--whole-archive)
app/libapp.a(deca_range_tables.c.obj)
                              (--whole-archive)
app/libapp.a(deca_sleep.c.obj)
                              (--whole-archive)
app/libapp.a(deca_spi.c.obj)  (--whole-archive)
app/libapp.a(port.c.obj)      (--whole-archive)
zephyr/libzephyr.a(getopt.c.obj)
                              (--whole-archive)
zephyr/libzephyr.a(getopt_common.c.obj)
                              (--whole-archive)
zephyr/libzephyr.a(cbprintf_packaged.c.obj)
                              (--whole-archive)
zephyr/libzephyr.a(dec.c.obj)
                              (--whole-archive)
zephyr/libzephyr.a(fdtable.c.obj)
                              (--whole-archive)
zephyr/libzephyr.a(hex.c.obj)
                              (--whole-archive)
zephyr/libzephyr.a(printk.c.obj)
                              (--whole-archive)
zephyr/libzephyr.a(rb.c.obj)  (--whole-archive)
zephyr/libzephyr.a(sem.c.obj)
                              (--whole-archive)
zephyr/libzephyr.a(thread_entry.c.obj)
                              (--whole-archive)
zephyr/libzephyr.a(timeutil.c.obj)
                              (--whole-archive)
zephyr/libzephyr.a(heap.c.obj)
                              (--whole-archive)
zephyr/libzephyr.a(heap-validate.c.obj)
                              (--whole-archive)
zephyr/libzephyr.a(bitarray.c.obj)
                              (--whole-archive)
zephyr/libzephyr.a(multi_heap.c.obj)
                              (--whole-archive)
zephyr/libzephyr.a(onoff.c.obj)
                              (--whole-archive)
zephyr/libzephyr.a(notify.c.obj)
                              (--whole-archive)
zephyr/libzephyr.a(crc32c_sw.c.obj)
                              (--whole-archive)
zephyr/libzephyr.a(crc32_sw.c.obj)
                              (--whole-archive)
zephyr/libzephyr.a(crc16_sw.c.obj)
                              (--whole-archive)
zephyr/libzephyr.a(crc8_sw.c.obj)
                              (--whole-archive)
zephyr/libzephyr.a(crc7_sw.c.obj)
                              (--whole-archive)
zephyr/libzephyr.a(cbprintf_complete.c.obj)
                              (--whole-archive)
zephyr/libzephyr.a(cbprintf.c.obj)
                              (--whole-archive)
zephyr/libzephyr.a(ring_buffer.c.obj)
                              (--whole-archive)
zephyr/libzephyr.a(assert.c.obj)
                              (--whole-archive)
zephyr/libzephyr.a(mpsc_pbuf.c.obj)
                              (--whole-archive)
zephyr/libzephyr.a(reboot.c.obj)
                              (--whole-archive)
zephyr/libzephyr.a(configs.c.obj)
                              (--whole-archive)
zephyr/libzephyr.a(soc_nrf_common.S.obj)
                              (--whole-archive)
zephyr/libzephyr.a(validate_base_addresses.c.obj)
                              (--whole-archive)
zephyr/libzephyr.a(validate_enabled_instances.c.obj)
                              (--whole-archive)
zephyr/libzephyr.a(thread_info.c.obj)
                              (--whole-archive)
zephyr/libzephyr.a(nvs.c.obj)
                              (--whole-archive)
zephyr/libzephyr.a(log_core.c.obj)
                              (--whole-archive)
zephyr/libzephyr.a(log_mgmt.c.obj)
                              (--whole-archive)
zephyr/libzephyr.a(log_cache.c.obj)
                              (--whole-archive)
zephyr/libzephyr.a(log_msg.c.obj)
                              (--whole-archive)
zephyr/libzephyr.a(log_output.c.obj)
                              (--whole-archive)
zephyr/libzephyr.a(log_cmds.c.obj)
                              (--whole-archive)
zephyr/libzephyr.a(log_backend_rtt.c.obj)
                              (--whole-archive)
zephyr/libzephyr.a(pm.c.obj)  (--whole-archive)
zephyr/libzephyr.a(policy.c.obj)
                              (--whole-archive)
zephyr/libzephyr.a(state.c.obj)
                              (--whole-archive)
zephyr/libzephyr.a(device.c.obj)
                              (--whole-archive)
zephyr/libzephyr.a(tracing_none.c.obj)
                              (--whole-archive)
zephyr/libzephyr.a(kernel_service.c.obj)
                              (--whole-archive)
zephyr/libzephyr.a(device_service.c.obj)
                              (--whole-archive)
zephyr/libzephyr.a(devmem_service.c.obj)
                              (--whole-archive)
zephyr/libzephyr.a(shell_uart.c.obj)
[...]
Memory Configuration

Name             Origin             Length             Attributes
FLASH            0x0000000000000000 0x0000000000080000 xr
RAM              0x0000000020000000 0x0000000000010000 xw
IDT_LIST         0x00000000fffff7ff 0x0000000000000800 xw
*default*        0x0000000000000000 0xffffffffffffffff

Linker script and memory map

LOAD zephyr/CMakeFiles/zephyr_pre0.dir/misc/empty_file.c.obj
LOAD app/libapp.a
LOAD zephyr/libzephyr.a
LOAD zephyr/arch/common/libarch__common.a
LOAD zephyr/arch/arch/arm/core/aarch32/libarch__arm__core__aarch32.a
LOAD zephyr/arch/arch/arm/core/aarch32/cortex_m/libarch__arm__core__aarch32__cortex_m.a
LOAD zephyr/arch/arch/arm/core/aarch32/mpu/libarch__arm__core__aarch32__mpu.a
LOAD zephyr/lib/libc/minimal/liblib__libc__minimal.a
LOAD zephyr/lib/posix/liblib__posix.a
LOAD zephyr/soc/arm/common/cortex_m/libsoc__arm__common__cortex_m.a
LOAD zephyr/soc/arm/nordic_nrf/nrf52/libsoc__arm__nordic_nrf__nrf52.a
LOAD zephyr/subsys/timing/libsubsys__timing.a
LOAD zephyr/drivers/clock_control/libdrivers__clock_control.a
LOAD zephyr/drivers/console/libdrivers__console.a
LOAD zephyr/drivers/flash/libdrivers__flash.a
LOAD zephyr/drivers/gpio/libdrivers__gpio.a
LOAD zephyr/drivers/hwinfo/libdrivers__hwinfo.a
LOAD zephyr/drivers/pinctrl/libdrivers__pinctrl.a
LOAD zephyr/drivers/serial/libdrivers__serial.a
LOAD zephyr/drivers/spi/libdrivers__spi.a
LOAD zephyr/drivers/timer/libdrivers__timer.a
LOAD modules/nrf/lib/fatal_error/lib..__nrf__lib__fatal_error.a
LOAD modules/nrf/lib/hw_id/lib..__nrf__lib__hw_id.a
LOAD modules/hal_nordic/nrfx/libmodules__hal_nordic__nrfx.a
LOAD modules/segger/libmodules__segger.a
LOAD zephyr/kernel/libkernel.a
LOAD zephyr/CMakeFiles/offsets.dir/./arch/arm/core/offsets/offsets.c.obj
LOAD c:/ncs/toolchains/c57af46cb7/opt/zephyr-sdk/arm-zephyr-eabi/bin/../lib/gcc/arm-zephyr-eabi/12.2.0/thumb/v7e-m/nofp\libgcc.a
LOAD zephyr/arch/common/libisr_tables.a
                0x0000000000000020                _region_min_align = 0x20

.rel.plt        0x0000000000000000        0x0
 *(SORT_BY_ALIGNMENT(.rel.plt))
                [!provide]                        PROVIDE (__rel_iplt_start = .)
 *(SORT_BY_ALIGNMENT(.rel.iplt))
 .rel.iplt      0x0000000000000000        0x0 app/libapp.a(main.c.obj)
                [!provide]                        PROVIDE (__rel_iplt_end = .)

.rela.plt       0x0000000000000000        0x0
 *(SORT_BY_ALIGNMENT(.rela.plt))
                [!provide]                        PROVIDE (__rela_iplt_start = .)
 *(SORT_BY_ALIGNMENT(.rela.iplt))
                [!provide]                        PROVIDE (__rela_iplt_end = .)

.rel.dyn
 *(SORT_BY_ALIGNMENT(.rel.*))

.rela.dyn
 *(SORT_BY_ALIGNMENT(.rela.*))

/DISCARD/
 *(SORT_BY_ALIGNMENT(.plt))

/DISCARD/
 *(SORT_BY_ALIGNMENT(.iplt))
                0x0000000000000000                __rom_region_start = 0x0

rom_start       0x0000000000000000       0xdc
                0x0000000000000000                . = 0x0
                0x0000000000000000                . = ALIGN (0x4)
                0x0000000000000000                . = ALIGN (0x80)
                0x0000000000000000                . = ALIGN (0x100)
                0x0000000000000000                _vector_start = .
 *(SORT_BY_ALIGNMENT(.exc_vector_table))
 *(SORT_BY_ALIGNMENT(.exc_vector_table.*))
 .exc_vector_table._vector_table_section
                0x0000000000000000       0x40 zephyr/arch/arch/arm/core/aarch32/cortex_m/libarch__arm__core__aarch32__cortex_m.a(vector_table.S.obj)
                0x0000000000000000                _vector_table
 *(SORT_BY_ALIGNMENT(.vectors))
                0x00000000000000dc                _vector_end = .
                0x0000000000000040                . = ALIGN (0x4)
 *(SORT_BY_ALIGNMENT(.gnu.linkonce.irq_vector_table*))
 .gnu.linkonce.irq_vector_table
                0x0000000000000040       0x9c zephyr/arch/common/libisr_tables.a(isr_tables.c.obj)
                0x0000000000000040                _irq_vector_table
                0x00000000000000dc                _vector_end = .

text            0x00000000000000dc    0x14f94
                0x00000000000000dc                __text_region_start = .
 *(SORT_BY_ALIGNMENT(.text))
 .text          0x00000000000000dc       0x30 c:/ncs/toolchains/c57af46cb7/opt/zephyr-sdk/arm-zephyr-eabi/bin/../lib/gcc/arm-zephyr-eabi/12.2.0/thumb/v7e-m/nofp\libgcc.a(_aeabi_uldivmod.o)
                0x00000000000000dc                __aeabi_uldivmod
 .text          0x000000000000010c        0x4 c:/ncs/toolchains/c57af46cb7/opt/zephyr-sdk/arm-zephyr-eabi/bin/../lib/gcc/arm-zephyr-eabi/12.2.0/thumb/v7e-m/nofp\libgcc.a(_dvmd_tls.o)
                0x000000000000010c                __aeabi_idiv0
                0x000000000000010c                __aeabi_ldiv0
 .text          0x0000000000000110      0x2a0 c:/ncs/toolchains/c57af46cb7/opt/zephyr-sdk/arm-zephyr-eabi/bin/../lib/gcc/arm-zephyr-eabi/12.2.0/thumb/v7e-m/nofp\libgcc.a(_udivmoddi4.o)
                0x0000000000000110                __udivmoddi4
 *(SORT_BY_ALIGNMENT(.text.*))
 .text.main     0x00000000000003b0      0x270 app/libapp.a(main.c.obj)
                0x00000000000003b0                main
 .text.rx_ok_callback
                0x0000000000000620       0x10 app/libapp.a(uwb.c.obj)
 .text.rx_timeout_callback
                0x0000000000000630       0x10 app/libapp.a(uwb.c.obj)
 .text.rx_error_callback
                0x0000000000000640       0x10 app/libapp.a(uwb.c.obj)
 .text.tx_done_callback
                0x0000000000000650       0x10 app/libapp.a(uwb.c.obj)
 .text.uwb_isr  0x0000000000000660       0x10 app/libapp.a(uwb.c.obj)
 .text.dummy_on_event
                0x0000000000000670       0x9c app/libapp.a(uwb.c.obj)
 .text.dummy_init
                0x000000000000070c       0x9c app/libapp.a(uwb.c.obj)
 .text.uwb_loop
                0x00000000000007a8       0x28 app/libapp.a(uwb.c.obj)
 .text.uwb_init
                0x00000000000007d0      0x134 app/libapp.a(uwb.c.obj)
                0x00000000000007d0                uwb_init
 .text.uwb_start
                0x0000000000000904       0x44 app/libapp.a(uwb.c.obj)
                0x0000000000000904                uwb_start
 .text.find_field
                0x0000000000000948       0x34 app/libapp.a(config.c.obj)
 .text.read_buffer
                0x000000000000097c       0x20 app/libapp.a(config.c.obj)
 .text.write_crc
                0x000000000000099c       0x2c app/libapp.a(config.c.obj)
 .text.flash_init
                0x00000000000009c8      0x1e4 app/libapp.a(config.c.obj)
 .text.check_magic
                0x0000000000000bac       0xbc app/libapp.a(config.c.obj)
 .text.check_crc
                0x0000000000000c68       0xc4 app/libapp.a(config.c.obj)
 .text.check_data
                0x0000000000000d2c       0xdc app/libapp.a(config.c.obj)
 .text.write_defaults
                0x0000000000000e08       0x68 app/libapp.a(config.c.obj)
 .text.write_un
                0x0000000000000e70      0x230 app/libapp.a(config.c.obj)
 .text.config_init
                0x00000000000010a0      0x29c app/libapp.a(config.c.obj)
                0x00000000000010a0                config_init
 .text.config_clear
                0x000000000000133c       0x18 app/libapp.a(config.c.obj)
                0x000000000000133c                config_clear
 .text.config_buffer
                0x0000000000001354       0x18 app/libapp.a(config.c.obj)
                0x0000000000001354                config_buffer
 .text.config_refresh
                0x000000000000136c       0x78 app/libapp.a(config.c.obj)
                0x000000000000136c                config_refresh
 .text.handle_config
                0x00000000000013e4       0xf8 app/libapp.a(cli.c.obj)
 .text.dwt_configure
                0x00000000000014dc      0x220 app/libapp.a(deca_device.c.obj)
                0x00000000000014dc                dwt_configure
 .text.dwt_setcallbacks
                0x00000000000016fc       0x18 app/libapp.a(deca_device.c.obj)
                0x00000000000016fc                dwt_setcallbacks
 .text.dwt_setleds
                0x0000000000001714       0x78 app/libapp.a(deca_device.c.obj)
                0x0000000000001714                dwt_setleds
 .text.dwt_forcetrxoff
                0x000000000000178c       0x58 app/libapp.a(deca_device.c.obj)
                0x000000000000178c                dwt_forcetrxoff
 .text.dwt_isr  0x00000000000017e4      0x158 app/libapp.a(deca_device.c.obj)
                0x00000000000017e4                dwt_isr
 .text.dwt_softreset
                0x000000000000193c       0x48 app/libapp.a(deca_device.c.obj)
                0x000000000000193c                dwt_softreset
 .text.dwt_initialise
                0x0000000000001984      0x1bc app/libapp.a(deca_device.c.obj)
                0x0000000000001984                dwt_initialise
 .text.openspi  0x0000000000001b40       0xa8 app/libapp.a(deca_spi.c.obj)
                0x0000000000001b40                openspi
 .text.set_spi_speed_slow
                0x0000000000001be8       0x3c app/libapp.a(deca_spi.c.obj)
                0x0000000000001be8                set_spi_speed_slow
 .text.set_spi_speed_fast
                0x0000000000001c24       0x40 app/libapp.a(deca_spi.c.obj)
                0x0000000000001c24                set_spi_speed_fast
 .text.writetospi
                0x0000000000001c64       0x6c app/libapp.a(deca_spi.c.obj)
                0x0000000000001c64                writetospi
 .text.readfromspi
                0x0000000000001cd0       0x80 app/libapp.a(deca_spi.c.obj)
                0x0000000000001cd0                readfromspi
 .text.port_set_deca_isr
                0x0000000000001d50       0x70 app/libapp.a(port.c.obj)
                0x0000000000001d50                port_set_deca_isr
 .text.getopt   0x0000000000001dc0      0x254 zephyr/libzephyr.a(getopt.c.obj)
                0x0000000000001dc0                getopt
 .text.z_getopt_global_state_update
                0x0000000000002014       0x34 zephyr/libzephyr.a(getopt_common.c.obj)
                0x0000000000002014                z_getopt_global_state_update
 .text.getopt_state_get
                0x0000000000002048        0x8 zephyr/libzephyr.a(getopt_common.c.obj)
                0x0000000000002048                getopt_state_get
 .text.cbvprintf_package
                0x0000000000002050      0x4a4 zephyr/libzephyr.a(cbprintf_packaged.c.obj)
                0x0000000000002050                cbvprintf_package
 .text.cbprintf_package_convert
                0x00000000000024f4      0x4cc zephyr/libzephyr.a(cbprintf_packaged.c.obj)
                0x00000000000024f4                cbprintf_package_convert
 .text.__printk_hook_install
                0x00000000000029c0        0xc zephyr/libzephyr.a(printk.c.obj)
                0x00000000000029c0                __printk_hook_install
 .text.vsnprintk
                0x00000000000029cc       0x30 zephyr/libzephyr.a(printk.c.obj)
                0x00000000000029cc                vsnprintk
 .text.process_event
                0x00000000000029fc      0x16c zephyr/libzephyr.a(onoff.c.obj)
 .text.crc32_ieee_update
                0x0000000000002b68       0x48 zephyr/libzephyr.a(crc32_sw.c.obj)
                0x0000000000002b68                crc32_ieee_update
 .text.crc8_ccitt
                0x0000000000002bb0       0x3c zephyr/libzephyr.a(crc8_sw.c.obj)
                0x0000000000002bb0                crc8_ccitt
 .text.extract_flags
                0x0000000000002bec       0xc4 zephyr/libzephyr.a(cbprintf_complete.c.obj)
 .text.encode_float
                0x0000000000002cb0      0x3e0 zephyr/libzephyr.a(cbprintf_complete.c.obj)
 .text.z_cbvprintf_impl
                0x0000000000003090      0x6b0 zephyr/libzephyr.a(cbprintf_complete.c.obj)
                0x0000000000003090                z_cbvprintf_impl
 .text.sys_reboot
                0x0000000000003740       0x30 zephyr/libzephyr.a(reboot.c.obj)
                0x0000000000003740                sys_reboot
 .text.z_arm_platform_init
                0x0000000000003770        0x4 zephyr/libzephyr.a(soc_nrf_common.S.obj)
                0x0000000000003770                z_arm_platform_init
 .text.nvs_startup
                0x0000000000003774      0x324 zephyr/libzephyr.a(nvs.c.obj)
 .text.nvs_mount
                0x0000000000003a98      0x420 zephyr/libzephyr.a(nvs.c.obj)
                0x0000000000003a98                nvs_mount
 .text.nvs_write
                0x0000000000003eb8      0x1bc zephyr/libzephyr.a(nvs.c.obj)
                0x0000000000003eb8                nvs_write
 .text.nvs_read_hist
                0x0000000000004074      0x130 zephyr/libzephyr.a(nvs.c.obj)
                0x0000000000004074                nvs_read_hist
 .text.log_backend_notify_all
                0x00000000000041a4       0x30 zephyr/libzephyr.a(log_core.c.obj)
 .text.activate_foreach_backend
                0x00000000000041d4       0x64 zephyr/libzephyr.a(log_core.c.obj)
 .text.z_log_init
                0x0000000000004238       0x98 zephyr/libzephyr.a(log_core.c.obj)
 .text.thread_set
                0x00000000000042d0       0x28 zephyr/libzephyr.a(log_core.c.obj)
 .text.log_process_thread_timer_expiry_fn
                0x00000000000042f8       0x10 zephyr/libzephyr.a(log_core.c.obj)
 .text.msg_filter_check
                0x0000000000004308       0x48 zephyr/libzephyr.a(log_core.c.obj)
 .text.msg_process
                0x0000000000004350       0x3c zephyr/libzephyr.a(log_core.c.obj)
 .text.enable_logger
                0x000000000000438c       0x5c zephyr/libzephyr.a(log_core.c.obj)
 .text.log_format_func_t_get
                0x00000000000043e8        0xc zephyr/libzephyr.a(log_core.c.obj)
                0x00000000000043e8                log_format_func_t_get
 .text.log_set_timestamp_func
                0x00000000000043f4       0x24 zephyr/libzephyr.a(log_core.c.obj)
                0x00000000000043f4                log_set_timestamp_func
 .text.z_log_notify_backend_enabled
                0x0000000000004418       0x20 zephyr/libzephyr.a(log_core.c.obj)
                0x0000000000004418                z_log_notify_backend_enabled
 .text.z_log_dropped
                0x0000000000004438       0x40 zephyr/libzephyr.a(log_core.c.obj)
                0x0000000000004438                z_log_dropped
 .text.z_log_dropped_read_and_clear
                0x0000000000004478       0x20 zephyr/libzephyr.a(log_core.c.obj)
                0x0000000000004478                z_log_dropped_read_and_clear
 .text.dropped_notify
                0x0000000000004498       0x38 zephyr/libzephyr.a(log_core.c.obj)
                0x0000000000004498                dropped_notify
 .text.z_log_dropped_pending
                0x00000000000044d0       0x14 zephyr/libzephyr.a(log_core.c.obj)
                0x00000000000044d0                z_log_dropped_pending
 .text.z_log_msg_init
                0x00000000000044e4       0x20 zephyr/libzephyr.a(log_core.c.obj)
                0x00000000000044e4                z_log_msg_init
 .text.log_core_init
                0x0000000000004504       0x34 zephyr/libzephyr.a(log_core.c.obj)
                0x0000000000004504                log_core_init
 .text.z_log_msg_alloc
                0x0000000000004538       0x10 zephyr/libzephyr.a(log_core.c.obj)
                0x0000000000004538                z_log_msg_alloc
 .text.z_log_msg_local_claim
                0x0000000000004548       0x10 zephyr/libzephyr.a(log_core.c.obj)
                0x0000000000004548                z_log_msg_local_claim
 .text.z_log_msg_free
                0x0000000000004558       0x14 zephyr/libzephyr.a(log_core.c.obj)
                0x0000000000004558                z_log_msg_free
 .text.z_log_msg_pending
                0x000000000000456c       0x10 zephyr/libzephyr.a(log_core.c.obj)
                0x000000000000456c                z_log_msg_pending
 .text.z_impl_log_process
                0x000000000000457c       0xbc zephyr/libzephyr.a(log_core.c.obj)
                0x000000000000457c                z_impl_log_process
 .text.z_impl_log_panic
                0x0000000000004638       0x4c zephyr/libzephyr.a(log_core.c.obj)
                0x0000000000004638                z_impl_log_panic
 .text.z_log_msg_post_finalize
                0x0000000000004684       0x88 zephyr/libzephyr.a(log_core.c.obj)
 .text.z_log_msg_commit
                0x000000000000470c       0x20 zephyr/libzephyr.a(log_core.c.obj)
                0x000000000000470c                z_log_msg_commit
 .text.log_process_thread_func
                0x000000000000472c       0x70 zephyr/libzephyr.a(log_core.c.obj)
 .text.log_mem_get_usage
                0x000000000000479c       0x14 zephyr/libzephyr.a(log_core.c.obj)
                0x000000000000479c                log_mem_get_usage
 .text.log_mem_get_max_usage
                0x00000000000047b0       0x10 zephyr/libzephyr.a(log_core.c.obj)
                0x00000000000047b0                log_mem_get_max_usage
 .text.get_dynamic_filter
                0x00000000000047c0        0xc zephyr/libzephyr.a(log_mgmt.c.obj)
 .text.log_src_cnt_get
                0x00000000000047cc       0x14 zephyr/libzephyr.a(log_mgmt.c.obj)
                0x00000000000047cc                log_src_cnt_get
 .text.log_source_name_get
                0x00000000000047e0       0x1c zephyr/libzephyr.a(log_mgmt.c.obj)
                0x00000000000047e0                log_source_name_get
 .text.log_compiled_level_get
                0x00000000000047fc       0x20 zephyr/libzephyr.a(log_mgmt.c.obj)
                0x00000000000047fc                log_compiled_level_get
 .text.z_log_runtime_filters_init
                0x000000000000481c       0x44 zephyr/libzephyr.a(log_mgmt.c.obj)
                0x000000000000481c                z_log_runtime_filters_init
 .text.z_impl_log_filter_set
                0x0000000000004860       0x5c zephyr/libzephyr.a(log_mgmt.c.obj)
                0x0000000000004860                z_impl_log_filter_set
 .text.log_backend_enable
                0x00000000000048bc       0x30 zephyr/libzephyr.a(log_mgmt.c.obj)
                0x00000000000048bc                log_backend_enable
 .text.cbprintf_package_copy
                0x00000000000048ec       0x30 zephyr/libzephyr.a(log_msg.c.obj)
 .text.z_impl_z_log_msg_static_create
                0x000000000000491c      0x164 zephyr/libzephyr.a(log_msg.c.obj)
                0x000000000000491c                z_impl_z_log_msg_static_create
 .text.print_formatted
                0x0000000000004a80       0x28 zephyr/libzephyr.a(log_output.c.obj)
 .text.timestamp_print
                0x0000000000004aa8       0x8c zephyr/libzephyr.a(log_output.c.obj)
 .text.color_print
                0x0000000000004b34       0x2c zephyr/libzephyr.a(log_output.c.obj)
 .text.ids_print
                0x0000000000004b60       0x6c zephyr/libzephyr.a(log_output.c.obj)
 .text.prefix_print
                0x0000000000004bcc       0x74 zephyr/libzephyr.a(log_output.c.obj)
 .text.newline_print
                0x0000000000004c40       0x28 zephyr/libzephyr.a(log_output.c.obj)
 .text.hexdump_line_print
                0x0000000000004c68       0xbc zephyr/libzephyr.a(log_output.c.obj)
 .text.log_output_process
                0x0000000000004d24       0x80 zephyr/libzephyr.a(log_output.c.obj)
                0x0000000000004d24                log_output_process
 .text.log_output_msg_process
                0x0000000000004da4       0x6c zephyr/libzephyr.a(log_output.c.obj)
                0x0000000000004da4                log_output_msg_process
 .text.log_output_dropped_process
                0x0000000000004e10       0x58 zephyr/libzephyr.a(log_output.c.obj)
                0x0000000000004e10                log_output_dropped_process
 .text.log_output_timestamp_freq_set
                0x0000000000004e68       0x2c zephyr/libzephyr.a(log_output.c.obj)
                0x0000000000004e68                log_output_timestamp_freq_set
 .text.severity_lvl_get
                0x0000000000004e94       0x24 zephyr/libzephyr.a(log_cmds.c.obj)
 .text.backend_name_get
                0x0000000000004eb8       0x30 zephyr/libzephyr.a(log_cmds.c.obj)
 .text.module_name_get
                0x0000000000004ee8       0x20 zephyr/libzephyr.a(log_cmds.c.obj)
 .text.shell_state_precheck
                0x0000000000004f08       0x20 zephyr/libzephyr.a(log_cmds.c.obj)
 .text.cmd_log_backends_list
                0x0000000000004f28       0x4c zephyr/libzephyr.a(log_cmds.c.obj)
 .text.log_status
                0x0000000000004f74       0xa4 zephyr/libzephyr.a(log_cmds.c.obj)
 .text.backend_find
                0x0000000000005018       0x34 zephyr/libzephyr.a(log_cmds.c.obj)
 .text.shell_backend_cmd_execute
                0x000000000000504c       0x40 zephyr/libzephyr.a(log_cmds.c.obj)
 .text.cmd_log_backend_status
                0x000000000000508c       0x10 zephyr/libzephyr.a(log_cmds.c.obj)
 .text.cmd_log_backend_halt
                0x000000000000509c       0x10 zephyr/libzephyr.a(log_cmds.c.obj)
 .text.cmd_log_backend_go
                0x00000000000050ac       0x10 zephyr/libzephyr.a(log_cmds.c.obj)
 .text.cmd_log_backend_enable
                0x00000000000050bc       0x10 zephyr/libzephyr.a(log_cmds.c.obj)
 .text.cmd_log_backend_disable
                0x00000000000050cc       0x10 zephyr/libzephyr.a(log_cmds.c.obj)
 .text.severity_level_get
                0x00000000000050dc       0x2c zephyr/libzephyr.a(log_cmds.c.obj)
 .text.filters_set
                0x0000000000005108       0xb0 zephyr/libzephyr.a(log_cmds.c.obj)
 .text.log_enable
                0x00000000000051b8       0x44 zephyr/libzephyr.a(log_cmds.c.obj)
 .text.cmd_log_mem
                0x00000000000051fc       0x88 zephyr/libzephyr.a(log_cmds.c.obj)
 .text.log_backend_rtt_init
                0x0000000000005284       0x1c zephyr/libzephyr.a(log_backend_rtt.c.obj)
 .text.format_set
                0x00000000000052a0        0xc zephyr/libzephyr.a(log_backend_rtt.c.obj)
 .text.on_failed_write
                0x00000000000052ac       0x2c zephyr/libzephyr.a(log_backend_rtt.c.obj)
 .text.on_write
                0x00000000000052d8       0x38 zephyr/libzephyr.a(log_backend_rtt.c.obj)
 .text.data_out_block_mode
                0x0000000000005310       0x70 zephyr/libzephyr.a(log_backend_rtt.c.obj)
 .text.panic    0x0000000000005380       0x18 zephyr/libzephyr.a(log_backend_rtt.c.obj)
 .text.dropped  0x0000000000005398       0x10 zephyr/libzephyr.a(log_backend_rtt.c.obj)
 .text.process  0x00000000000053a8       0x20 zephyr/libzephyr.a(log_backend_rtt.c.obj)
 .text.pm_state_notify
                0x00000000000053c8       0x5c zephyr/libzephyr.a(pm.c.obj)
 .text.pm_exit_pos_ops
                0x0000000000005424       0x20 zephyr/libzephyr.a(pm.c.obj)
 .text.pm_resume_devices
                0x0000000000005444       0x2c zephyr/libzephyr.a(pm.c.obj)
 .text.pm_suspend_devices
                0x0000000000005470      0x194 zephyr/libzephyr.a(pm.c.obj)
 .text.pm_system_resume
                0x0000000000005604       0x48 zephyr/libzephyr.a(pm.c.obj)
                0x0000000000005604                pm_system_resume
 .text.pm_system_suspend
                0x000000000000564c      0x188 zephyr/libzephyr.a(pm.c.obj)
                0x000000000000564c                pm_system_suspend
 .text.pm_policy_next_state
                0x00000000000057d4       0x98 zephyr/libzephyr.a(policy.c.obj)
                0x00000000000057d4                pm_policy_next_state
 .text.pm_state_cpu_get_all
                0x000000000000586c       0x10 zephyr/libzephyr.a(state.c.obj)
                0x000000000000586c                pm_state_cpu_get_all
 .text.pm_device_state_str
                0x000000000000587c       0x2c zephyr/libzephyr.a(device.c.obj)
                0x000000000000587c                pm_device_state_str
 .text.pm_device_action_run
                0x00000000000058a8       0xa8 zephyr/libzephyr.a(device.c.obj)
                0x00000000000058a8                pm_device_action_run
 .text.cmd_kernel_log_level_set
                0x0000000000005950       0x84 zephyr/libzephyr.a(kernel_service.c.obj)
 .text.cmd_kernel_sleep
                0x00000000000059d4       0x38 zephyr/libzephyr.a(kernel_service.c.obj)
 .text.cmd_kernel_version
                0x0000000000005a0c       0x2c zephyr/libzephyr.a(kernel_service.c.obj)
 .text.cmd_kernel_uptime
                0x0000000000005a38       0x1c zephyr/libzephyr.a(kernel_service.c.obj)
 .text.cmd_kernel_threads
                0x0000000000005a54       0x38 zephyr/libzephyr.a(kernel_service.c.obj)
 .text.shell_tdata_dump
                0x0000000000005a8c       0xc8 zephyr/libzephyr.a(kernel_service.c.obj)
 .text.shell_stack_dump
                0x0000000000005b54       0x68 zephyr/libzephyr.a(kernel_service.c.obj)
 .text.cmd_kernel_stacks
                0x0000000000005bbc       0xa4 zephyr/libzephyr.a(kernel_service.c.obj)
 .text.cmd_kernel_cycles
                0x0000000000005c60       0x1c zephyr/libzephyr.a(kernel_service.c.obj)
 .text.get_device_name
                0x0000000000005c7c       0x20 zephyr/libzephyr.a(device_service.c.obj)
 .text.cmd_device_list_visitor
                0x0000000000005c9c       0x20 zephyr/libzephyr.a(device_service.c.obj)
 .text.cmd_device_list
                0x0000000000005cbc       0xa8 zephyr/libzephyr.a(device_service.c.obj)
 .text.device_get_config_level
                0x0000000000005d64       0x58 zephyr/libzephyr.a(device_service.c.obj)
 .text.cmd_device_levels
                0x0000000000005dbc       0xc0 zephyr/libzephyr.a(device_service.c.obj)
 .text.memory_read
                0x0000000000005e7c       0x40 zephyr/libzephyr.a(devmem_service.c.obj)
 .text.memory_write
                0x0000000000005ebc       0x38 zephyr/libzephyr.a(devmem_service.c.obj)
 .text.cmd_devmem
                0x0000000000005ef4       0x8c zephyr/libzephyr.a(devmem_service.c.obj)
 .text.set_bypass
                0x0000000000005f80       0x54 zephyr/libzephyr.a(devmem_service.c.obj)
 .text.cmd_load
                0x0000000000005fd4       0xc4 zephyr/libzephyr.a(devmem_service.c.obj)
 .text.bypass_cb
                0x0000000000006098      0x17c zephyr/libzephyr.a(devmem_service.c.obj)
 .text.memory_dump
                0x0000000000006214       0xd8 zephyr/libzephyr.a(devmem_service.c.obj)
 .text.cmd_dump
                0x00000000000062ec      0x12c zephyr/libzephyr.a(devmem_service.c.obj)
 .text.uart_irq_init
                0x0000000000006418       0x40 zephyr/libzephyr.a(shell_uart.c.obj)
 .text.uart_rx_handle
                0x0000000000006458       0xd8 zephyr/libzephyr.a(shell_uart.c.obj)
 .text.enable_shell_uart
                0x0000000000006530       0x38 zephyr/libzephyr.a(shell_uart.c.obj)
 .text.state_set
                0x0000000000006568       0x4c zephyr/libzephyr.a(shell.c.obj)
 .text.instance_init
                0x00000000000065b4       0xb8 zephyr/libzephyr.a(shell.c.obj)
 .text.z_clear_eos
                0x000000000000666c       0x20 zephyr/libzephyr.a(shell.c.obj)
 .text.shell_internal_help_print
                0x000000000000668c       0x20 zephyr/libzephyr.a(shell.c.obj)
 .text.cmd_precheck
                0x00000000000066ac       0x28 zephyr/libzephyr.a(shell.c.obj)
 .text.exec_cmd
                0x00000000000066d4       0xc4 zephyr/libzephyr.a(shell.c.obj)
 .text.wildcard_check_report
                0x0000000000006798       0x30 zephyr/libzephyr.a(shell.c.obj)
 .text.execute  0x00000000000067c8      0x238 zephyr/libzephyr.a(shell.c.obj)
 .text.tab_item_print
                0x0000000000006a00       0x90 zephyr/libzephyr.a(shell.c.obj)
 .text.tab_options_print
                0x0000000000006a90       0x80 zephyr/libzephyr.a(shell.c.obj)
 .text.ctrl_metakeys_handle
                0x0000000000006b10       0xec zephyr/libzephyr.a(shell.c.obj)
 .text.state_collect
                0x0000000000006bfc      0x31c zephyr/libzephyr.a(shell.c.obj)
 .text.shell_init
                0x0000000000006f18       0x60 zephyr/libzephyr.a(shell.c.obj)
                0x0000000000006f18                shell_init
 .text.shell_start
                0x0000000000006f78       0x5c zephyr/libzephyr.a(shell.c.obj)
                0x0000000000006f78                shell_start
 .text.shell_thread
                0x0000000000006fd4       0xc8 zephyr/libzephyr.a(shell.c.obj)
                0x0000000000006fd4                shell_thread
 .text.cmd_help
                0x000000000000709c       0x4c zephyr/libzephyr.a(shell.c.obj)
 .text.shell_hexdump_line
                0x00000000000070e8       0xc8 zephyr/libzephyr.a(shell.c.obj)
                0x00000000000070e8                shell_hexdump_line
 .text.z_shell_fprintf_fmt
                0x00000000000071b0       0x2c zephyr/libzephyr.a(shell_fprintf.c.obj)
                0x00000000000071b0                z_shell_fprintf_fmt
 .text.z_shell_cmd_get
                0x00000000000071dc       0x7c zephyr/libzephyr.a(shell_utils.c.obj)
                0x00000000000071dc                z_shell_cmd_get
 .text.z_cursor_save
                0x0000000000007258       0x20 zephyr/libzephyr.a(shell_ops.c.obj)
 .text.z_clear_eos
                0x0000000000007278       0x20 zephyr/libzephyr.a(shell_ops.c.obj)
 .text.z_cursor_restore
                0x0000000000007298       0x20 zephyr/libzephyr.a(shell_ops.c.obj)
 .text.vt100_bgcolor_set
                0x00000000000072b8       0x38 zephyr/libzephyr.a(shell_ops.c.obj)
 .text.z_shell_op_cursor_vert_move
                0x00000000000072f0       0x34 zephyr/libzephyr.a(shell_ops.c.obj)
                0x00000000000072f0                z_shell_op_cursor_vert_move
 .text.z_shell_op_cursor_horiz_move
                0x0000000000007324       0x34 zephyr/libzephyr.a(shell_ops.c.obj)
                0x0000000000007324                z_shell_op_cursor_horiz_move
 .text.char_replace
                0x0000000000007358       0x50 zephyr/libzephyr.a(shell_ops.c.obj)
 .text.z_shell_op_cond_next_line
                0x00000000000073a8       0x20 zephyr/libzephyr.a(shell_ops.c.obj)
                0x00000000000073a8                z_shell_op_cond_next_line
 .text.z_shell_op_cursor_position_synchronize
                0x00000000000073c8       0x58 zephyr/libzephyr.a(shell_ops.c.obj)
                0x00000000000073c8                z_shell_op_cursor_position_synchronize
 .text.z_shell_print_cmd
                0x0000000000007420       0x14 zephyr/libzephyr.a(shell_ops.c.obj)
                0x0000000000007420                z_shell_print_cmd
 .text.z_shell_vt100_color_set
                0x0000000000007434       0x54 zephyr/libzephyr.a(shell_ops.c.obj)
                0x0000000000007434                z_shell_vt100_color_set
 .text.z_shell_op_word_remove
                0x0000000000007488       0x98 zephyr/libzephyr.a(shell_ops.c.obj)
                0x0000000000007488                z_shell_op_word_remove
 .text.reprint_from_cursor
                0x0000000000007520       0x80 zephyr/libzephyr.a(shell_ops.c.obj)
 .text.print_prompt
                0x00000000000075a0       0x14 zephyr/libzephyr.a(shell_ops.c.obj)
 .text.formatted_text_print
                0x00000000000075b4      0x100 zephyr/libzephyr.a(shell_help.c.obj)
 .text.help_item_print
                0x00000000000076b4       0x78 zephyr/libzephyr.a(shell_help.c.obj)
 .text.z_shell_help_cmd_print
                0x000000000000772c       0x4c zephyr/libzephyr.a(shell_help.c.obj)
                0x000000000000772c                z_shell_help_cmd_print
 .text.z_shell_help_request
                0x0000000000007778       0x28 zephyr/libzephyr.a(shell_help.c.obj)
                0x0000000000007778                z_shell_help_request
 .text.cmd_clear
                0x00000000000077a0       0x3c zephyr/libzephyr.a(shell_cmds.c.obj)
 .text.z_cursor_save
                0x00000000000077dc       0x20 zephyr/libzephyr.a(shell_cmds.c.obj)
 .text.z_cursor_restore
                0x00000000000077fc       0x20 zephyr/libzephyr.a(shell_cmds.c.obj)
 .text.cmd_resize_default
                0x000000000000781c       0x30 zephyr/libzephyr.a(shell_cmds.c.obj)
 .text.cmd_shell_stats_show
                0x000000000000784c       0x18 zephyr/libzephyr.a(shell_cmds.c.obj)
 .text.cmd_echo
                0x0000000000007864       0x58 zephyr/libzephyr.a(shell_cmds.c.obj)
 .text.cmd_backends
                0x00000000000078bc       0x48 zephyr/libzephyr.a(shell_cmds.c.obj)
 .text.cmd_history
                0x0000000000007904       0x4c zephyr/libzephyr.a(shell_cmds.c.obj)
 .text.cursor_position_get
                0x0000000000007950      0x14c zephyr/libzephyr.a(shell_cmds.c.obj)
 .text.cmd_resize
                0x0000000000007a9c       0x54 zephyr/libzephyr.a(shell_cmds.c.obj)
 .text.commands_expand
                0x0000000000007af0       0x90 zephyr/libzephyr.a(shell_wildcard.c.obj)
 .text.z_arm_cpu_idle_init
                0x0000000000007b80        0xc zephyr/arch/arch/arm/core/aarch32/libarch__arm__core__aarch32.a(cpu_idle.S.obj)
                0x0000000000007b80                z_arm_cpu_idle_init
 .text.arch_cpu_idle
                0x0000000000007b8c       0x1c zephyr/arch/arch/arm/core/aarch32/libarch__arm__core__aarch32.a(cpu_idle.S.obj)
                0x0000000000007b8c                arch_cpu_idle
 .text.arch_cpu_atomic_idle
                0x0000000000007ba8       0x18 zephyr/arch/arch/arm/core/aarch32/libarch__arm__core__aarch32.a(cpu_idle.S.obj)
                0x0000000000007ba8                arch_cpu_atomic_idle
 .text.esf_dump
                0x0000000000007bc0      0x268 zephyr/arch/arch/arm/core/aarch32/libarch__arm__core__aarch32.a(fatal.c.obj)
 .text.__NVIC_EnableIRQ
                0x0000000000007e28       0x1c zephyr/arch/arch/arm/core/aarch32/libarch__arm__core__aarch32.a(irq_manage.c.obj)
 .text.__NVIC_DisableIRQ
                0x0000000000007e44       0x24 zephyr/arch/arch/arm/core/aarch32/libarch__arm__core__aarch32.a(irq_manage.c.obj)
 .text.__NVIC_SetPriority
                0x0000000000007e68       0x28 zephyr/arch/arch/arm/core/aarch32/libarch__arm__core__aarch32.a(irq_manage.c.obj)
 .text.arch_irq_is_enabled
                0x0000000000007e90       0x1c zephyr/arch/arch/arm/core/aarch32/libarch__arm__core__aarch32.a(irq_manage.c.obj)
                0x0000000000007e90                arch_irq_is_enabled
 .text.z_SysNmiOnReset
                0x0000000000007eac        0x8 zephyr/arch/arch/arm/core/aarch32/libarch__arm__core__aarch32.a(nmi_on_reset.S.obj)
                0x0000000000007eac                z_SysNmiOnReset
 .text.z_arm_prep_c
                0x0000000000007eb4       0x38 zephyr/arch/arch/arm/core/aarch32/libarch__arm__core__aarch32.a(prep_c.c.obj)
                0x0000000000007eb4                z_arm_prep_c
 .text.arch_swap
                0x0000000000007eec       0x38 zephyr/arch/arch/arm/core/aarch32/libarch__arm__core__aarch32.a(swap.c.obj)
                0x0000000000007eec                arch_swap
 .text.z_arm_pendsv
                0x0000000000007f24       0x4c zephyr/arch/arch/arm/core/aarch32/libarch__arm__core__aarch32.a(swap_helper.S.obj)
                0x0000000000007f24                z_arm_pendsv
 .text.z_arm_svc
                0x0000000000007f70       0x20 zephyr/arch/arch/arm/core/aarch32/libarch__arm__core__aarch32.a(swap_helper.S.obj)
                0x0000000000007f70                z_arm_svc
 .text.arch_new_thread
                0x0000000000007f90       0x44 zephyr/arch/arch/arm/core/aarch32/libarch__arm__core__aarch32.a(thread.c.obj)
                0x0000000000007f90                arch_new_thread
 .text.arch_switch_to_main_thread
                0x0000000000007fd4       0x24 zephyr/arch/arch/arm/core/aarch32/libarch__arm__core__aarch32.a(thread.c.obj)
                0x0000000000007fd4                arch_switch_to_main_thread
 .text._isr_wrapper
                0x0000000000007ff8       0x40 zephyr/arch/arch/arm/core/aarch32/libarch__arm__core__aarch32.a(isr_wrapper.S.obj)
                0x0000000000007ff8                _isr_wrapper
 .text._HandlerModeExit
                0x0000000000008038       0x1c zephyr/arch/arch/arm/core/aarch32/cortex_m/libarch__arm__core__aarch32__cortex_m.a(exc_exit.S.obj)
                0x0000000000008038                z_arm_int_exit
                0x0000000000008038                z_arm_exc_exit
 .text.z_arm_is_synchronous_svc
                0x0000000000008054       0x3c zephyr/arch/arch/arm/core/aarch32/cortex_m/libarch__arm__core__aarch32__cortex_m.a(fault.c.obj)
 .text.get_esf  0x0000000000008090       0x98 zephyr/arch/arch/arm/core/aarch32/cortex_m/libarch__arm__core__aarch32__cortex_m.a(fault.c.obj)
 .text.mem_manage_fault
                0x0000000000008128      0x33c zephyr/arch/arch/arm/core/aarch32/cortex_m/libarch__arm__core__aarch32__cortex_m.a(fault.c.obj)
 .text.bus_fault
                0x0000000000008464      0x380 zephyr/arch/arch/arm/core/aarch32/cortex_m/libarch__arm__core__aarch32__cortex_m.a(fault.c.obj)
 .text.usage_fault
                0x00000000000087e4      0x2d8 zephyr/arch/arch/arm/core/aarch32/cortex_m/libarch__arm__core__aarch32__cortex_m.a(fault.c.obj)
 .text.hard_fault
                0x0000000000008abc      0x25c zephyr/arch/arch/arm/core/aarch32/cortex_m/libarch__arm__core__aarch32__cortex_m.a(fault.c.obj)
 .text.debug_monitor
                0x0000000000008d18       0x68 zephyr/arch/arch/arm/core/aarch32/cortex_m/libarch__arm__core__aarch32__cortex_m.a(fault.c.obj)
 .text.reserved_exception
                0x0000000000008d80       0xe8 zephyr/arch/arch/arm/core/aarch32/cortex_m/libarch__arm__core__aarch32__cortex_m.a(fault.c.obj)
 .text.z_arm_fault
                0x0000000000008e68       0x74 zephyr/arch/arch/arm/core/aarch32/cortex_m/libarch__arm__core__aarch32__cortex_m.a(fault.c.obj)
                0x0000000000008e68                z_arm_fault
 .text.z_arm_fault_init
                0x0000000000008edc       0x10 zephyr/arch/arch/arm/core/aarch32/cortex_m/libarch__arm__core__aarch32__cortex_m.a(fault.c.obj)
                0x0000000000008edc                z_arm_fault_init
 .text.__fault  0x0000000000008eec       0x14 zephyr/arch/arch/arm/core/aarch32/cortex_m/libarch__arm__core__aarch32__cortex_m.a(fault_s.S.obj)
                0x0000000000008eec                z_arm_usage_fault
                0x0000000000008eec                z_arm_mpu_fault
                0x0000000000008eec                z_arm_exc_spurious
                0x0000000000008eec                z_arm_debug_monitor
                0x0000000000008eec                z_arm_hard_fault
                0x0000000000008eec                z_arm_bus_fault
 .text.z_arm_interrupt_init
                0x0000000000008f00       0x34 zephyr/arch/arch/arm/core/aarch32/cortex_m/libarch__arm__core__aarch32__cortex_m.a(irq_init.c.obj)
                0x0000000000008f00                z_arm_interrupt_init
 .text._reset_section
                0x0000000000008f34       0x6c zephyr/arch/arch/arm/core/aarch32/cortex_m/libarch__arm__core__aarch32__cortex_m.a(reset.S.obj)
                0x0000000000008f34                __start
                0x0000000000008f34                z_arm_reset
 .text.z_arm_clear_arm_mpu_config
                0x0000000000008fa0       0x28 zephyr/arch/arch/arm/core/aarch32/cortex_m/libarch__arm__core__aarch32__cortex_m.a(scb.c.obj)
                0x0000000000008fa0                z_arm_clear_arm_mpu_config
 .text.z_arm_init_arch_hw_at_boot
                0x0000000000008fc8       0x54 zephyr/arch/arch/arm/core/aarch32/cortex_m/libarch__arm__core__aarch32__cortex_m.a(scb.c.obj)
                0x0000000000008fc8                z_arm_init_arch_hw_at_boot
 .text.z_impl_k_thread_abort
                0x000000000000901c       0x34 zephyr/arch/arch/arm/core/aarch32/cortex_m/libarch__arm__core__aarch32__cortex_m.a(thread_abort.c.obj)
                0x000000000000901c                z_impl_k_thread_abort
 .text.z_arm_configure_static_mpu_regions
                0x0000000000009050       0x1c zephyr/arch/arch/arm/core/aarch32/mpu/libarch__arm__core__aarch32__mpu.a(arm_core_mpu.c.obj)
                0x0000000000009050                z_arm_configure_static_mpu_regions
 .text.region_init
                0x000000000000906c       0x28 zephyr/arch/arch/arm/core/aarch32/mpu/libarch__arm__core__aarch32__mpu.a(arm_mpu.c.obj)
 .text.region_allocate_and_init
                0x0000000000009094       0xa4 zephyr/arch/arch/arm/core/aarch32/mpu/libarch__arm__core__aarch32__mpu.a(arm_mpu.c.obj)
 .text.mpu_configure_regions
                0x0000000000009138       0xdc zephyr/arch/arch/arm/core/aarch32/mpu/libarch__arm__core__aarch32__mpu.a(arm_mpu.c.obj)
 .text.mpu_configure_static_mpu_regions
                0x0000000000009214       0x14 zephyr/arch/arch/arm/core/aarch32/mpu/libarch__arm__core__aarch32__mpu.a(arm_mpu.c.obj)
 .text.arm_core_mpu_enable
                0x0000000000009228       0x18 zephyr/arch/arch/arm/core/aarch32/mpu/libarch__arm__core__aarch32__mpu.a(arm_mpu.c.obj)
                0x0000000000009228                arm_core_mpu_enable
 .text.arm_core_mpu_disable
                0x0000000000009240       0x14 zephyr/arch/arch/arm/core/aarch32/mpu/libarch__arm__core__aarch32__mpu.a(arm_mpu.c.obj)
                0x0000000000009240                arm_core_mpu_disable
 .text.z_arm_mpu_init
                0x0000000000009254       0x44 zephyr/arch/arch/arm/core/aarch32/mpu/libarch__arm__core__aarch32__mpu.a(arm_mpu.c.obj)
                0x0000000000009254                z_arm_mpu_init
 .text.__stdout_hook_install
                0x0000000000009298        0xc zephyr/lib/libc/minimal/liblib__libc__minimal.a(stdout_console.c.obj)
                0x0000000000009298                __stdout_hook_install
 .text.snprintf
                0x00000000000092a4       0x38 zephyr/lib/libc/minimal/liblib__libc__minimal.a(sprintf.c.obj)
                0x00000000000092a4                snprintf
 .text.__NVIC_SystemReset
                0x00000000000092dc       0x24 zephyr/soc/arm/nordic_nrf/nrf52/libsoc__arm__nordic_nrf__nrf52.a(soc.c.obj)
 .text.nordicsemi_nrf52_init
                0x0000000000009300       0x30 zephyr/soc/arm/nordic_nrf/nrf52/libsoc__arm__nordic_nrf__nrf52.a(soc.c.obj)
 .text.arch_busy_wait
                0x0000000000009330       0x18 zephyr/soc/arm/nordic_nrf/nrf52/libsoc__arm__nordic_nrf__nrf52.a(soc.c.obj)
                0x0000000000009330                arch_busy_wait
 .text.get_hf_flags
                0x0000000000009348        0x8 zephyr/drivers/clock_control/libdrivers__clock_control.a(clock_control_nrf.c.obj)
 .text.get_subsys
                0x0000000000009350       0x18 zephyr/drivers/clock_control/libdrivers__clock_control.a(clock_control_nrf.c.obj)
 .text.onoff_stop
                0x0000000000009368       0x20 zephyr/drivers/clock_control/libdrivers__clock_control.a(clock_control_nrf.c.obj)
 .text.onoff_start
                0x0000000000009388       0x34 zephyr/drivers/clock_control/libdrivers__clock_control.a(clock_control_nrf.c.obj)
 .text.clock_event_handler
                0x00000000000093bc       0x34 zephyr/drivers/clock_control/libdrivers__clock_control.a(clock_control_nrf.c.obj)
 .text.hfclk_start
                0x00000000000093f0       0x44 zephyr/drivers/clock_control/libdrivers__clock_control.a(clock_control_nrf.c.obj)
 .text.generic_hfclk_start
                0x0000000000009434       0x70 zephyr/drivers/clock_control/libdrivers__clock_control.a(clock_control_nrf.c.obj)
 .text.hfclk_stop
                0x00000000000094a4       0x44 zephyr/drivers/clock_control/libdrivers__clock_control.a(clock_control_nrf.c.obj)
 .text.generic_hfclk_stop
                0x00000000000094e8       0x38 zephyr/drivers/clock_control/libdrivers__clock_control.a(clock_control_nrf.c.obj)
 .text.lfclk_spinwait
                0x0000000000009520       0xcc zephyr/drivers/clock_control/libdrivers__clock_control.a(clock_control_nrf.c.obj)
 .text.api_blocking_start
                0x00000000000095ec       0x3c zephyr/drivers/clock_control/libdrivers__clock_control.a(clock_control_nrf.c.obj)
 .text.anomaly_132_workaround
                0x0000000000009628       0x20 zephyr/drivers/clock_control/libdrivers__clock_control.a(clock_control_nrf.c.obj)
 .text.clk_init
                0x0000000000009648       0x60 zephyr/drivers/clock_control/libdrivers__clock_control.a(clock_control_nrf.c.obj)
 .text.cmd_status
                0x00000000000096a8      0x12c zephyr/drivers/clock_control/libdrivers__clock_control.a(clock_control_nrf.c.obj)
 .text.z_nrf_clock_control_lf_on
                0x00000000000097d4       0x54 zephyr/drivers/clock_control/libdrivers__clock_control.a(clock_control_nrf.c.obj)
                0x00000000000097d4                z_nrf_clock_control_lf_on
 .text.rtt_console_init
                0x0000000000009828       0x18 zephyr/drivers/console/libdrivers__console.a(rtt_console.c.obj)
 .text.rtt_console_out
                0x0000000000009840       0x4c zephyr/drivers/console/libdrivers__console.a(rtt_console.c.obj)
 .text.console_out
                0x000000000000988c       0x28 zephyr/drivers/console/libdrivers__console.a(uart_console.c.obj)
 .text.uart_console_hook_install
                0x00000000000098b4       0x18 zephyr/drivers/console/libdrivers__console.a(uart_console.c.obj)
 .text.uart_console_init
                0x00000000000098cc       0x1c zephyr/drivers/console/libdrivers__console.a(uart_console.c.obj)
 .text.nvmc_wait_ready
                0x00000000000098e8       0x14 zephyr/drivers/flash/libdrivers__flash.a(soc_flash_nrf.c.obj)
 .text.flash_nrf_pages_layout
                0x00000000000098fc       0x10 zephyr/drivers/flash/libdrivers__flash.a(soc_flash_nrf.c.obj)
 .text.flash_nrf_get_parameters
                0x000000000000990c        0x8 zephyr/drivers/flash/libdrivers__flash.a(soc_flash_nrf.c.obj)
 .text.flash_nrf_erase
                0x0000000000009914      0x18c zephyr/drivers/flash/libdrivers__flash.a(soc_flash_nrf.c.obj)
 .text.flash_nrf_write
                0x0000000000009aa0      0x184 zephyr/drivers/flash/libdrivers__flash.a(soc_flash_nrf.c.obj)
 .text.flash_nrf_read
                0x0000000000009c24       0xc4 zephyr/drivers/flash/libdrivers__flash.a(soc_flash_nrf.c.obj)
 .text.nrf_flash_init
                0x0000000000009ce8       0x28 zephyr/drivers/flash/libdrivers__flash.a(soc_flash_nrf.c.obj)
 .text.device_name_get
                0x0000000000009d10       0x24 zephyr/drivers/flash/libdrivers__flash.a(flash_shell.c.obj)
 .text.cmd_flash
                0x0000000000009d34       0x20 zephyr/drivers/flash/libdrivers__flash.a(flash_shell.c.obj)
 .text.parse_helper
                0x0000000000009d54       0xb4 zephyr/drivers/flash/libdrivers__flash.a(flash_shell.c.obj)
 .text.cmd_page_info
                0x0000000000009e08       0x64 zephyr/drivers/flash/libdrivers__flash.a(flash_shell.c.obj)
 .text.cmd_erase
                0x0000000000009e6c       0x8c zephyr/drivers/flash/libdrivers__flash.a(flash_shell.c.obj)
 .text.set_bypass
                0x0000000000009ef8       0x4c zephyr/drivers/flash/libdrivers__flash.a(flash_shell.c.obj)
 .text.cmd_load
                0x0000000000009f44      0x114 zephyr/drivers/flash/libdrivers__flash.a(flash_shell.c.obj)
 .text.bypass_cb
                0x000000000000a058      0x170 zephyr/drivers/flash/libdrivers__flash.a(flash_shell.c.obj)
 .text.cmd_write
                0x000000000000a1c8       0xf8 zephyr/drivers/flash/libdrivers__flash.a(flash_shell.c.obj)
 .text.cmd_test
                0x000000000000a2c0      0x148 zephyr/drivers/flash/libdrivers__flash.a(flash_shell.c.obj)
 .text.cmd_read
                0x000000000000a408       0x98 zephyr/drivers/flash/libdrivers__flash.a(flash_shell.c.obj)
 .text.get_dev  0x000000000000a4a0       0x10 zephyr/drivers/gpio/libdrivers__gpio.a(gpio_nrfx.c.obj)
 .text.gpio_nrfx_pin_interrupt_configure
                0x000000000000a4b0       0xbc zephyr/drivers/gpio/libdrivers__gpio.a(gpio_nrfx.c.obj)
 .text.gpio_nrfx_pin_configure
                0x000000000000a56c      0x110 zephyr/drivers/gpio/libdrivers__gpio.a(gpio_nrfx.c.obj)
 .text.gpio_nrfx_init
                0x000000000000a67c       0x3c zephyr/drivers/gpio/libdrivers__gpio.a(gpio_nrfx.c.obj)
 .text.cause_to_string
                0x000000000000a6b8       0xf8 zephyr/drivers/hwinfo/libdrivers__hwinfo.a(hwinfo_shell.c.obj)
 .text.print_all_reset_causes
                0x000000000000a7b0       0x2c zephyr/drivers/hwinfo/libdrivers__hwinfo.a(hwinfo_shell.c.obj)
 .text.cmd_show_reset_cause
                0x000000000000a7dc       0x68 zephyr/drivers/hwinfo/libdrivers__hwinfo.a(hwinfo_shell.c.obj)
 .text.cmd_supported_reset_cause
                0x000000000000a844       0x6c zephyr/drivers/hwinfo/libdrivers__hwinfo.a(hwinfo_shell.c.obj)
 .text.cmd_clear_reset_cause
                0x000000000000a8b0       0x3c zephyr/drivers/hwinfo/libdrivers__hwinfo.a(hwinfo_shell.c.obj)
 .text.cmd_get_device_id
                0x000000000000a8ec       0x94 zephyr/drivers/hwinfo/libdrivers__hwinfo.a(hwinfo_shell.c.obj)
 .text.pinctrl_configure_pins
                0x000000000000a980      0x210 zephyr/drivers/pinctrl/libdrivers__pinctrl.a(pinctrl_nrf.c.obj)
                0x000000000000a980                pinctrl_configure_pins
 .text.event_txdrdy_check
                0x000000000000ab90       0x24 zephyr/drivers/serial/libdrivers__serial.a(uart_nrfx_uart.c.obj)
 .text.event_txdrdy_clear
                0x000000000000abb4       0x1c zephyr/drivers/serial/libdrivers__serial.a(uart_nrfx_uart.c.obj)
 .text.baudrate_set
                0x000000000000abd0      0x15c zephyr/drivers/serial/libdrivers__serial.a(uart_nrfx_uart.c.obj)
 .text.uart_nrfx_poll_in
                0x000000000000ad2c       0x28 zephyr/drivers/serial/libdrivers__serial.a(uart_nrfx_uart.c.obj)
 .text.uart_nrfx_err_check
                0x000000000000ad54       0x10 zephyr/drivers/serial/libdrivers__serial.a(uart_nrfx_uart.c.obj)
 .text.uart_nrfx_configure
                0x000000000000ad64       0x78 zephyr/drivers/serial/libdrivers__serial.a(uart_nrfx_uart.c.obj)
 .text.uart_nrfx_fifo_fill
                0x000000000000addc       0x34 zephyr/drivers/serial/libdrivers__serial.a(uart_nrfx_uart.c.obj)
 .text.uart_nrfx_fifo_read
                0x000000000000ae10       0x44 zephyr/drivers/serial/libdrivers__serial.a(uart_nrfx_uart.c.obj)
 .text.uart_nrfx_irq_tx_disable
                0x000000000000ae54        0xc zephyr/drivers/serial/libdrivers__serial.a(uart_nrfx_uart.c.obj)
 .text.uart_nrfx_irq_rx_enable
                0x000000000000ae60       0x10 zephyr/drivers/serial/libdrivers__serial.a(uart_nrfx_uart.c.obj)
 .text.uart_nrfx_irq_rx_disable
                0x000000000000ae70       0x10 zephyr/drivers/serial/libdrivers__serial.a(uart_nrfx_uart.c.obj)
 .text.uart_nrfx_irq_tx_ready_complete
                0x000000000000ae80       0x34 zephyr/drivers/serial/libdrivers__serial.a(uart_nrfx_uart.c.obj)
 .text.uart_nrfx_irq_rx_ready
                0x000000000000aeb4       0x14 zephyr/drivers/serial/libdrivers__serial.a(uart_nrfx_uart.c.obj)
 .text.uart_nrfx_irq_err_enable
                0x000000000000aec8       0x10 zephyr/drivers/serial/libdrivers__serial.a(uart_nrfx_uart.c.obj)
 .text.uart_nrfx_irq_err_disable
                0x000000000000aed8       0x10 zephyr/drivers/serial/libdrivers__serial.a(uart_nrfx_uart.c.obj)
 .text.uart_nrfx_irq_is_pending
                0x000000000000aee8       0x40 zephyr/drivers/serial/libdrivers__serial.a(uart_nrfx_uart.c.obj)
 .text.uart_nrfx_irq_callback_set
                0x000000000000af28       0x14 zephyr/drivers/serial/libdrivers__serial.a(uart_nrfx_uart.c.obj)
 .text.uart_nrfx_pm_action
                0x000000000000af3c       0x48 zephyr/drivers/serial/libdrivers__serial.a(uart_nrfx_uart.c.obj)
 .text.uart_nrfx_irq_tx_enable
                0x000000000000af84       0x50 zephyr/drivers/serial/libdrivers__serial.a(uart_nrfx_uart.c.obj)
 .text.uart_nrfx_poll_out
                0x000000000000afd4       0x78 zephyr/drivers/serial/libdrivers__serial.a(uart_nrfx_uart.c.obj)
 .text.uart_nrfx_init
                0x000000000000b04c       0x5c zephyr/drivers/serial/libdrivers__serial.a(uart_nrfx_uart.c.obj)
 .text.uart_nrfx_isr
                0x000000000000b0a8       0x5c zephyr/drivers/serial/libdrivers__serial.a(uart_nrfx_uart.c.obj)
 .text.get_nrf_spi_frequency
                0x000000000000b104       0x68 zephyr/drivers/spi/libdrivers__spi.a(spi_nrfx_spi.c.obj)
 .text.configure
                0x000000000000b16c      0x394 zephyr/drivers/spi/libdrivers__spi.a(spi_nrfx_spi.c.obj)
 .text.spi_context_wait_for_completion
                0x000000000000b500       0xe0 zephyr/drivers/spi/libdrivers__spi.a(spi_nrfx_spi.c.obj)
 .text.transfer_next_chunk
                0x000000000000b5e0       0x6c zephyr/drivers/spi/libdrivers__spi.a(spi_nrfx_spi.c.obj)
 .text.event_handler
                0x000000000000b64c      0x14c zephyr/drivers/spi/libdrivers__spi.a(spi_nrfx_spi.c.obj)
 .text.spi_context_cs_configure_all
                0x000000000000b798      0x104 zephyr/drivers/spi/libdrivers__spi.a(spi_nrfx_spi.c.obj)
 .text.set_comparator
                0x000000000000b89c       0x14 zephyr/drivers/timer/libdrivers__timer.a(nrf_rtc_timer.c.obj)
 .text.event_enable
                0x000000000000b8b0       0x14 zephyr/drivers/timer/libdrivers__timer.a(nrf_rtc_timer.c.obj)
 .text.event_disable
                0x000000000000b8c4       0x14 zephyr/drivers/timer/libdrivers__timer.a(nrf_rtc_timer.c.obj)
 .text.counter  0x000000000000b8d8        0xc zephyr/drivers/timer/libdrivers__timer.a(nrf_rtc_timer.c.obj)
 .text.set_alarm
                0x000000000000b8e4       0x6c zephyr/drivers/timer/libdrivers__timer.a(nrf_rtc_timer.c.obj)
 .text.int_event_disable_rtc
                0x000000000000b950       0x18 zephyr/drivers/timer/libdrivers__timer.a(nrf_rtc_timer.c.obj)
 .text.compare_int_lock
                0x000000000000b968       0x4c zephyr/drivers/timer/libdrivers__timer.a(nrf_rtc_timer.c.obj)
 .text.channel_processing_check_and_clear
                0x000000000000b9b4       0x60 zephyr/drivers/timer/libdrivers__timer.a(nrf_rtc_timer.c.obj)
 .text.compare_int_unlock
                0x000000000000ba14       0x60 zephyr/drivers/timer/libdrivers__timer.a(nrf_rtc_timer.c.obj)
 .text.sys_clock_timeout_handler
                0x000000000000ba74       0x50 zephyr/drivers/timer/libdrivers__timer.a(nrf_rtc_timer.c.obj)
 .text.z_nrf_rtc_timer_read
                0x000000000000bac4       0x40 zephyr/drivers/timer/libdrivers__timer.a(nrf_rtc_timer.c.obj)
                0x000000000000bac4                z_nrf_rtc_timer_read
 .text.compare_set_nolocks
                0x000000000000bb04       0x90 zephyr/drivers/timer/libdrivers__timer.a(nrf_rtc_timer.c.obj)
 .text.sys_clock_driver_init
                0x000000000000bb94       0x98 zephyr/drivers/timer/libdrivers__timer.a(nrf_rtc_timer.c.obj)
 .text.process_channel
                0x000000000000bc2c       0x7c zephyr/drivers/timer/libdrivers__timer.a(nrf_rtc_timer.c.obj)
 .text.rtc_nrf_isr
                0x000000000000bca8       0x44 zephyr/drivers/timer/libdrivers__timer.a(nrf_rtc_timer.c.obj)
                0x000000000000bca8                rtc_nrf_isr
 .text.sys_clock_set_timeout
                0x000000000000bcec       0x78 zephyr/drivers/timer/libdrivers__timer.a(nrf_rtc_timer.c.obj)
                0x000000000000bcec                sys_clock_set_timeout
 .text.sys_clock_elapsed
                0x000000000000bd64       0x14 zephyr/drivers/timer/libdrivers__timer.a(nrf_rtc_timer.c.obj)
                0x000000000000bd64                sys_clock_elapsed
 .text.sys_clock_disable
                0x000000000000bd78       0x28 zephyr/drivers/timer/libdrivers__timer.a(nrf_rtc_timer.c.obj)
                0x000000000000bd78                sys_clock_disable
 .text.k_sys_fatal_error_handler
                0x000000000000bda0       0x68 modules/nrf/lib/fatal_error/lib..__nrf__lib__fatal_error.a(fatal_error.c.obj)
                0x000000000000bda0                k_sys_fatal_error_handler
 .text.__NVIC_SystemReset
                0x000000000000be08       0x24 modules/hal_nordic/nrfx/libmodules__hal_nordic__nrfx.a(system_nrf52.c.obj)
 .text.nvmc_wait
                0x000000000000be2c       0x10 modules/hal_nordic/nrfx/libmodules__hal_nordic__nrfx.a(system_nrf52.c.obj)
                0x000000000000be2c                nvmc_wait
 .text.nvmc_config
                0x000000000000be3c       0x14 modules/hal_nordic/nrfx/libmodules__hal_nordic__nrfx.a(system_nrf52.c.obj)
                0x000000000000be3c                nvmc_config
 .text.SystemInit
                0x000000000000be50      0x1e0 modules/hal_nordic/nrfx/libmodules__hal_nordic__nrfx.a(system_nrf52.c.obj)
                0x000000000000be50                SystemInit
 .text.nrfx_flag32_alloc
                0x000000000000c030       0x50 modules/hal_nordic/nrfx/libmodules__hal_nordic__nrfx.a(nrfx_flag32_allocator.c.obj)
                0x000000000000c030                nrfx_flag32_alloc
 .text.nrfx_flag32_free
                0x000000000000c080       0x44 modules/hal_nordic/nrfx/libmodules__hal_nordic__nrfx.a(nrfx_flag32_allocator.c.obj)
                0x000000000000c080                nrfx_flag32_free
 .text.nrfx_clock_anomaly_132
                0x000000000000c0c4       0x40 modules/hal_nordic/nrfx/libmodules__hal_nordic__nrfx.a(nrfx_clock.c.obj)
 .text.clock_stop
                0x000000000000c104       0x8c modules/hal_nordic/nrfx/libmodules__hal_nordic__nrfx.a(nrfx_clock.c.obj)
 .text.nrfx_clock_init
                0x000000000000c190       0x28 modules/hal_nordic/nrfx/libmodules__hal_nordic__nrfx.a(nrfx_clock.c.obj)
                0x000000000000c190                nrfx_clock_init
 .text.nrfx_power_clock_irq_handler
                0x000000000000c1b8       0x7c modules/hal_nordic/nrfx/libmodules__hal_nordic__nrfx.a(nrfx_clock.c.obj)
                0x000000000000c1b8                nrfx_power_clock_irq_handler
 .text.pin_in_use
                0x000000000000c234       0x14 modules/hal_nordic/nrfx/libmodules__hal_nordic__nrfx.a(nrfx_gpiote.c.obj)
 .text.pin_in_use_by_te
                0x000000000000c248       0x14 modules/hal_nordic/nrfx/libmodules__hal_nordic__nrfx.a(nrfx_gpiote.c.obj)
 .text.pin_has_trigger
                0x000000000000c25c       0x18 modules/hal_nordic/nrfx/libmodules__hal_nordic__nrfx.a(nrfx_gpiote.c.obj)
 .text.pin_is_output
                0x000000000000c274       0x14 modules/hal_nordic/nrfx/libmodules__hal_nordic__nrfx.a(nrfx_gpiote.c.obj)
 .text.pin_te_get
                0x000000000000c288       0x10 modules/hal_nordic/nrfx/libmodules__hal_nordic__nrfx.a(nrfx_gpiote.c.obj)
 .text.handler_in_use
                0x000000000000c298       0x34 modules/hal_nordic/nrfx/libmodules__hal_nordic__nrfx.a(nrfx_gpiote.c.obj)
 .text.find_handler
                0x000000000000c2cc       0x2c modules/hal_nordic/nrfx/libmodules__hal_nordic__nrfx.a(nrfx_gpiote.c.obj)
 .text.get_initial_sense
                0x000000000000c2f8       0x40 modules/hal_nordic/nrfx/libmodules__hal_nordic__nrfx.a(nrfx_gpiote.c.obj)
 .text.channel_handler_get
                0x000000000000c338       0x20 modules/hal_nordic/nrfx/libmodules__hal_nordic__nrfx.a(nrfx_gpiote.c.obj)
 .text.call_handler
                0x000000000000c358       0x2c modules/hal_nordic/nrfx/libmodules__hal_nordic__nrfx.a(nrfx_gpiote.c.obj)
 .text.release_handler
                0x000000000000c384       0x44 modules/hal_nordic/nrfx/libmodules__hal_nordic__nrfx.a(nrfx_gpiote.c.obj)
 .text.pin_handler_trigger_uninit
                0x000000000000c3c8       0x38 modules/hal_nordic/nrfx/libmodules__hal_nordic__nrfx.a(nrfx_gpiote.c.obj)
 .text.pin_handler_set
                0x000000000000c400       0x6c modules/hal_nordic/nrfx/libmodules__hal_nordic__nrfx.a(nrfx_gpiote.c.obj)
 .text.port_event_handle
                0x000000000000c46c       0xa8 modules/hal_nordic/nrfx/libmodules__hal_nordic__nrfx.a(nrfx_gpiote.c.obj)
 .text.gpiote_evt_handle
                0x000000000000c514       0x44 modules/hal_nordic/nrfx/libmodules__hal_nordic__nrfx.a(nrfx_gpiote.c.obj)
 .text.nrfx_gpiote_input_configure
                0x000000000000c558      0x128 modules/hal_nordic/nrfx/libmodules__hal_nordic__nrfx.a(nrfx_gpiote.c.obj)
                0x000000000000c558                nrfx_gpiote_input_configure
 .text.nrfx_gpiote_output_configure
                0x000000000000c680       0xd4 modules/hal_nordic/nrfx/libmodules__hal_nordic__nrfx.a(nrfx_gpiote.c.obj)
                0x000000000000c680                nrfx_gpiote_output_configure
 .text.nrfx_gpiote_global_callback_set
                0x000000000000c754        0xc modules/hal_nordic/nrfx/libmodules__hal_nordic__nrfx.a(nrfx_gpiote.c.obj)
                0x000000000000c754                nrfx_gpiote_global_callback_set
 .text.nrfx_gpiote_channel_get
                0x000000000000c760       0x30 modules/hal_nordic/nrfx/libmodules__hal_nordic__nrfx.a(nrfx_gpiote.c.obj)
                0x000000000000c760                nrfx_gpiote_channel_get
 .text.nrfx_gpiote_init
                0x000000000000c790       0x54 modules/hal_nordic/nrfx/libmodules__hal_nordic__nrfx.a(nrfx_gpiote.c.obj)
                0x000000000000c790                nrfx_gpiote_init
 .text.nrfx_gpiote_is_init
                0x000000000000c7e4       0x14 modules/hal_nordic/nrfx/libmodules__hal_nordic__nrfx.a(nrfx_gpiote.c.obj)
                0x000000000000c7e4                nrfx_gpiote_is_init
 .text.nrfx_gpiote_channel_free
                0x000000000000c7f8       0x10 modules/hal_nordic/nrfx/libmodules__hal_nordic__nrfx.a(nrfx_gpiote.c.obj)
                0x000000000000c7f8                nrfx_gpiote_channel_free
 .text.nrfx_gpiote_channel_alloc
                0x000000000000c808       0x10 modules/hal_nordic/nrfx/libmodules__hal_nordic__nrfx.a(nrfx_gpiote.c.obj)
                0x000000000000c808                nrfx_gpiote_channel_alloc
 .text.nrfx_gpiote_trigger_enable
                0x000000000000c818       0x78 modules/hal_nordic/nrfx/libmodules__hal_nordic__nrfx.a(nrfx_gpiote.c.obj)
                0x000000000000c818                nrfx_gpiote_trigger_enable
 .text.nrfx_gpiote_trigger_disable
                0x000000000000c890       0x54 modules/hal_nordic/nrfx/libmodules__hal_nordic__nrfx.a(nrfx_gpiote.c.obj)
                0x000000000000c890                nrfx_gpiote_trigger_disable
 .text.nrfx_gpiote_pin_uninit
                0x000000000000c8e4       0x38 modules/hal_nordic/nrfx/libmodules__hal_nordic__nrfx.a(nrfx_gpiote.c.obj)
                0x000000000000c8e4                nrfx_gpiote_pin_uninit
 .text.nrfx_gpiote_irq_handler
                0x000000000000c91c       0x60 modules/hal_nordic/nrfx/libmodules__hal_nordic__nrfx.a(nrfx_gpiote.c.obj)
                0x000000000000c91c                nrfx_gpiote_irq_handler
 .text.nvmc_readonly_mode_set
                0x000000000000c97c       0x10 modules/hal_nordic/nrfx/libmodules__hal_nordic__nrfx.a(nrfx_nvmc.c.obj)
 .text.nvmc_write_mode_set
                0x000000000000c98c       0x10 modules/hal_nordic/nrfx/libmodules__hal_nordic__nrfx.a(nrfx_nvmc.c.obj)
 .text.nvmc_erase_mode_set
                0x000000000000c99c       0x10 modules/hal_nordic/nrfx/libmodules__hal_nordic__nrfx.a(nrfx_nvmc.c.obj)
 .text.nvmc_word_write
                0x000000000000c9ac       0x18 modules/hal_nordic/nrfx/libmodules__hal_nordic__nrfx.a(nrfx_nvmc.c.obj)
 .text.nrfx_nvmc_page_erase
                0x000000000000c9c4       0x38 modules/hal_nordic/nrfx/libmodules__hal_nordic__nrfx.a(nrfx_nvmc.c.obj)
                0x000000000000c9c4                nrfx_nvmc_page_erase
 .text.nrfx_spi_init
                0x000000000000c9fc       0x94 modules/hal_nordic/nrfx/libmodules__hal_nordic__nrfx.a(nrfx_spi.c.obj)
                0x000000000000c9fc                nrfx_spi_init
 .text.nrfx_spi_uninit
                0x000000000000ca90       0xb4 modules/hal_nordic/nrfx/libmodules__hal_nordic__nrfx.a(nrfx_spi.c.obj)
                0x000000000000ca90                nrfx_spi_uninit
 .text.nrfx_spi_xfer
                0x000000000000cb44       0x98 modules/hal_nordic/nrfx/libmodules__hal_nordic__nrfx.a(nrfx_spi.c.obj)
                0x000000000000cb44                nrfx_spi_xfer
 .text.nrfx_spi_1_irq_handler
                0x000000000000cbdc       0x14 modules/hal_nordic/nrfx/libmodules__hal_nordic__nrfx.a(nrfx_spi.c.obj)
                0x000000000000cbdc                nrfx_spi_1_irq_handler
 .text.nrfx_spi_2_irq_handler
                0x000000000000cbf0       0x14 modules/hal_nordic/nrfx/libmodules__hal_nordic__nrfx.a(nrfx_spi.c.obj)
                0x000000000000cbf0                nrfx_spi_2_irq_handler
 .text._DoInit  0x000000000000cc04       0x60 modules/segger/libmodules__segger.a(SEGGER_RTT.c.obj)
 .text.SEGGER_RTT_WriteSkipNoLock
                0x000000000000cc64       0xc8 modules/segger/libmodules__segger.a(SEGGER_RTT.c.obj)
                0x000000000000cc64                SEGGER_RTT_WriteSkipNoLock
 .text.SEGGER_RTT_WriteNoLock
                0x000000000000cd2c       0x6c modules/segger/libmodules__segger.a(SEGGER_RTT.c.obj)
                0x000000000000cd2c                SEGGER_RTT_WriteNoLock
 .text.SEGGER_RTT_HasDataUp
                0x000000000000cd98       0x20 modules/segger/libmodules__segger.a(SEGGER_RTT.c.obj)
                0x000000000000cd98                SEGGER_RTT_HasDataUp
 .text.zephyr_rtt_mutex_lock
                0x000000000000cdb8       0x18 modules/segger/libmodules__segger.a(SEGGER_RTT_zephyr.c.obj)
                0x000000000000cdb8                zephyr_rtt_mutex_lock
 .text.zephyr_rtt_mutex_unlock
                0x000000000000cdd0       0x10 modules/segger/libmodules__segger.a(SEGGER_RTT_zephyr.c.obj)
                0x000000000000cdd0                zephyr_rtt_mutex_unlock
 .text.device_visitor
                0x000000000000cde0       0x64 zephyr/kernel/libkernel.a(device.c.obj)
 .text.z_device_state_init
                0x000000000000ce44       0x18 zephyr/kernel/libkernel.a(device.c.obj)
                0x000000000000ce44                z_device_state_init
 .text.z_device_get_all_static
                0x000000000000ce5c       0x20 zephyr/kernel/libkernel.a(device.c.obj)
                0x000000000000ce5c                z_device_get_all_static
 .text.z_impl_device_get_binding
                0x000000000000ce7c       0x64 zephyr/kernel/libkernel.a(device.c.obj)
                0x000000000000ce7c                z_impl_device_get_binding
 .text.z_impl_z_errno
                0x000000000000cee0        0xc zephyr/kernel/libkernel.a(errno.c.obj)
                0x000000000000cee0                z_impl_z_errno
 .text.reason_to_str
                0x000000000000ceec       0x40 zephyr/kernel/libkernel.a(fatal.c.obj)
 .text.thread_name_get
                0x000000000000cf2c       0x20 zephyr/kernel/libkernel.a(fatal.c.obj)
 .text.z_fatal_error
                0x000000000000cf4c      0x244 zephyr/kernel/libkernel.a(fatal.c.obj)
                0x000000000000cf4c                z_fatal_error
 .text.z_sys_init_run_level
                0x000000000000d190       0x54 zephyr/kernel/libkernel.a(init.c.obj)
 .text.init_idle_thread
                0x000000000000d1e4       0x5c zephyr/kernel/libkernel.a(init.c.obj)
 .text.bg_thread_main
                0x000000000000d240       0x34 zephyr/kernel/libkernel.a(init.c.obj)
 .text.switch_to_main_thread
                0x000000000000d274       0x14 zephyr/kernel/libkernel.a(init.c.obj)
 .text.z_bss_zero
                0x000000000000d288       0x18 zephyr/kernel/libkernel.a(init.c.obj)
                0x000000000000d288                z_bss_zero
 .text.z_init_cpu
                0x000000000000d2a0       0x40 zephyr/kernel/libkernel.a(init.c.obj)
                0x000000000000d2a0                z_init_cpu
 .text.prepare_multithreading
                0x000000000000d2e0       0x60 zephyr/kernel/libkernel.a(init.c.obj)
 .text.z_cstart
                0x000000000000d340       0x90 zephyr/kernel/libkernel.a(init.c.obj)
                0x000000000000d340                z_cstart
 .text.k_thread_foreach
                0x000000000000d3d0       0x38 zephyr/kernel/libkernel.a(thread.c.obj)
                0x000000000000d3d0                k_thread_foreach
 .text.z_thread_monitor_exit
                0x000000000000d408       0x40 zephyr/kernel/libkernel.a(thread.c.obj)
                0x000000000000d408                z_thread_monitor_exit
 .text.z_impl_k_thread_name_set
                0x000000000000d448       0x24 zephyr/kernel/libkernel.a(thread.c.obj)
                0x000000000000d448                z_impl_k_thread_name_set
 .text.k_thread_state_str
                0x000000000000d46c       0x80 zephyr/kernel/libkernel.a(thread.c.obj)
                0x000000000000d46c                k_thread_state_str
 .text.schedule_new_thread
                0x000000000000d4ec       0x1c zephyr/kernel/libkernel.a(thread.c.obj)
 .text.z_setup_new_thread
                0x000000000000d508       0xc8 zephyr/kernel/libkernel.a(thread.c.obj)
                0x000000000000d508                z_setup_new_thread
 .text.z_init_static_threads
                0x000000000000d5d0       0x94 zephyr/kernel/libkernel.a(thread.c.obj)
                0x000000000000d5d0                z_init_static_threads
 .text.sys_kernel_version_get
                0x000000000000d664        0x8 zephyr/kernel/libkernel.a(version.c.obj)
                0x000000000000d664                sys_kernel_version_get
 .text.idle     0x000000000000d66c       0x3c zephyr/kernel/libkernel.a(idle.c.obj)
                0x000000000000d66c                idle
 .text.z_impl_k_mutex_lock
                0x000000000000d6a8      0x108 zephyr/kernel/libkernel.a(mutex.c.obj)
                0x000000000000d6a8                z_impl_k_mutex_lock
 .text.z_impl_k_mutex_unlock
                0x000000000000d7b0       0x7c zephyr/kernel/libkernel.a(mutex.c.obj)
                0x000000000000d7b0                z_impl_k_mutex_unlock
 .text.z_impl_k_sem_give
                0x000000000000d82c       0x50 zephyr/kernel/libkernel.a(sem.c.obj)
                0x000000000000d82c                z_impl_k_sem_give
 .text.z_impl_k_sem_take
                0x000000000000d87c       0x50 zephyr/kernel/libkernel.a(sem.c.obj)
                0x000000000000d87c                z_impl_k_sem_take
 .text.z_impl_k_sem_reset
                0x000000000000d8cc       0x48 zephyr/kernel/libkernel.a(sem.c.obj)
                0x000000000000d8cc                z_impl_k_sem_reset
 .text.sliceable
                0x000000000000d914       0x4c zephyr/kernel/libkernel.a(sched.c.obj)
 .text.slice_timeout
                0x000000000000d960       0x20 zephyr/kernel/libkernel.a(sched.c.obj)
 .text.add_thread_timeout
                0x000000000000d980       0x20 zephyr/kernel/libkernel.a(sched.c.obj)
 .text.z_reset_time_slice
                0x000000000000d9a0       0x50 zephyr/kernel/libkernel.a(sched.c.obj)
                0x000000000000d9a0                z_reset_time_slice
 .text.z_reschedule
                0x000000000000d9f0       0x2c zephyr/kernel/libkernel.a(sched.c.obj)
                0x000000000000d9f0                z_reschedule
 .text.k_sched_lock
                0x000000000000da1c       0x34 zephyr/kernel/libkernel.a(sched.c.obj)
                0x000000000000da1c                k_sched_lock
 .text.update_cache
                0x000000000000da50       0x50 zephyr/kernel/libkernel.a(sched.c.obj)
 .text.move_thread_to_end_of_prio_q
                0x000000000000daa0       0x8c zephyr/kernel/libkernel.a(sched.c.obj)
 .text.z_time_slice
                0x000000000000db2c       0x74 zephyr/kernel/libkernel.a(sched.c.obj)
                0x000000000000db2c                z_time_slice
 .text.ready_thread
                0x000000000000dba0       0x78 zephyr/kernel/libkernel.a(sched.c.obj)
 .text.z_sched_start
                0x000000000000dc18       0x3c zephyr/kernel/libkernel.a(sched.c.obj)
                0x000000000000dc18                z_sched_start
 .text.unready_thread
                0x000000000000dc54       0x38 zephyr/kernel/libkernel.a(sched.c.obj)
 .text.z_pend_curr
                0x000000000000dc8c       0x38 zephyr/kernel/libkernel.a(sched.c.obj)
                0x000000000000dc8c                z_pend_curr
 .text.z_set_prio
                0x000000000000dcc4       0xbc zephyr/kernel/libkernel.a(sched.c.obj)
                0x000000000000dcc4                z_set_prio
 .text.z_impl_k_thread_suspend
                0x000000000000dd80       0x74 zephyr/kernel/libkernel.a(sched.c.obj)
                0x000000000000dd80                z_impl_k_thread_suspend
 .text.k_sched_unlock
                0x000000000000ddf4       0x40 zephyr/kernel/libkernel.a(sched.c.obj)
                0x000000000000ddf4                k_sched_unlock
 .text.end_thread
                0x000000000000de34       0x64 zephyr/kernel/libkernel.a(sched.c.obj)
 .text.z_sched_init
                0x000000000000de98       0x10 zephyr/kernel/libkernel.a(sched.c.obj)
                0x000000000000de98                z_sched_init
 .text.z_impl_k_yield
                0x000000000000dea8       0x8c zephyr/kernel/libkernel.a(sched.c.obj)
                0x000000000000dea8                z_impl_k_yield
 .text.z_tick_sleep
                0x000000000000df34       0x98 zephyr/kernel/libkernel.a(sched.c.obj)
 .text.z_impl_k_sleep
                0x000000000000dfcc       0x54 zephyr/kernel/libkernel.a(sched.c.obj)
                0x000000000000dfcc                z_impl_k_sleep
 .text.z_impl_z_current_get
                0x000000000000e020        0xc zephyr/kernel/libkernel.a(sched.c.obj)
                0x000000000000e020                z_impl_z_current_get
 .text.z_thread_abort
                0x000000000000e02c       0x70 zephyr/kernel/libkernel.a(sched.c.obj)
                0x000000000000e02c                z_thread_abort
 .text.z_sched_wait
                0x000000000000e09c       0x28 zephyr/kernel/libkernel.a(sched.c.obj)
                0x000000000000e09c                z_sched_wait
 .text.z_data_copy
                0x000000000000e0c4       0x34 zephyr/kernel/libkernel.a(xip.c.obj)
                0x000000000000e0c4                z_data_copy
 .text.first    0x000000000000e0f8       0x14 zephyr/kernel/libkernel.a(timeout.c.obj)
 .text.next     0x000000000000e10c       0x18 zephyr/kernel/libkernel.a(timeout.c.obj)
 .text.elapsed  0x000000000000e124       0x18 zephyr/kernel/libkernel.a(timeout.c.obj)
 .text.z_add_timeout
                0x000000000000e13c      0x100 zephyr/kernel/libkernel.a(timeout.c.obj)
                0x000000000000e13c                z_add_timeout
 .text.sys_clock_announce
                0x000000000000e23c       0xc8 zephyr/kernel/libkernel.a(timeout.c.obj)
                0x000000000000e23c                sys_clock_announce
 .text.sys_clock_tick_get
                0x000000000000e304       0x40 zephyr/kernel/libkernel.a(timeout.c.obj)
                0x000000000000e304                sys_clock_tick_get
 .text.z_timer_expiration_handler
                0x000000000000e344      0x100 zephyr/kernel/libkernel.a(timer.c.obj)
                0x000000000000e344                z_timer_expiration_handler
 .text.z_impl_k_timer_start
                0x000000000000e444       0x60 zephyr/kernel/libkernel.a(timer.c.obj)
                0x000000000000e444                z_impl_k_timer_start
 .text.z_impl_k_poll
                0x000000000000e4a4       0xbc zephyr/kernel/libkernel.a(poll.c.obj)
                0x000000000000e4a4                z_impl_k_poll
 .text.z_impl_k_poll_signal_raise
                0x000000000000e560       0x54 zephyr/kernel/libkernel.a(poll.c.obj)
                0x000000000000e560                z_impl_k_poll_signal_raise
 .text.boot_banner
                0x000000000000e5b4       0x10 zephyr/kernel/libkernel.a(banner.c.obj)
                0x000000000000e5b4                boot_banner
 .text.k_sys_work_q_init
                0x000000000000e5c4       0x34 zephyr/kernel/libkernel.a(system_work_q.c.obj)
 .text.queue_submit_locked
                0x000000000000e5f8       0x7c zephyr/kernel/libkernel.a(work.c.obj)
 .text.finalize_cancel_locked
                0x000000000000e674       0x60 zephyr/kernel/libkernel.a(work.c.obj)
 .text.work_queue_main
                0x000000000000e6d4       0xf0 zephyr/kernel/libkernel.a(work.c.obj)
 .text.k_work_queue_start
                0x000000000000e7c4       0x7c zephyr/kernel/libkernel.a(work.c.obj)
                0x000000000000e7c4                k_work_queue_start
 .text.k_msleep
                0x000000000000e840       0x2c app/libapp.a(main.c.obj)
 .text.k_msleep
                0x000000000000e86c       0x2c app/libapp.a(uwb.c.obj)
 .text.k_msleep
                0x000000000000e898       0x2c app/libapp.a(config.c.obj)
 .text.config_write_u8
                0x000000000000e8c4       0x18 app/libapp.a(config.c.obj)
                0x000000000000e8c4                config_write_u8
 .text.cmd_dict_handle_config_refresh
                0x000000000000e8dc        0xa app/libapp.a(cli.c.obj)
 .text.cmd_dict_handle_config_clear
                0x000000000000e8e6        0xa app/libapp.a(cli.c.obj)
 .text.cmd_dict_handle_config_dump
                0x000000000000e8f0        0xa app/libapp.a(cli.c.obj)
 .text.dwt_writetodevice
                0x000000000000e8fa       0x46 app/libapp.a(deca_device.c.obj)
                0x000000000000e8fa                dwt_writetodevice
 .text.dwt_readfromdevice
                0x000000000000e940       0x42 app/libapp.a(deca_device.c.obj)
                0x000000000000e940                dwt_readfromdevice
 .text.dwt_read32bitoffsetreg
                0x000000000000e982       0x30 app/libapp.a(deca_device.c.obj)
                0x000000000000e982                dwt_read32bitoffsetreg
 .text.dwt_readdevid
                0x000000000000e9b2        0xc app/libapp.a(deca_device.c.obj)
                0x000000000000e9b2                dwt_readdevid
 .text.dwt_read16bitoffsetreg
                0x000000000000e9be       0x24 app/libapp.a(deca_device.c.obj)
                0x000000000000e9be                dwt_read16bitoffsetreg
 .text.dwt_read8bitoffsetreg
                0x000000000000e9e2       0x1c app/libapp.a(deca_device.c.obj)
                0x000000000000e9e2                dwt_read8bitoffsetreg
 .text.dwt_write8bitoffsetreg
                0x000000000000e9fe       0x1c app/libapp.a(deca_device.c.obj)
                0x000000000000e9fe                dwt_write8bitoffsetreg
 .text.dwt_write16bitoffsetreg
                0x000000000000ea1a       0x20 app/libapp.a(deca_device.c.obj)
                0x000000000000ea1a                dwt_write16bitoffsetreg
 .text.dwt_setrxantennadelay
                0x000000000000ea3a       0x10 app/libapp.a(deca_device.c.obj)
                0x000000000000ea3a                dwt_setrxantennadelay
 .text.dwt_settxantennadelay
                0x000000000000ea4a        0xe app/libapp.a(deca_device.c.obj)
                0x000000000000ea4a                dwt_settxantennadelay
 .text.dwt_write32bitoffsetreg
                0x000000000000ea58       0x2c app/libapp.a(deca_device.c.obj)
                0x000000000000ea58                dwt_write32bitoffsetreg
 .text._dwt_otpread
                0x000000000000ea84       0x2a app/libapp.a(deca_device.c.obj)
                0x000000000000ea84                _dwt_otpread
 .text._dwt_aonarrayupload
                0x000000000000eaae       0x18 app/libapp.a(deca_device.c.obj)
                0x000000000000eaae                _dwt_aonarrayupload
 .text._dwt_configlde
                0x000000000000eac6       0x32 app/libapp.a(deca_device.c.obj)
                0x000000000000eac6                _dwt_configlde
 .text._dwt_enableclocks
                0x000000000000eaf8       0xf2 app/libapp.a(deca_device.c.obj)
                0x000000000000eaf8                _dwt_enableclocks
 .text._dwt_loaducodefromrom
                0x000000000000ebea       0x22 app/libapp.a(deca_device.c.obj)
                0x000000000000ebea                _dwt_loaducodefromrom
 .text._dwt_disablesequencing
                0x000000000000ec0c       0x14 app/libapp.a(deca_device.c.obj)
                0x000000000000ec0c                _dwt_disablesequencing
 .text.dwt_syncrxbufptrs
                0x000000000000ec20       0x22 app/libapp.a(deca_device.c.obj)
                0x000000000000ec20                dwt_syncrxbufptrs
 .text.dwt_setinterrupt
                0x000000000000ec42       0x42 app/libapp.a(deca_device.c.obj)
                0x000000000000ec42                dwt_setinterrupt
 .text.dwt_rxreset
                0x000000000000ec84       0x18 app/libapp.a(deca_device.c.obj)
                0x000000000000ec84                dwt_rxreset
 .text.dwt_setxtaltrim
                0x000000000000ec9c       0x14 app/libapp.a(deca_device.c.obj)
                0x000000000000ec9c                dwt_setxtaltrim
 .text.decamutexon
                0x000000000000ecb0        0x4 app/libapp.a(deca_mutex.c.obj)
                0x000000000000ecb0                decamutexon
 .text.decamutexoff
                0x000000000000ecb4        0x2 app/libapp.a(deca_mutex.c.obj)
                0x000000000000ecb4                decamutexoff
 .text.k_msleep
                0x000000000000ecb6       0x2c app/libapp.a(deca_sleep.c.obj)
 .text.deca_sleep
                0x000000000000ece2        0x8 app/libapp.a(deca_sleep.c.obj)
                0x000000000000ece2                deca_sleep
 .text.port_set_dw1000_slowrate
                0x000000000000ecea        0xc app/libapp.a(port.c.obj)
                0x000000000000ecea                port_set_dw1000_slowrate
 .text.port_set_dw1000_fastrate
                0x000000000000ecf6        0xc app/libapp.a(port.c.obj)
                0x000000000000ecf6                port_set_dw1000_fastrate
 .text.z_impl_gpio_pin_interrupt_configure
                0x000000000000ed02       0x28 app/libapp.a(port.c.obj)
 .text.z_impl_gpio_pin_configure
                0x000000000000ed2a       0x50 app/libapp.a(port.c.obj)
 .text.gpio_init_callback
                0x000000000000ed7a        0x6 app/libapp.a(port.c.obj)
 .text.gpio_add_callback
                0x000000000000ed80       0x14 app/libapp.a(port.c.obj)
 .text.gpio_pin_interrupt_configure
                0x000000000000ed94        0x8 app/libapp.a(port.c.obj)
 .text.gpio_pin_configure
                0x000000000000ed9c        0x8 app/libapp.a(port.c.obj)
 .text.cbprintf_via_va_list
                0x000000000000eda4        0xe zephyr/libzephyr.a(cbprintf_packaged.c.obj)
 .text.is_fmt_spec
                0x000000000000edb2        0xe zephyr/libzephyr.a(cbprintf_packaged.c.obj)
 .text.get_package_len
                0x000000000000edc0       0x2a zephyr/libzephyr.a(cbprintf_packaged.c.obj)
 .text.append_string
                0x000000000000edea       0x2e zephyr/libzephyr.a(cbprintf_packaged.c.obj)
 .text.cbpprintf_external
                0x000000000000ee18       0x60 zephyr/libzephyr.a(cbprintf_packaged.c.obj)
                0x000000000000ee18                cbpprintf_external
 .text.is_ptr   0x000000000000ee78       0x4e zephyr/libzephyr.a(cbprintf_packaged.c.obj)
                0x000000000000ee78                is_ptr
 .text.arch_printk_char_out
                0x000000000000eec6        0x4 zephyr/libzephyr.a(printk.c.obj)
                0x000000000000eec6                arch_printk_char_out
 .text.str_out  0x000000000000eeca       0x30 zephyr/libzephyr.a(printk.c.obj)
 .text.vprintk  0x000000000000eefa        0x8 zephyr/libzephyr.a(printk.c.obj)
                0x000000000000eefa                vprintk
 .text.printk   0x000000000000ef02       0x1c zephyr/libzephyr.a(printk.c.obj)
                0x000000000000ef02                printk
 .text.snprintk
                0x000000000000ef1e       0x1c zephyr/libzephyr.a(printk.c.obj)
                0x000000000000ef1e                snprintk
 .text.z_thread_entry
                0x000000000000ef3a       0x14 zephyr/libzephyr.a(thread_entry.c.obj)
                0x000000000000ef3a                z_thread_entry
 .text.set_state
                0x000000000000ef4e       0x10 zephyr/libzephyr.a(onoff.c.obj)
 .text.notify_monitors
                0x000000000000ef5e       0x44 zephyr/libzephyr.a(onoff.c.obj)
 .text.process_recheck
                0x000000000000efa2       0x32 zephyr/libzephyr.a(onoff.c.obj)
 .text.process_complete
                0x000000000000efd4       0xa2 zephyr/libzephyr.a(onoff.c.obj)
 .text.validate_args
                0x000000000000f076       0x2a zephyr/libzephyr.a(onoff.c.obj)
 .text.notify_one
                0x000000000000f0a0       0x26 zephyr/libzephyr.a(onoff.c.obj)
 .text.notify_all
                0x000000000000f0c6       0x2e zephyr/libzephyr.a(onoff.c.obj)
 .text.transition_complete
                0x000000000000f0f4       0x1c zephyr/libzephyr.a(onoff.c.obj)
 .text.onoff_manager_init
                0x000000000000f110       0x3a zephyr/libzephyr.a(onoff.c.obj)
                0x000000000000f110                onoff_manager_init
 .text.onoff_request
                0x000000000000f14a       0xc2 zephyr/libzephyr.a(onoff.c.obj)
                0x000000000000f14a                onoff_request
 .text.sys_notify_validate
                0x000000000000f20c       0x3e zephyr/libzephyr.a(notify.c.obj)
                0x000000000000f20c                sys_notify_validate
 .text.sys_notify_finalize
                0x000000000000f24a       0x32 zephyr/libzephyr.a(notify.c.obj)
                0x000000000000f24a                sys_notify_finalize
 .text.crc32_ieee
                0x000000000000f27c        0xe zephyr/libzephyr.a(crc32_sw.c.obj)
                0x000000000000f27c                crc32_ieee
 .text.extract_decimal
                0x000000000000f28a       0x26 zephyr/libzephyr.a(cbprintf_complete.c.obj)
 .text.extract_width
                0x000000000000f2b0       0x5e zephyr/libzephyr.a(cbprintf_complete.c.obj)
 .text.extract_prec
                0x000000000000f30e       0x64 zephyr/libzephyr.a(cbprintf_complete.c.obj)
 .text.extract_length
                0x000000000000f372       0xce zephyr/libzephyr.a(cbprintf_complete.c.obj)
 .text.extract_specifier
                0x000000000000f440      0x17a zephyr/libzephyr.a(cbprintf_complete.c.obj)
 .text.extract_conversion
                0x000000000000f5ba       0x44 zephyr/libzephyr.a(cbprintf_complete.c.obj)
 .text._ldiv5   0x000000000000f5fe       0x38 zephyr/libzephyr.a(cbprintf_complete.c.obj)
 .text._ldiv10  0x000000000000f636       0x18 zephyr/libzephyr.a(cbprintf_complete.c.obj)
 .text._get_digit
                0x000000000000f64e       0x3c zephyr/libzephyr.a(cbprintf_complete.c.obj)
 .text.conversion_radix
                0x000000000000f68a       0x2a zephyr/libzephyr.a(cbprintf_complete.c.obj)
 .text.encode_uint
                0x000000000000f6b4       0xa0 zephyr/libzephyr.a(cbprintf_complete.c.obj)
 .text.store_count
                0x000000000000f754       0x3e zephyr/libzephyr.a(cbprintf_complete.c.obj)
 .text.outs     0x000000000000f792       0x34 zephyr/libzephyr.a(cbprintf_complete.c.obj)
 .text.ring_buf_put_claim
                0x000000000000f7c6       0x42 zephyr/libzephyr.a(ring_buffer.c.obj)
                0x000000000000f7c6                ring_buf_put_claim
 .text.ring_buf_put_finish
                0x000000000000f808       0x3c zephyr/libzephyr.a(ring_buffer.c.obj)
                0x000000000000f808                ring_buf_put_finish
 .text.ring_buf_put
                0x000000000000f844       0x40 zephyr/libzephyr.a(ring_buffer.c.obj)
                0x000000000000f844                ring_buf_put
 .text.ring_buf_get_claim
                0x000000000000f884       0x3a zephyr/libzephyr.a(ring_buffer.c.obj)
                0x000000000000f884                ring_buf_get_claim
 .text.ring_buf_get_finish
                0x000000000000f8be       0x3c zephyr/libzephyr.a(ring_buffer.c.obj)
                0x000000000000f8be                ring_buf_get_finish
 .text.ring_buf_get
                0x000000000000f8fa       0x46 zephyr/libzephyr.a(ring_buffer.c.obj)
                0x000000000000f8fa                ring_buf_get
 .text.free_space
                0x000000000000f940       0x28 zephyr/libzephyr.a(mpsc_pbuf.c.obj)
 .text.available
                0x000000000000f968       0x24 zephyr/libzephyr.a(mpsc_pbuf.c.obj)
 .text.get_usage
                0x000000000000f98c       0x24 zephyr/libzephyr.a(mpsc_pbuf.c.obj)
 .text.max_utilization_update
                0x000000000000f9b0       0x26 zephyr/libzephyr.a(mpsc_pbuf.c.obj)
 .text.rd_idx_inc
                0x000000000000f9d6       0x26 zephyr/libzephyr.a(mpsc_pbuf.c.obj)
 .text.add_skip_item
                0x000000000000f9fc       0x66 zephyr/libzephyr.a(mpsc_pbuf.c.obj)
 .text.drop_item_locked
                0x000000000000fa62      0x12a zephyr/libzephyr.a(mpsc_pbuf.c.obj)
 .text.post_drop_action
                0x000000000000fb8c       0x62 zephyr/libzephyr.a(mpsc_pbuf.c.obj)
 .text.mpsc_pbuf_init
                0x000000000000fbee       0x42 zephyr/libzephyr.a(mpsc_pbuf.c.obj)
                0x000000000000fbee                mpsc_pbuf_init
 .text.mpsc_pbuf_alloc
                0x000000000000fc30      0x134 zephyr/libzephyr.a(mpsc_pbuf.c.obj)
                0x000000000000fc30                mpsc_pbuf_alloc
 .text.mpsc_pbuf_commit
                0x000000000000fd64       0x52 zephyr/libzephyr.a(mpsc_pbuf.c.obj)
                0x000000000000fd64                mpsc_pbuf_commit
 .text.mpsc_pbuf_claim
                0x000000000000fdb6       0xd2 zephyr/libzephyr.a(mpsc_pbuf.c.obj)
                0x000000000000fdb6                mpsc_pbuf_claim
 .text.mpsc_pbuf_free
                0x000000000000fe88       0x8a zephyr/libzephyr.a(mpsc_pbuf.c.obj)
                0x000000000000fe88                mpsc_pbuf_free
 .text.mpsc_pbuf_is_pending
                0x000000000000ff12       0x18 zephyr/libzephyr.a(mpsc_pbuf.c.obj)
                0x000000000000ff12                mpsc_pbuf_is_pending
 .text.mpsc_pbuf_get_utilization
                0x000000000000ff2a       0x16 zephyr/libzephyr.a(mpsc_pbuf.c.obj)
                0x000000000000ff2a                mpsc_pbuf_get_utilization
 .text.mpsc_pbuf_get_max_utilization
                0x000000000000ff40       0x18 zephyr/libzephyr.a(mpsc_pbuf.c.obj)
                0x000000000000ff40                mpsc_pbuf_get_max_utilization
 .text._ConfigAbsSyms
                0x000000000000ff58        0x2 zephyr/libzephyr.a(configs.c.obj)
                0x000000000000ff58                _ConfigAbsSyms
 .text.nvs_flash_rd
                0x000000000000ff5a       0x1e zephyr/libzephyr.a(nvs.c.obj)
 .text.nvs_flash_ate_rd
                0x000000000000ff78        0xa zephyr/libzephyr.a(nvs.c.obj)
 .text.nvs_ate_cmp_const
                0x000000000000ff82       0x18 zephyr/libzephyr.a(nvs.c.obj)
 .text.nvs_sector_advance
                0x000000000000ff9a       0x1a zephyr/libzephyr.a(nvs.c.obj)
 .text.nvs_flash_block_cmp
                0x000000000000ffb4       0x58 zephyr/libzephyr.a(nvs.c.obj)
 .text.nvs_flash_cmp_const
                0x000000000001000c       0x4e zephyr/libzephyr.a(nvs.c.obj)
 .text.nvs_flash_erase_sector
                0x000000000001005a       0x3a zephyr/libzephyr.a(nvs.c.obj)
 .text.nvs_ate_crc8_check
                0x0000000000010094       0x1c zephyr/libzephyr.a(nvs.c.obj)
 .text.nvs_ate_valid
                0x00000000000100b0       0x38 zephyr/libzephyr.a(nvs.c.obj)
 .text.nvs_recover_last_ate
                0x00000000000100e8       0x70 zephyr/libzephyr.a(nvs.c.obj)
 .text.nvs_close_ate_valid
                0x0000000000010158       0x50 zephyr/libzephyr.a(nvs.c.obj)
 .text.nvs_prev_ate
                0x00000000000101a8       0x9a zephyr/libzephyr.a(nvs.c.obj)
 .text.nvs_ate_crc8_update
                0x0000000000010242       0x12 zephyr/libzephyr.a(nvs.c.obj)
 .text.nvs_flash_al_wrt
                0x0000000000010254       0x8a zephyr/libzephyr.a(nvs.c.obj)
 .text.nvs_flash_data_wrt
                0x00000000000102de       0x2a zephyr/libzephyr.a(nvs.c.obj)
 .text.nvs_flash_block_move
                0x0000000000010308       0x54 zephyr/libzephyr.a(nvs.c.obj)
 .text.nvs_flash_ate_wrt
                0x000000000001035c       0x2c zephyr/libzephyr.a(nvs.c.obj)
 .text.nvs_add_gc_done_ate
                0x0000000000010388       0x2c zephyr/libzephyr.a(nvs.c.obj)
 .text.nvs_gc   0x00000000000103b4      0x140 zephyr/libzephyr.a(nvs.c.obj)
 .text.nvs_flash_wrt_entry
                0x00000000000104f4       0x3e zephyr/libzephyr.a(nvs.c.obj)
 .text.nvs_sector_close
                0x0000000000010532       0x62 zephyr/libzephyr.a(nvs.c.obj)
 .text.nvs_delete
                0x0000000000010594        0xc zephyr/libzephyr.a(nvs.c.obj)
                0x0000000000010594                nvs_delete
 .text.nvs_read
                0x00000000000105a0       0x10 zephyr/libzephyr.a(nvs.c.obj)
                0x00000000000105a0                nvs_read
 .text.log_msg_generic_get_wlen
                0x00000000000105b0       0x20 zephyr/libzephyr.a(log_core.c.obj)
 .text.dummy_timestamp
                0x00000000000105d0        0x4 zephyr/libzephyr.a(log_core.c.obj)
 .text.default_get_timestamp
                0x00000000000105d4        0x8 zephyr/libzephyr.a(log_core.c.obj)
 .text.k_msleep
                0x00000000000105dc       0x2c zephyr/libzephyr.a(log_core.c.obj)
 .text.msg_alloc
                0x0000000000010608        0xc zephyr/libzephyr.a(log_core.c.obj)
 .text.msg_free
                0x0000000000010614        0x8 zephyr/libzephyr.a(log_core.c.obj)
 .text.msg_pending
                0x000000000001061c        0x8 zephyr/libzephyr.a(log_core.c.obj)
 .text.z_log_vprintk
                0x0000000000010624       0x1e zephyr/libzephyr.a(log_core.c.obj)
                0x0000000000010624                z_log_vprintk
 .text.z_log_notify_drop
                0x0000000000010642        0xa zephyr/libzephyr.a(log_core.c.obj)
 .text.z_log_msg_claim
                0x000000000001064c        0x8 zephyr/libzephyr.a(log_core.c.obj)
                0x000000000001064c                z_log_msg_claim
 .text.msg_commit
                0x0000000000010654        0xc zephyr/libzephyr.a(log_core.c.obj)
 .text.z_log_get_tag
                0x0000000000010660        0x4 zephyr/libzephyr.a(log_core.c.obj)
                0x0000000000010660                z_log_get_tag
 .text.max_filter_get
                0x0000000000010664       0x24 zephyr/libzephyr.a(log_mgmt.c.obj)
 .text.set_runtime_filter
                0x0000000000010688       0x40 zephyr/libzephyr.a(log_mgmt.c.obj)
 .text.log_source_id_get
                0x00000000000106c8       0x34 zephyr/libzephyr.a(log_mgmt.c.obj)
                0x00000000000106c8                log_source_id_get
 .text.log_filter_get