Archive member included to satisfy reference by file (symbol)

app/libapp.a(main.c.obj)      (--whole-archive)
app/libapp.a(uwb.c.obj)       (--whole-archive)
app/libapp.a(uwb_tag.c.obj)   (--whole-archive)
app/libapp.a(uwb_anchor.c.obj)
                              (--whole-archive)
app/libapp.a(config.c.obj)    (--whole-archive)
app/libapp.a(deca_device.c.obj)
                              (--whole-archive)
app/libapp.a(deca_mutex.c.obj)
                              (--whole-archive)
app/libapp.a(deca_params_init.c.obj)
                              (--whole-archive)
app/libapp.a(deca_range_tables.c.obj)
                              (--whole-archive)
app/libapp.a(deca_sleep.c.obj)
                              (--whole-archive)
app/libapp.a(deca_spi.c.obj)  (--whole-archive)
app/libapp.a(port.c.obj)      (--whole-archive)
zephyr/libzephyr.a(getopt.c.obj)
                              (--whole-archive)
zephyr/libzephyr.a(getopt_common.c.obj)
                              (--whole-archive)
zephyr/libzephyr.a(cbprintf_packaged.c.obj)
                              (--whole-archive)
zephyr/libzephyr.a(dec.c.obj)
                              (--whole-archive)
zephyr/libzephyr.a(fdtable.c.obj)
                              (--whole-archive)
zephyr/libzephyr.a(hex.c.obj)
                              (--whole-archive)
zephyr/libzephyr.a(printk.c.obj)
                              (--whole-archive)
zephyr/libzephyr.a(rb.c.obj)  (--whole-archive)
zephyr/libzephyr.a(sem.c.obj)
                              (--whole-archive)
zephyr/libzephyr.a(thread_entry.c.obj)
                              (--whole-archive)
zephyr/libzephyr.a(timeutil.c.obj)
                              (--whole-archive)
zephyr/libzephyr.a(heap.c.obj)
                              (--whole-archive)
zephyr/libzephyr.a(heap-validate.c.obj)
                              (--whole-archive)
zephyr/libzephyr.a(bitarray.c.obj)
                              (--whole-archive)
zephyr/libzephyr.a(multi_heap.c.obj)
                              (--whole-archive)
zephyr/libzephyr.a(onoff.c.obj)
                              (--whole-archive)
zephyr/libzephyr.a(notify.c.obj)
                              (--whole-archive)
zephyr/libzephyr.a(crc32c_sw.c.obj)
                              (--whole-archive)
zephyr/libzephyr.a(crc32_sw.c.obj)
                              (--whole-archive)
zephyr/libzephyr.a(crc16_sw.c.obj)
                              (--whole-archive)
zephyr/libzephyr.a(crc8_sw.c.obj)
                              (--whole-archive)
zephyr/libzephyr.a(crc7_sw.c.obj)
                              (--whole-archive)
zephyr/libzephyr.a(cbprintf_complete.c.obj)
                              (--whole-archive)
zephyr/libzephyr.a(cbprintf.c.obj)
                              (--whole-archive)
zephyr/libzephyr.a(ring_buffer.c.obj)
                              (--whole-archive)
zephyr/libzephyr.a(assert.c.obj)
                              (--whole-archive)
zephyr/libzephyr.a(mpsc_pbuf.c.obj)
                              (--whole-archive)
zephyr/libzephyr.a(reboot.c.obj)
                              (--whole-archive)
zephyr/libzephyr.a(configs.c.obj)
                              (--whole-archive)
zephyr/libzephyr.a(soc_nrf_common.S.obj)
                              (--whole-archive)
zephyr/libzephyr.a(validate_base_addresses.c.obj)
                              (--whole-archive)
zephyr/libzephyr.a(validate_enabled_instances.c.obj)
                              (--whole-archive)
zephyr/libzephyr.a(nvs.c.obj)
                              (--whole-archive)
zephyr/libzephyr.a(log_core.c.obj)
                              (--whole-archive)
zephyr/libzephyr.a(log_mgmt.c.obj)
                              (--whole-archive)
zephyr/libzephyr.a(log_cache.c.obj)
                              (--whole-archive)
zephyr/libzephyr.a(log_msg.c.obj)
                              (--whole-archive)
zephyr/libzephyr.a(log_output.c.obj)
                              (--whole-archive)
zephyr/libzephyr.a(log_cmds.c.obj)
                              (--whole-archive)
zephyr/libzephyr.a(log_backend_rtt.c.obj)
                              (--whole-archive)
zephyr/libzephyr.a(pm.c.obj)  (--whole-archive)
zephyr/libzephyr.a(policy.c.obj)
                              (--whole-archive)
zephyr/libzephyr.a(state.c.obj)
                              (--whole-archive)
zephyr/libzephyr.a(device.c.obj)
                              (--whole-archive)
zephyr/libzephyr.a(tracing_none.c.obj)
                              (--whole-archive)
zephyr/libzephyr.a(kernel_service.c.obj)
                              (--whole-archive)
zephyr/libzephyr.a(device_service.c.obj)
                              (--whole-archive)
zephyr/libzephyr.a(devmem_service.c.obj)
                              (--whole-archive)
zephyr/libzephyr.a(shell_uart.c.obj)
                              (--whole-archive)
zephyr/libzephyr.a(shell.c.obj)
                              (--whole-archive)
[...]
Memory Configuration

Name             Origin             Length             Attributes
FLASH            0x0000000000000000 0x0000000000080000 xr
RAM              0x0000000020000000 0x0000000000010000 xw
IDT_LIST         0x00000000fffff7ff 0x0000000000000800 xw
*default*        0x0000000000000000 0xffffffffffffffff

Linker script and memory map

LOAD zephyr/CMakeFiles/zephyr_pre0.dir/misc/empty_file.c.obj
LOAD app/libapp.a
LOAD zephyr/libzephyr.a
LOAD zephyr/arch/common/libarch__common.a
LOAD zephyr/arch/arch/arm/core/aarch32/libarch__arm__core__aarch32.a
LOAD zephyr/arch/arch/arm/core/aarch32/cortex_m/libarch__arm__core__aarch32__cortex_m.a
LOAD zephyr/arch/arch/arm/core/aarch32/mpu/libarch__arm__core__aarch32__mpu.a
LOAD zephyr/lib/libc/minimal/liblib__libc__minimal.a
LOAD zephyr/lib/posix/liblib__posix.a
LOAD zephyr/soc/arm/common/cortex_m/libsoc__arm__common__cortex_m.a
LOAD zephyr/soc/arm/nordic_nrf/nrf52/libsoc__arm__nordic_nrf__nrf52.a
LOAD zephyr/subsys/timing/libsubsys__timing.a
LOAD zephyr/drivers/clock_control/libdrivers__clock_control.a
LOAD zephyr/drivers/console/libdrivers__console.a
LOAD zephyr/drivers/flash/libdrivers__flash.a
LOAD zephyr/drivers/gpio/libdrivers__gpio.a
LOAD zephyr/drivers/hwinfo/libdrivers__hwinfo.a
LOAD zephyr/drivers/pinctrl/libdrivers__pinctrl.a
LOAD zephyr/drivers/serial/libdrivers__serial.a
LOAD zephyr/drivers/spi/libdrivers__spi.a
LOAD zephyr/drivers/timer/libdrivers__timer.a
LOAD modules/nrf/lib/fatal_error/lib..__nrf__lib__fatal_error.a
LOAD modules/nrf/lib/hw_id/lib..__nrf__lib__hw_id.a
LOAD modules/hal_nordic/nrfx/libmodules__hal_nordic__nrfx.a
LOAD modules/segger/libmodules__segger.a
LOAD zephyr/kernel/libkernel.a
LOAD zephyr/CMakeFiles/offsets.dir/./arch/arm/core/offsets/offsets.c.obj
LOAD c:/ncs/toolchains/c57af46cb7/opt/zephyr-sdk/arm-zephyr-eabi/bin/../lib/gcc/arm-zephyr-eabi/12.2.0/thumb/v7e-m/nofp\libgcc.a
LOAD zephyr/arch/common/libisr_tables.a
                0x0000000000000020                _region_min_align = 0x20

.rel.plt        0x0000000000000000        0x0
 *(SORT_BY_ALIGNMENT(.rel.plt))
                [!provide]                        PROVIDE (__rel_iplt_start = .)
 *(SORT_BY_ALIGNMENT(.rel.iplt))
 .rel.iplt      0x0000000000000000        0x0 app/libapp.a(main.c.obj)
                [!provide]                        PROVIDE (__rel_iplt_end = .)

.rela.plt       0x0000000000000000        0x0
 *(SORT_BY_ALIGNMENT(.rela.plt))
                [!provide]                        PROVIDE (__rela_iplt_start = .)
 *(SORT_BY_ALIGNMENT(.rela.iplt))
                [!provide]                        PROVIDE (__rela_iplt_end = .)

.rel.dyn
 *(SORT_BY_ALIGNMENT(.rel.*))

.rela.dyn
 *(SORT_BY_ALIGNMENT(.rela.*))

/DISCARD/
 *(SORT_BY_ALIGNMENT(.plt))

/DISCARD/
 *(SORT_BY_ALIGNMENT(.iplt))
                0x0000000000000000                __rom_region_start = 0x0

rom_start       0x0000000000000000       0xdc
                0x0000000000000000                . = 0x0
                0x0000000000000000                . = ALIGN (0x4)
                0x0000000000000000                . = ALIGN (0x80)
                0x0000000000000000                . = ALIGN (0x100)
                0x0000000000000000                _vector_start = .
 *(SORT_BY_ALIGNMENT(.exc_vector_table))
 *(SORT_BY_ALIGNMENT(.exc_vector_table.*))
 .exc_vector_table._vector_table_section
                0x0000000000000000       0x40 zephyr/arch/arch/arm/core/aarch32/cortex_m/libarch__arm__core__aarch32__cortex_m.a(vector_table.S.obj)
                0x0000000000000000                _vector_table
 *(SORT_BY_ALIGNMENT(.vectors))
                0x00000000000000dc                _vector_end = .
                0x0000000000000040                . = ALIGN (0x4)
 *(SORT_BY_ALIGNMENT(.gnu.linkonce.irq_vector_table*))
 .gnu.linkonce.irq_vector_table
                0x0000000000000040       0x9c zephyr/arch/common/libisr_tables.a(isr_tables.c.obj)
                0x0000000000000040                _irq_vector_table
                0x00000000000000dc                _vector_end = .

text            0x00000000000000dc     0xfcfc
                0x00000000000000dc                __text_region_start = .
 *(SORT_BY_ALIGNMENT(.text))
 .text          0x00000000000000dc       0x30 c:/ncs/toolchains/c57af46cb7/opt/zephyr-sdk/arm-zephyr-eabi/bin/../lib/gcc/arm-zephyr-eabi/12.2.0/thumb/v7e-m/nofp\libgcc.a(_aeabi_uldivmod.o)
                0x00000000000000dc                __aeabi_uldivmod
 .text          0x000000000000010c        0x4 c:/ncs/toolchains/c57af46cb7/opt/zephyr-sdk/arm-zephyr-eabi/bin/../lib/gcc/arm-zephyr-eabi/12.2.0/thumb/v7e-m/nofp\libgcc.a(_dvmd_tls.o)
                0x000000000000010c                __aeabi_idiv0
                0x000000000000010c                __aeabi_ldiv0
 .text          0x0000000000000110      0x2a0 c:/ncs/toolchains/c57af46cb7/opt/zephyr-sdk/arm-zephyr-eabi/bin/../lib/gcc/arm-zephyr-eabi/12.2.0/thumb/v7e-m/nofp\libgcc.a(_udivmoddi4.o)
                0x0000000000000110                __udivmoddi4
 *(SORT_BY_ALIGNMENT(.text.*))
 .text.main     0x00000000000003b0      0x154 app/libapp.a(main.c.obj)
                0x00000000000003b0                main
 .text.rx_ok_callback
                0x0000000000000504        0xc app/libapp.a(uwb.c.obj)
 .text.uwb_isr  0x0000000000000510        0xc app/libapp.a(uwb.c.obj)
 .text.dummy_on_event
                0x000000000000051c       0x3c app/libapp.a(uwb.c.obj)
 .text.dummy_init
                0x0000000000000558       0x3c app/libapp.a(uwb.c.obj)
 .text.uwb_loop
                0x0000000000000594       0x60 app/libapp.a(uwb.c.obj)
 .text.uwb_init
                0x00000000000005f4       0xcc app/libapp.a(uwb.c.obj)
                0x00000000000005f4                uwb_init
 .text.uwb_start
                0x00000000000006c0       0x44 app/libapp.a(uwb.c.obj)
                0x00000000000006c0                uwb_start
 .text.config_init
                0x0000000000000704       0xb8 app/libapp.a(config.c.obj)
                0x0000000000000704                config_init
 .text.config_read
                0x00000000000007bc       0x1c app/libapp.a(config.c.obj)
                0x00000000000007bc                config_read
 .text.config_save
                0x00000000000007d8       0x18 app/libapp.a(config.c.obj)
                0x00000000000007d8                config_save
 .text.dwt_configure
                0x00000000000007f0      0x208 app/libapp.a(deca_device.c.obj)
                0x00000000000007f0                dwt_configure
 .text.dwt_setcallbacks
                0x00000000000009f8       0x14 app/libapp.a(deca_device.c.obj)
                0x00000000000009f8                dwt_setcallbacks
 .text.dwt_setleds
                0x0000000000000a0c       0x6c app/libapp.a(deca_device.c.obj)
                0x0000000000000a0c                dwt_setleds
 .text.dwt_forcetrxoff
                0x0000000000000a78       0x58 app/libapp.a(deca_device.c.obj)
                0x0000000000000a78                dwt_forcetrxoff
 .text.dwt_isr  0x0000000000000ad0      0x128 app/libapp.a(deca_device.c.obj)
                0x0000000000000ad0                dwt_isr
 .text.dwt_softreset
                0x0000000000000bf8       0x48 app/libapp.a(deca_device.c.obj)
                0x0000000000000bf8                dwt_softreset
 .text.dwt_initialise
                0x0000000000000c40      0x19c app/libapp.a(deca_device.c.obj)
                0x0000000000000c40                dwt_initialise
 .text.openspi  0x0000000000000ddc       0x98 app/libapp.a(deca_spi.c.obj)
                0x0000000000000ddc                openspi
 .text.set_spi_speed_slow
                0x0000000000000e74       0x40 app/libapp.a(deca_spi.c.obj)
                0x0000000000000e74                set_spi_speed_slow
 .text.set_spi_speed_fast
                0x0000000000000eb4       0x40 app/libapp.a(deca_spi.c.obj)
                0x0000000000000eb4                set_spi_speed_fast
 .text.writetospi
                0x0000000000000ef4       0x6c app/libapp.a(deca_spi.c.obj)
                0x0000000000000ef4                writetospi
 .text.readfromspi
                0x0000000000000f60       0x80 app/libapp.a(deca_spi.c.obj)
                0x0000000000000f60                readfromspi
 .text.port_set_deca_isr
                0x0000000000000fe0       0x80 app/libapp.a(port.c.obj)
                0x0000000000000fe0                port_set_deca_isr
 .text.getopt   0x0000000000001060      0x160 zephyr/libzephyr.a(getopt.c.obj)
                0x0000000000001060                getopt
 .text.z_getopt_global_state_update
                0x00000000000011c0       0x34 zephyr/libzephyr.a(getopt_common.c.obj)
                0x00000000000011c0                z_getopt_global_state_update
 .text.getopt_state_get
                0x00000000000011f4        0x8 zephyr/libzephyr.a(getopt_common.c.obj)
                0x00000000000011f4                getopt_state_get
 .text.cbvprintf_package
                0x00000000000011fc      0x3ac zephyr/libzephyr.a(cbprintf_packaged.c.obj)
                0x00000000000011fc                cbvprintf_package
 .text.cbprintf_package_convert
                0x00000000000015a8      0x3c4 zephyr/libzephyr.a(cbprintf_packaged.c.obj)
                0x00000000000015a8                cbprintf_package_convert
 .text.__printk_hook_install
                0x000000000000196c        0xc zephyr/libzephyr.a(printk.c.obj)
                0x000000000000196c                __printk_hook_install
 .text.vsnprintk
                0x0000000000001978       0x2c zephyr/libzephyr.a(printk.c.obj)
                0x0000000000001978                vsnprintk
 .text.process_event
                0x00000000000019a4      0x21c zephyr/libzephyr.a(onoff.c.obj)
 .text.crc8_ccitt
                0x0000000000001bc0       0x2c zephyr/libzephyr.a(crc8_sw.c.obj)
                0x0000000000001bc0                crc8_ccitt
 .text.z_cbvprintf_impl
                0x0000000000001bec      0xcd8 zephyr/libzephyr.a(cbprintf_complete.c.obj)
                0x0000000000001bec                z_cbvprintf_impl
 .text.sys_reboot
                0x00000000000028c4       0x30 zephyr/libzephyr.a(reboot.c.obj)
                0x00000000000028c4                sys_reboot
 .text.z_arm_platform_init
                0x00000000000028f4        0x4 zephyr/libzephyr.a(soc_nrf_common.S.obj)
                0x00000000000028f4                z_arm_platform_init
 .text.nvs_recover_last_ate
                0x00000000000028f8       0x64 zephyr/libzephyr.a(nvs.c.obj)
 .text.nvs_mount
                0x000000000000295c      0x414 zephyr/libzephyr.a(nvs.c.obj)
                0x000000000000295c                nvs_mount
 .text.nvs_write
                0x0000000000002d70      0x1c0 zephyr/libzephyr.a(nvs.c.obj)
                0x0000000000002d70                nvs_write
 .text.nvs_read_hist
                0x0000000000002f30       0xe4 zephyr/libzephyr.a(nvs.c.obj)
                0x0000000000002f30                nvs_read_hist
 .text.activate_foreach_backend
                0x0000000000003014       0x64 zephyr/libzephyr.a(log_core.c.obj)
 .text.enable_logger
                0x0000000000003078       0x5c zephyr/libzephyr.a(log_core.c.obj)
 .text.log_process_thread_timer_expiry_fn
                0x00000000000030d4        0xc zephyr/libzephyr.a(log_core.c.obj)
 .text.z_log_init
                0x00000000000030e0       0x90 zephyr/libzephyr.a(log_core.c.obj)
 .text.log_format_func_t_get
                0x0000000000003170        0xc zephyr/libzephyr.a(log_core.c.obj)
                0x0000000000003170                log_format_func_t_get
 .text.log_set_timestamp_func
                0x000000000000317c       0x20 zephyr/libzephyr.a(log_core.c.obj)
                0x000000000000317c                log_set_timestamp_func
 .text.z_log_notify_backend_enabled
                0x000000000000319c       0x1c zephyr/libzephyr.a(log_core.c.obj)
                0x000000000000319c                z_log_notify_backend_enabled
 .text.z_log_dropped
                0x00000000000031b8       0x30 zephyr/libzephyr.a(log_core.c.obj)
                0x00000000000031b8                z_log_dropped
 .text.z_log_dropped_read_and_clear
                0x00000000000031e8       0x20 zephyr/libzephyr.a(log_core.c.obj)
                0x00000000000031e8                z_log_dropped_read_and_clear
 .text.dropped_notify
                0x0000000000003208       0x30 zephyr/libzephyr.a(log_core.c.obj)
                0x0000000000003208                dropped_notify
 .text.z_log_msg_init
                0x0000000000003238       0x20 zephyr/libzephyr.a(log_core.c.obj)
                0x0000000000003238                z_log_msg_init
 .text.log_core_init
                0x0000000000003258       0x38 zephyr/libzephyr.a(log_core.c.obj)
                0x0000000000003258                log_core_init
 .text.z_log_msg_alloc
                0x0000000000003290       0x10 zephyr/libzephyr.a(log_core.c.obj)
                0x0000000000003290                z_log_msg_alloc
 .text.z_log_msg_local_claim
                0x00000000000032a0        0xc zephyr/libzephyr.a(log_core.c.obj)
                0x00000000000032a0                z_log_msg_local_claim
 .text.z_log_msg_free
                0x00000000000032ac       0x10 zephyr/libzephyr.a(log_core.c.obj)
                0x00000000000032ac                z_log_msg_free
 .text.z_log_msg_pending
                0x00000000000032bc        0xc zephyr/libzephyr.a(log_core.c.obj)
                0x00000000000032bc                z_log_msg_pending
 .text.z_impl_log_process
                0x00000000000032c8       0xf4 zephyr/libzephyr.a(log_core.c.obj)
                0x00000000000032c8                z_impl_log_process
 .text.z_impl_log_panic
                0x00000000000033bc       0x44 zephyr/libzephyr.a(log_core.c.obj)
                0x00000000000033bc                z_impl_log_panic
 .text.log_process_thread_func
                0x0000000000003400       0x9c zephyr/libzephyr.a(log_core.c.obj)
 .text.z_log_msg_post_finalize
                0x000000000000349c       0x78 zephyr/libzephyr.a(log_core.c.obj)
 .text.z_log_msg_commit
                0x0000000000003514       0x24 zephyr/libzephyr.a(log_core.c.obj)
                0x0000000000003514                z_log_msg_commit
 .text.log_mem_get_usage
                0x0000000000003538       0x14 zephyr/libzephyr.a(log_core.c.obj)
                0x0000000000003538                log_mem_get_usage
 .text.log_mem_get_max_usage
                0x000000000000354c        0xc zephyr/libzephyr.a(log_core.c.obj)
                0x000000000000354c                log_mem_get_max_usage
 .text.log_src_cnt_get
                0x0000000000003558       0x14 zephyr/libzephyr.a(log_mgmt.c.obj)
                0x0000000000003558                log_src_cnt_get
 .text.log_source_name_get
                0x000000000000356c       0x1c zephyr/libzephyr.a(log_mgmt.c.obj)
                0x000000000000356c                log_source_name_get
 .text.z_log_runtime_filters_init
                0x0000000000003588       0x3c zephyr/libzephyr.a(log_mgmt.c.obj)
                0x0000000000003588                z_log_runtime_filters_init
 .text.log_source_id_get
                0x00000000000035c4       0x38 zephyr/libzephyr.a(log_mgmt.c.obj)
                0x00000000000035c4                log_source_id_get
 .text.z_impl_log_filter_set
                0x00000000000035fc       0xac zephyr/libzephyr.a(log_mgmt.c.obj)
                0x00000000000035fc                z_impl_log_filter_set
 .text.backend_filter_set
                0x00000000000036a8       0x30 zephyr/libzephyr.a(log_mgmt.c.obj)
 .text.log_backend_enable
                0x00000000000036d8       0x34 zephyr/libzephyr.a(log_mgmt.c.obj)
                0x00000000000036d8                log_backend_enable
 .text.log_filter_get
                0x000000000000370c       0x44 zephyr/libzephyr.a(log_mgmt.c.obj)
                0x000000000000370c                log_filter_get
 .text.z_impl_z_log_msg_static_create
                0x0000000000003750      0x110 zephyr/libzephyr.a(log_msg.c.obj)
                0x0000000000003750                z_impl_z_log_msg_static_create
 .text.z_impl_z_log_msg_runtime_vcreate
                0x0000000000003860       0x8c zephyr/libzephyr.a(log_msg.c.obj)
                0x0000000000003860                z_impl_z_log_msg_runtime_vcreate
 .text.print_formatted
                0x00000000000038ec       0x24 zephyr/libzephyr.a(log_output.c.obj)
 .text.newline_print
                0x0000000000003910       0x1c zephyr/libzephyr.a(log_output.c.obj)
 .text.log_output_process
                0x000000000000392c      0x2a4 zephyr/libzephyr.a(log_output.c.obj)
                0x000000000000392c                log_output_process
 .text.log_output_msg_process
                0x0000000000003bd0       0x6c zephyr/libzephyr.a(log_output.c.obj)
                0x0000000000003bd0                log_output_msg_process
 .text.log_output_dropped_process
                0x0000000000003c3c       0x58 zephyr/libzephyr.a(log_output.c.obj)
                0x0000000000003c3c                log_output_dropped_process
 .text.log_output_timestamp_freq_set
                0x0000000000003c94       0x2c zephyr/libzephyr.a(log_output.c.obj)
                0x0000000000003c94                log_output_timestamp_freq_set
 .text.severity_lvl_get
                0x0000000000003cc0       0x24 zephyr/libzephyr.a(log_cmds.c.obj)
 .text.backend_name_get
                0x0000000000003ce4       0x30 zephyr/libzephyr.a(log_cmds.c.obj)
 .text.module_name_get
                0x0000000000003d14       0x20 zephyr/libzephyr.a(log_cmds.c.obj)
 .text.cmd_log_backends_list
                0x0000000000003d34       0x54 zephyr/libzephyr.a(log_cmds.c.obj)
 .text.log_status
                0x0000000000003d88       0xa8 zephyr/libzephyr.a(log_cmds.c.obj)
 .text.shell_backend_cmd_execute
                0x0000000000003e30       0x64 zephyr/libzephyr.a(log_cmds.c.obj)
 .text.cmd_log_backend_status
                0x0000000000003e94       0x10 zephyr/libzephyr.a(log_cmds.c.obj)
 .text.cmd_log_backend_halt
                0x0000000000003ea4        0xc zephyr/libzephyr.a(log_cmds.c.obj)
 .text.cmd_log_backend_go
                0x0000000000003eb0        0xc zephyr/libzephyr.a(log_cmds.c.obj)
 .text.cmd_log_backend_enable
                0x0000000000003ebc        0xc zephyr/libzephyr.a(log_cmds.c.obj)
 .text.cmd_log_backend_disable
                0x0000000000003ec8        0xc zephyr/libzephyr.a(log_cmds.c.obj)
 .text.cmd_log_mem
                0x0000000000003ed4       0x84 zephyr/libzephyr.a(log_cmds.c.obj)
 .text.shell_state_precheck
                0x0000000000003f58       0x20 zephyr/libzephyr.a(log_cmds.c.obj)
 .text.filters_set
                0x0000000000003f78       0xdc zephyr/libzephyr.a(log_cmds.c.obj)
 .text.log_enable
                0x0000000000004054       0x60 zephyr/libzephyr.a(log_cmds.c.obj)
 .text.log_backend_rtt_init
                0x00000000000040b4        0xc zephyr/libzephyr.a(log_backend_rtt.c.obj)
 .text.format_set
                0x00000000000040c0        0xc zephyr/libzephyr.a(log_backend_rtt.c.obj)
 .text.panic    0x00000000000040cc       0x14 zephyr/libzephyr.a(log_backend_rtt.c.obj)
 .text.dropped  0x00000000000040e0        0xc zephyr/libzephyr.a(log_backend_rtt.c.obj)
 .text.process  0x00000000000040ec       0x24 zephyr/libzephyr.a(log_backend_rtt.c.obj)
 .text.on_failed_write
                0x0000000000004110       0x28 zephyr/libzephyr.a(log_backend_rtt.c.obj)
 .text.data_out_block_mode
                0x0000000000004138       0x84 zephyr/libzephyr.a(log_backend_rtt.c.obj)
 .text.pm_state_notify
                0x00000000000041bc       0x5c zephyr/libzephyr.a(pm.c.obj)
 .text.pm_resume_devices
                0x0000000000004218       0x2c zephyr/libzephyr.a(pm.c.obj)
 .text.pm_system_resume
                0x0000000000004244       0x78 zephyr/libzephyr.a(pm.c.obj)
                0x0000000000004244                pm_system_resume
 .text.pm_system_suspend
                0x00000000000042bc      0x250 zephyr/libzephyr.a(pm.c.obj)
                0x00000000000042bc                pm_system_suspend
 .text.pm_policy_next_state
                0x000000000000450c       0x94 zephyr/libzephyr.a(policy.c.obj)
                0x000000000000450c                pm_policy_next_state
 .text.pm_state_cpu_get_all
                0x00000000000045a0       0x10 zephyr/libzephyr.a(state.c.obj)
                0x00000000000045a0                pm_state_cpu_get_all
 .text.pm_device_state_str
                0x00000000000045b0       0x18 zephyr/libzephyr.a(device.c.obj)
                0x00000000000045b0                pm_device_state_str
 .text.pm_device_action_run
                0x00000000000045c8       0xa4 zephyr/libzephyr.a(device.c.obj)
                0x00000000000045c8                pm_device_action_run
 .text.cmd_kernel_version
                0x000000000000466c       0x2c zephyr/libzephyr.a(kernel_service.c.obj)
 .text.cmd_kernel_uptime
                0x0000000000004698       0x2c zephyr/libzephyr.a(kernel_service.c.obj)
 .text.cmd_kernel_threads
                0x00000000000046c4       0x38 zephyr/libzephyr.a(kernel_service.c.obj)
 .text.shell_tdata_dump
                0x00000000000046fc       0xc8 zephyr/libzephyr.a(kernel_service.c.obj)
 .text.cmd_kernel_stacks
                0x00000000000047c4       0x90 zephyr/libzephyr.a(kernel_service.c.obj)
 .text.cmd_kernel_cycles
                0x0000000000004854       0x1c zephyr/libzephyr.a(kernel_service.c.obj)
 .text.cmd_kernel_log_level_set
                0x0000000000004870       0x80 zephyr/libzephyr.a(kernel_service.c.obj)
 .text.cmd_kernel_sleep
                0x00000000000048f0       0x54 zephyr/libzephyr.a(kernel_service.c.obj)
 .text.shell_stack_dump
                0x0000000000004944       0x64 zephyr/libzephyr.a(kernel_service.c.obj)
 .text.get_device_name
                0x00000000000049a8       0x20 zephyr/libzephyr.a(device_service.c.obj)
 .text.cmd_device_list_visitor
                0x00000000000049c8       0x20 zephyr/libzephyr.a(device_service.c.obj)
 .text.cmd_device_list
                0x00000000000049e8       0xb4 zephyr/libzephyr.a(device_service.c.obj)
 .text.device_get_config_level
                0x0000000000004a9c       0x54 zephyr/libzephyr.a(device_service.c.obj)
 .text.cmd_device_levels
                0x0000000000004af0       0xb4 zephyr/libzephyr.a(device_service.c.obj)
 .text.cmd_devmem
                0x0000000000004ba4       0xcc zephyr/libzephyr.a(devmem_service.c.obj)
 .text.set_bypass.isra.0
                0x0000000000004c70       0x50 zephyr/libzephyr.a(devmem_service.c.obj)
 .text.bypass_cb
                0x0000000000004cc0      0x118 zephyr/libzephyr.a(devmem_service.c.obj)
 .text.cmd_load
                0x0000000000004dd8       0xd8 zephyr/libzephyr.a(devmem_service.c.obj)
 .text.cmd_dump
                0x0000000000004eb0      0x188 zephyr/libzephyr.a(devmem_service.c.obj)
 .text.enable_shell_uart
                0x0000000000005038       0x38 zephyr/libzephyr.a(shell_uart.c.obj)
 .text.init     0x0000000000005070       0x58 zephyr/libzephyr.a(shell_uart.c.obj)
 .text.uart_callback
                0x00000000000050c8      0x10c zephyr/libzephyr.a(shell_uart.c.obj)
 .text.shell_internal_help_print
                0x00000000000051d4       0x20 zephyr/libzephyr.a(shell.c.obj)
 .text.z_cursor_next_line_move.isra.0
                0x00000000000051f4        0xc zephyr/libzephyr.a(shell.c.obj)
 .text.history_handle
                0x0000000000005200       0xa8 zephyr/libzephyr.a(shell.c.obj)
 .text.execute  0x00000000000052a8      0x2c0 zephyr/libzephyr.a(shell.c.obj)
 .text.state_set.constprop.0
                0x0000000000005568       0x4c zephyr/libzephyr.a(shell.c.obj)
 .text.shell_process
                0x00000000000055b4      0x6a8 zephyr/libzephyr.a(shell.c.obj)
                0x00000000000055b4                shell_process
 .text.shell_init
                0x0000000000005c5c       0xf4 zephyr/libzephyr.a(shell.c.obj)
                0x0000000000005c5c                shell_init
 .text.shell_start
                0x0000000000005d50       0x54 zephyr/libzephyr.a(shell.c.obj)
                0x0000000000005d50                shell_start
 .text.shell_thread
                0x0000000000005da4       0xc8 zephyr/libzephyr.a(shell.c.obj)
                0x0000000000005da4                shell_thread
 .text.cmd_help
                0x0000000000005e6c       0x4c zephyr/libzephyr.a(shell.c.obj)
 .text.shell_hexdump_line
                0x0000000000005eb8       0xe4 zephyr/libzephyr.a(shell.c.obj)
                0x0000000000005eb8                shell_hexdump_line
 .text.z_shell_fprintf_fmt
                0x0000000000005f9c       0x30 zephyr/libzephyr.a(shell_fprintf.c.obj)
                0x0000000000005f9c                z_shell_fprintf_fmt
 .text.z_shell_cmd_get
                0x0000000000005fcc       0x74 zephyr/libzephyr.a(shell_utils.c.obj)
                0x0000000000005fcc                z_shell_cmd_get
 .text.z_clear_eos
                0x0000000000006040       0x18 zephyr/libzephyr.a(shell_ops.c.obj)
 .text.z_cursor_next_line_move.isra.0
                0x0000000000006058        0xc zephyr/libzephyr.a(shell_ops.c.obj)
 .text.z_shell_op_cursor_vert_move
                0x0000000000006064       0x2c zephyr/libzephyr.a(shell_ops.c.obj)
                0x0000000000006064                z_shell_op_cursor_vert_move
 .text.z_shell_op_cursor_horiz_move
                0x0000000000006090       0x2c zephyr/libzephyr.a(shell_ops.c.obj)
                0x0000000000006090                z_shell_op_cursor_horiz_move
 .text.z_shell_print_cmd
                0x00000000000060bc       0x10 zephyr/libzephyr.a(shell_ops.c.obj)
                0x00000000000060bc                z_shell_print_cmd
 .text.z_shell_vt100_color_set
                0x00000000000060cc       0x40 zephyr/libzephyr.a(shell_ops.c.obj)
                0x00000000000060cc                z_shell_vt100_color_set
 .text.z_shell_vt100_colors_restore
                0x000000000000610c       0x3c zephyr/libzephyr.a(shell_ops.c.obj)
                0x000000000000610c                z_shell_vt100_colors_restore
 .text.z_shell_op_word_remove
                0x0000000000006148       0xc0 zephyr/libzephyr.a(shell_ops.c.obj)
                0x0000000000006148                z_shell_op_word_remove
 .text.reprint_from_cursor
                0x0000000000006208       0x74 zephyr/libzephyr.a(shell_ops.c.obj)
 .text.z_shell_op_char_insert
                0x000000000000627c       0x6c zephyr/libzephyr.a(shell_ops.c.obj)
                0x000000000000627c                z_shell_op_char_insert
 .text.z_shell_print_prompt_and_cmd
                0x00000000000062e8       0x30 zephyr/libzephyr.a(shell_ops.c.obj)
                0x00000000000062e8                z_shell_print_prompt_and_cmd
 .text.z_cursor_next_line_move.isra.0
                0x0000000000006318        0xc zephyr/libzephyr.a(shell_help.c.obj)
 .text.z_shell_help_subcmd_print
                0x0000000000006324       0xc0 zephyr/libzephyr.a(shell_help.c.obj)
                0x0000000000006324                z_shell_help_subcmd_print
 .text.z_shell_help_cmd_print
                0x00000000000063e4       0x48 zephyr/libzephyr.a(shell_help.c.obj)
                0x00000000000063e4                z_shell_help_cmd_print
 .text.z_shell_help_request
                0x000000000000642c       0x28 zephyr/libzephyr.a(shell_help.c.obj)
                0x000000000000642c                z_shell_help_request
 .text.cmd_resize_default
                0x0000000000006454       0x2c zephyr/libzephyr.a(shell_cmds.c.obj)
 .text.cmd_shell_stats_show
                0x0000000000006480       0x18 zephyr/libzephyr.a(shell_cmds.c.obj)
 .text.cmd_backends
                0x0000000000006498       0x50 zephyr/libzephyr.a(shell_cmds.c.obj)
 .text.cmd_history
                0x00000000000064e8       0x44 zephyr/libzephyr.a(shell_cmds.c.obj)
 .text.cmd_echo
                0x000000000000652c       0x58 zephyr/libzephyr.a(shell_cmds.c.obj)
 .text.cmd_clear
                0x0000000000006584       0x34 zephyr/libzephyr.a(shell_cmds.c.obj)
 .text.cmd_resize
                0x00000000000065b8      0x1a8 zephyr/libzephyr.a(shell_cmds.c.obj)
 .text.z_shell_wildcard_process
                0x0000000000006760       0xe4 zephyr/libzephyr.a(shell_wildcard.c.obj)
                0x0000000000006760                z_shell_wildcard_process
 .text.z_arm_cpu_idle_init
                0x0000000000006844        0xc zephyr/arch/arch/arm/core/aarch32/libarch__arm__core__aarch32.a(cpu_idle.S.obj)
                0x0000000000006844                z_arm_cpu_idle_init
 .text.arch_cpu_idle
                0x0000000000006850       0x1c zephyr/arch/arch/arm/core/aarch32/libarch__arm__core__aarch32.a(cpu_idle.S.obj)
                0x0000000000006850                arch_cpu_idle
 .text.arch_cpu_atomic_idle
                0x000000000000686c       0x18 zephyr/arch/arch/arm/core/aarch32/libarch__arm__core__aarch32.a(cpu_idle.S.obj)
                0x000000000000686c                arch_cpu_atomic_idle
 .text.z_arm_fatal_error
                0x0000000000006884       0xec zephyr/arch/arch/arm/core/aarch32/libarch__arm__core__aarch32.a(fatal.c.obj)
                0x0000000000006884                z_arm_fatal_error
 .text.arch_irq_enable
                0x0000000000006970       0x1c zephyr/arch/arch/arm/core/aarch32/libarch__arm__core__aarch32.a(irq_manage.c.obj)
                0x0000000000006970                arch_irq_enable
 .text.arch_irq_disable
                0x000000000000698c       0x28 zephyr/arch/arch/arm/core/aarch32/libarch__arm__core__aarch32.a(irq_manage.c.obj)
                0x000000000000698c                arch_irq_disable
 .text.arch_irq_is_enabled
                0x00000000000069b4       0x1c zephyr/arch/arch/arm/core/aarch32/libarch__arm__core__aarch32.a(irq_manage.c.obj)
                0x00000000000069b4                arch_irq_is_enabled
 .text.z_arm_irq_priority_set
                0x00000000000069d0       0x30 zephyr/arch/arch/arm/core/aarch32/libarch__arm__core__aarch32.a(irq_manage.c.obj)
                0x00000000000069d0                z_arm_irq_priority_set
 .text.z_SysNmiOnReset
                0x0000000000006a00        0x8 zephyr/arch/arch/arm/core/aarch32/libarch__arm__core__aarch32.a(nmi_on_reset.S.obj)
                0x0000000000006a00                z_SysNmiOnReset
 .text.z_arm_prep_c
                0x0000000000006a08       0x38 zephyr/arch/arch/arm/core/aarch32/libarch__arm__core__aarch32.a(prep_c.c.obj)
                0x0000000000006a08                z_arm_prep_c
 .text.arch_swap
                0x0000000000006a40       0x38 zephyr/arch/arch/arm/core/aarch32/libarch__arm__core__aarch32.a(swap.c.obj)
                0x0000000000006a40                arch_swap
 .text.z_arm_pendsv
                0x0000000000006a78       0x4c zephyr/arch/arch/arm/core/aarch32/libarch__arm__core__aarch32.a(swap_helper.S.obj)
                0x0000000000006a78                z_arm_pendsv
 .text.z_arm_svc
                0x0000000000006ac4       0x20 zephyr/arch/arch/arm/core/aarch32/libarch__arm__core__aarch32.a(swap_helper.S.obj)
                0x0000000000006ac4                z_arm_svc
 .text.arch_new_thread
                0x0000000000006ae4       0x38 zephyr/arch/arch/arm/core/aarch32/libarch__arm__core__aarch32.a(thread.c.obj)
                0x0000000000006ae4                arch_new_thread
 .text.arch_switch_to_main_thread
                0x0000000000006b1c       0x24 zephyr/arch/arch/arm/core/aarch32/libarch__arm__core__aarch32.a(thread.c.obj)
                0x0000000000006b1c                arch_switch_to_main_thread
 .text._isr_wrapper
                0x0000000000006b40       0x40 zephyr/arch/arch/arm/core/aarch32/libarch__arm__core__aarch32.a(isr_wrapper.S.obj)
                0x0000000000006b40                _isr_wrapper
 .text._HandlerModeExit
                0x0000000000006b80       0x1c zephyr/arch/arch/arm/core/aarch32/cortex_m/libarch__arm__core__aarch32__cortex_m.a(exc_exit.S.obj)
                0x0000000000006b80                z_arm_int_exit
                0x0000000000006b80                z_arm_exc_exit
 .text.mem_manage_fault.constprop.0
                0x0000000000006b9c      0x178 zephyr/arch/arch/arm/core/aarch32/cortex_m/libarch__arm__core__aarch32__cortex_m.a(fault.c.obj)
 .text.bus_fault.constprop.0
                0x0000000000006d14      0x18c zephyr/arch/arch/arm/core/aarch32/cortex_m/libarch__arm__core__aarch32__cortex_m.a(fault.c.obj)
 .text.usage_fault.constprop.0
                0x0000000000006ea0      0x134 zephyr/arch/arch/arm/core/aarch32/cortex_m/libarch__arm__core__aarch32__cortex_m.a(fault.c.obj)
 .text.z_arm_fault
                0x0000000000006fd4      0x258 zephyr/arch/arch/arm/core/aarch32/cortex_m/libarch__arm__core__aarch32__cortex_m.a(fault.c.obj)
                0x0000000000006fd4                z_arm_fault
 .text.z_arm_fault_init
                0x000000000000722c       0x10 zephyr/arch/arch/arm/core/aarch32/cortex_m/libarch__arm__core__aarch32__cortex_m.a(fault.c.obj)
                0x000000000000722c                z_arm_fault_init
 .text.__fault  0x000000000000723c       0x14 zephyr/arch/arch/arm/core/aarch32/cortex_m/libarch__arm__core__aarch32__cortex_m.a(fault_s.S.obj)
                0x000000000000723c                z_arm_usage_fault
                0x000000000000723c                z_arm_mpu_fault
                0x000000000000723c                z_arm_exc_spurious
                0x000000000000723c                z_arm_debug_monitor
                0x000000000000723c                z_arm_hard_fault
                0x000000000000723c                z_arm_bus_fault
 .text.z_arm_interrupt_init
                0x0000000000007250       0x18 zephyr/arch/arch/arm/core/aarch32/cortex_m/libarch__arm__core__aarch32__cortex_m.a(irq_init.c.obj)
                0x0000000000007250                z_arm_interrupt_init
 .text._reset_section
                0x0000000000007268       0x64 zephyr/arch/arch/arm/core/aarch32/cortex_m/libarch__arm__core__aarch32__cortex_m.a(reset.S.obj)
                0x0000000000007268                __start
                0x0000000000007268                z_arm_reset
 .text.z_arm_clear_arm_mpu_config
                0x00000000000072cc       0x24 zephyr/arch/arch/arm/core/aarch32/cortex_m/libarch__arm__core__aarch32__cortex_m.a(scb.c.obj)
                0x00000000000072cc                z_arm_clear_arm_mpu_config
 .text.z_arm_init_arch_hw_at_boot
                0x00000000000072f0       0x64 zephyr/arch/arch/arm/core/aarch32/cortex_m/libarch__arm__core__aarch32__cortex_m.a(scb.c.obj)
                0x00000000000072f0                z_arm_init_arch_hw_at_boot
 .text.z_impl_k_thread_abort
                0x0000000000007354       0x2c zephyr/arch/arch/arm/core/aarch32/cortex_m/libarch__arm__core__aarch32__cortex_m.a(thread_abort.c.obj)
                0x0000000000007354                z_impl_k_thread_abort
 .text.z_arm_configure_static_mpu_regions
                0x0000000000007380       0x18 zephyr/arch/arch/arm/core/aarch32/mpu/libarch__arm__core__aarch32__mpu.a(arm_core_mpu.c.obj)
                0x0000000000007380                z_arm_configure_static_mpu_regions
 .text.mpu_configure_regions
                0x0000000000007398       0xdc zephyr/arch/arch/arm/core/aarch32/mpu/libarch__arm__core__aarch32__mpu.a(arm_mpu.c.obj)
 .text.arm_core_mpu_enable
                0x0000000000007474       0x18 zephyr/arch/arch/arm/core/aarch32/mpu/libarch__arm__core__aarch32__mpu.a(arm_mpu.c.obj)
                0x0000000000007474                arm_core_mpu_enable
 .text.arm_core_mpu_disable
                0x000000000000748c       0x14 zephyr/arch/arch/arm/core/aarch32/mpu/libarch__arm__core__aarch32__mpu.a(arm_mpu.c.obj)
                0x000000000000748c                arm_core_mpu_disable
 .text.arm_core_mpu_configure_static_mpu_regions
                0x00000000000074a0       0x14 zephyr/arch/arch/arm/core/aarch32/mpu/libarch__arm__core__aarch32__mpu.a(arm_mpu.c.obj)
                0x00000000000074a0                arm_core_mpu_configure_static_mpu_regions
 .text.z_arm_mpu_init
                0x00000000000074b4       0x60 zephyr/arch/arch/arm/core/aarch32/mpu/libarch__arm__core__aarch32__mpu.a(arm_mpu.c.obj)
                0x00000000000074b4                z_arm_mpu_init
 .text.__stdout_hook_install
                0x0000000000007514        0xc zephyr/lib/libc/minimal/liblib__libc__minimal.a(stdout_console.c.obj)
                0x0000000000007514                __stdout_hook_install
 .text.snprintf
                0x0000000000007520       0x34 zephyr/lib/libc/minimal/liblib__libc__minimal.a(sprintf.c.obj)
                0x0000000000007520                snprintf
 .text.nordicsemi_nrf52_init
                0x0000000000007554       0x30 zephyr/soc/arm/nordic_nrf/nrf52/libsoc__arm__nordic_nrf__nrf52.a(soc.c.obj)
 .text.sys_arch_reboot
                0x0000000000007584       0x2c zephyr/soc/arm/nordic_nrf/nrf52/libsoc__arm__nordic_nrf__nrf52.a(soc.c.obj)
                0x0000000000007584                sys_arch_reboot
 .text.arch_busy_wait
                0x00000000000075b0       0x14 zephyr/soc/arm/nordic_nrf/nrf52/libsoc__arm__nordic_nrf__nrf52.a(soc.c.obj)
                0x00000000000075b0                arch_busy_wait
 .text.onoff_stop
                0x00000000000075c4       0x30 zephyr/drivers/clock_control/libdrivers__clock_control.a(clock_control_nrf.c.obj)
 .text.onoff_start
                0x00000000000075f4       0x44 zephyr/drivers/clock_control/libdrivers__clock_control.a(clock_control_nrf.c.obj)
 .text.hfclk_start
                0x0000000000007638       0x30 zephyr/drivers/clock_control/libdrivers__clock_control.a(clock_control_nrf.c.obj)
 .text.clk_init
                0x0000000000007668       0x58 zephyr/drivers/clock_control/libdrivers__clock_control.a(clock_control_nrf.c.obj)
 .text.clkstarted_handle.constprop.0
                0x00000000000076c0       0x34 zephyr/drivers/clock_control/libdrivers__clock_control.a(clock_control_nrf.c.obj)
 .text.clock_event_handler
                0x00000000000076f4       0x1c zephyr/drivers/clock_control/libdrivers__clock_control.a(clock_control_nrf.c.obj)
 .text.generic_hfclk_start
                0x0000000000007710       0x60 zephyr/drivers/clock_control/libdrivers__clock_control.a(clock_control_nrf.c.obj)
 .text.api_blocking_start
                0x0000000000007770       0x3c zephyr/drivers/clock_control/libdrivers__clock_control.a(clock_control_nrf.c.obj)
 .text.lfclk_start
                0x00000000000077ac       0x24 zephyr/drivers/clock_control/libdrivers__clock_control.a(clock_control_nrf.c.obj)
 .text.cmd_status
                0x00000000000077d0       0xf8 zephyr/drivers/clock_control/libdrivers__clock_control.a(clock_control_nrf.c.obj)
 .text.hfclk_stop
                0x00000000000078c8       0x30 zephyr/drivers/clock_control/libdrivers__clock_control.a(clock_control_nrf.c.obj)
 .text.generic_hfclk_stop
                0x00000000000078f8       0x34 zephyr/drivers/clock_control/libdrivers__clock_control.a(clock_control_nrf.c.obj)
 .text.z_nrf_clock_control_lf_on
                0x000000000000792c       0xfc zephyr/drivers/clock_control/libdrivers__clock_control.a(clock_control_nrf.c.obj)
                0x000000000000792c                z_nrf_clock_control_lf_on
 .text.rtt_console_init
                0x0000000000007a28       0x18 zephyr/drivers/console/libdrivers__console.a(rtt_console.c.obj)
 .text.rtt_console_out
                0x0000000000007a40       0x54 zephyr/drivers/console/libdrivers__console.a(rtt_console.c.obj)
 .text.uart_console_init
                0x0000000000007a94       0x28 zephyr/drivers/console/libdrivers__console.a(uart_console.c.obj)
 .text.console_out
                0x0000000000007abc       0x28 zephyr/drivers/console/libdrivers__console.a(uart_console.c.obj)
 .text.flash_nrf_pages_layout
                0x0000000000007ae4       0x10 zephyr/drivers/flash/libdrivers__flash.a(soc_flash_nrf.c.obj)
 .text.flash_nrf_get_parameters
                0x0000000000007af4        0x8 zephyr/drivers/flash/libdrivers__flash.a(soc_flash_nrf.c.obj)
 .text.flash_nrf_read.part.0
                0x0000000000007afc       0x40 zephyr/drivers/flash/libdrivers__flash.a(soc_flash_nrf.c.obj)
 .text.nrf_flash_init
                0x0000000000007b3c       0x28 zephyr/drivers/flash/libdrivers__flash.a(soc_flash_nrf.c.obj)
 .text.flash_nrf_erase
                0x0000000000007b64       0xc4 zephyr/drivers/flash/libdrivers__flash.a(soc_flash_nrf.c.obj)
 .text.flash_nrf_write
                0x0000000000007c28       0xc4 zephyr/drivers/flash/libdrivers__flash.a(soc_flash_nrf.c.obj)
 .text.device_name_get
                0x0000000000007cec       0x20 zephyr/drivers/flash/libdrivers__flash.a(flash_shell.c.obj)
 .text.cmd_flash
                0x0000000000007d0c       0x20 zephyr/drivers/flash/libdrivers__flash.a(flash_shell.c.obj)
 .text.parse_helper
                0x0000000000007d2c       0xa8 zephyr/drivers/flash/libdrivers__flash.a(flash_shell.c.obj)
 .text.cmd_erase
                0x0000000000007dd4       0x8c zephyr/drivers/flash/libdrivers__flash.a(flash_shell.c.obj)
 .text.cmd_write
                0x0000000000007e60       0xe8 zephyr/drivers/flash/libdrivers__flash.a(flash_shell.c.obj)
 .text.cmd_read
                0x0000000000007f48       0x9c zephyr/drivers/flash/libdrivers__flash.a(flash_shell.c.obj)
 .text.cmd_page_info
                0x0000000000007fe4       0x64 zephyr/drivers/flash/libdrivers__flash.a(flash_shell.c.obj)
 .text.bypass_cb
                0x0000000000008048      0x17c zephyr/drivers/flash/libdrivers__flash.a(flash_shell.c.obj)
 .text.cmd_load
                0x00000000000081c4      0x13c zephyr/drivers/flash/libdrivers__flash.a(flash_shell.c.obj)
 .text.cmd_test
                0x0000000000008300      0x140 zephyr/drivers/flash/libdrivers__flash.a(flash_shell.c.obj)
 .text.gpio_nrfx_pin_interrupt_configure
                0x0000000000008440       0xc8 zephyr/drivers/gpio/libdrivers__gpio.a(gpio_nrfx.c.obj)
 .text.gpio_nrfx_init
                0x0000000000008508       0x38 zephyr/drivers/gpio/libdrivers__gpio.a(gpio_nrfx.c.obj)
 .text.nrfx_gpio_handler
                0x0000000000008540       0x3c zephyr/drivers/gpio/libdrivers__gpio.a(gpio_nrfx.c.obj)
 .text.gpio_nrfx_pin_configure
                0x000000000000857c      0x128 zephyr/drivers/gpio/libdrivers__gpio.a(gpio_nrfx.c.obj)
 .text.print_all_reset_causes
                0x00000000000086a4      0x118 zephyr/drivers/hwinfo/libdrivers__hwinfo.a(hwinfo_shell.c.obj)
 .text.cmd_show_reset_cause
                0x00000000000087bc       0x60 zephyr/drivers/hwinfo/libdrivers__hwinfo.a(hwinfo_shell.c.obj)
 .text.cmd_supported_reset_cause
                0x000000000000881c       0x68 zephyr/drivers/hwinfo/libdrivers__hwinfo.a(hwinfo_shell.c.obj)
 .text.cmd_clear_reset_cause
                0x0000000000008884       0x3c zephyr/drivers/hwinfo/libdrivers__hwinfo.a(hwinfo_shell.c.obj)
 .text.cmd_get_device_id
                0x00000000000088c0       0x94 zephyr/drivers/hwinfo/libdrivers__hwinfo.a(hwinfo_shell.c.obj)
 .text.event_txdrdy_check
                0x0000000000008954       0x20 zephyr/drivers/serial/libdrivers__serial.a(uart_nrfx_uart.c.obj)
 .text.uart_nrfx_poll_in
                0x0000000000008974       0x24 zephyr/drivers/serial/libdrivers__serial.a(uart_nrfx_uart.c.obj)
 .text.uart_nrfx_err_check
                0x0000000000008998       0x10 zephyr/drivers/serial/libdrivers__serial.a(uart_nrfx_uart.c.obj)
 .text.uart_nrfx_fifo_read
                0x00000000000089a8       0x2c zephyr/drivers/serial/libdrivers__serial.a(uart_nrfx_uart.c.obj)
 .text.uart_nrfx_irq_tx_disable
                0x00000000000089d4        0xc zephyr/drivers/serial/libdrivers__serial.a(uart_nrfx_uart.c.obj)
 .text.uart_nrfx_irq_rx_enable
                0x00000000000089e0       0x10 zephyr/drivers/serial/libdrivers__serial.a(uart_nrfx_uart.c.obj)
 .text.uart_nrfx_irq_rx_disable
                0x00000000000089f0       0x10 zephyr/drivers/serial/libdrivers__serial.a(uart_nrfx_uart.c.obj)
 .text.uart_nrfx_irq_tx_ready_complete
                0x0000000000008a00       0x28 zephyr/drivers/serial/libdrivers__serial.a(uart_nrfx_uart.c.obj)
 .text.uart_nrfx_irq_rx_ready
                0x0000000000008a28       0x14 zephyr/drivers/serial/libdrivers__serial.a(uart_nrfx_uart.c.obj)
 .text.uart_nrfx_irq_err_enable
                0x0000000000008a3c       0x10 zephyr/drivers/serial/libdrivers__serial.a(uart_nrfx_uart.c.obj)
 .text.uart_nrfx_irq_err_disable
                0x0000000000008a4c       0x10 zephyr/drivers/serial/libdrivers__serial.a(uart_nrfx_uart.c.obj)
 .text.uart_nrfx_irq_is_pending
                0x0000000000008a5c       0x34 zephyr/drivers/serial/libdrivers__serial.a(uart_nrfx_uart.c.obj)
 .text.uart_nrfx_irq_callback_set
                0x0000000000008a90       0x14 zephyr/drivers/serial/libdrivers__serial.a(uart_nrfx_uart.c.obj)
 .text.uart_nrfx_irq_tx_enable
                0x0000000000008aa4       0x50 zephyr/drivers/serial/libdrivers__serial.a(uart_nrfx_uart.c.obj)
 .text.uart_nrfx_isr
                0x0000000000008af4       0x5c zephyr/drivers/serial/libdrivers__serial.a(uart_nrfx_uart.c.obj)
 .text.uart_nrfx_configure
                0x0000000000008b50      0x15c zephyr/drivers/serial/libdrivers__serial.a(uart_nrfx_uart.c.obj)
 .text.uart_nrfx_poll_out
                0x0000000000008cac       0x84 zephyr/drivers/serial/libdrivers__serial.a(uart_nrfx_uart.c.obj)
 .text.uart_nrfx_pm_action
                0x0000000000008d30       0x44 zephyr/drivers/serial/libdrivers__serial.a(uart_nrfx_uart.c.obj)
 .text.uart_nrfx_init
                0x0000000000008d74       0x58 zephyr/drivers/serial/libdrivers__serial.a(uart_nrfx_uart.c.obj)
 .text.uart_nrfx_fifo_fill
                0x0000000000008dcc       0x40 zephyr/drivers/serial/libdrivers__serial.a(uart_nrfx_uart.c.obj)
 .text.spi_nrfx_init
                0x0000000000008e0c       0xc8 zephyr/drivers/spi/libdrivers__spi.a(spi_nrfx_spi.c.obj)
 .text.transfer_next_chunk
                0x0000000000008ed4       0x6c zephyr/drivers/spi/libdrivers__spi.a(spi_nrfx_spi.c.obj)
 .text.event_handler
                0x0000000000008f40       0xe4 zephyr/drivers/spi/libdrivers__spi.a(spi_nrfx_spi.c.obj)
 .text.spi_nrfx_transceive
                0x0000000000009024      0x390 zephyr/drivers/spi/libdrivers__spi.a(spi_nrfx_spi.c.obj)
 .text.compare_int_lock
                0x00000000000093b4       0x48 zephyr/drivers/timer/libdrivers__timer.a(nrf_rtc_timer.c.obj)
 .text.sys_clock_timeout_handler
                0x00000000000093fc       0x48 zephyr/drivers/timer/libdrivers__timer.a(nrf_rtc_timer.c.obj)
 .text.compare_int_unlock
                0x0000000000009444       0x5c zephyr/drivers/timer/libdrivers__timer.a(nrf_rtc_timer.c.obj)
 .text.z_nrf_rtc_timer_read
                0x00000000000094a0       0x44 zephyr/drivers/timer/libdrivers__timer.a(nrf_rtc_timer.c.obj)
                0x00000000000094a0                z_nrf_rtc_timer_read
 .text.compare_set
                0x00000000000094e4      0x11c zephyr/drivers/timer/libdrivers__timer.a(nrf_rtc_timer.c.obj)
 .text.sys_clock_driver_init
                0x0000000000009600       0x8c zephyr/drivers/timer/libdrivers__timer.a(nrf_rtc_timer.c.obj)
 .text.rtc_nrf_isr
                0x000000000000968c       0xd4 zephyr/drivers/timer/libdrivers__timer.a(nrf_rtc_timer.c.obj)
                0x000000000000968c                rtc_nrf_isr
 .text.sys_clock_set_timeout
                0x0000000000009760       0x64 zephyr/drivers/timer/libdrivers__timer.a(nrf_rtc_timer.c.obj)
                0x0000000000009760                sys_clock_set_timeout
 .text.sys_clock_elapsed
                0x00000000000097c4       0x14 zephyr/drivers/timer/libdrivers__timer.a(nrf_rtc_timer.c.obj)
                0x00000000000097c4                sys_clock_elapsed
 .text.sys_clock_disable
                0x00000000000097d8       0x30 zephyr/drivers/timer/libdrivers__timer.a(nrf_rtc_timer.c.obj)
                0x00000000000097d8                sys_clock_disable
 .text.k_sys_fatal_error_handler
                0x0000000000009808       0x30 modules/nrf/lib/fatal_error/lib..__nrf__lib__fatal_error.a(fatal_error.c.obj)
                0x0000000000009808                k_sys_fatal_error_handler
 .text.nrf52_errata_16
                0x0000000000009838       0x28 modules/hal_nordic/nrfx/libmodules__hal_nordic__nrfx.a(system_nrf52.c.obj)
 .text.nvmc_wait
                0x0000000000009860       0x10 modules/hal_nordic/nrfx/libmodules__hal_nordic__nrfx.a(system_nrf52.c.obj)
                0x0000000000009860                nvmc_wait
 .text.SystemInit
                0x0000000000009870      0x278 modules/hal_nordic/nrfx/libmodules__hal_nordic__nrfx.a(system_nrf52.c.obj)
                0x0000000000009870                SystemInit
 .text.nrfx_flag32_alloc
                0x0000000000009ae8       0x40 modules/hal_nordic/nrfx/libmodules__hal_nordic__nrfx.a(nrfx_flag32_allocator.c.obj)
                0x0000000000009ae8                nrfx_flag32_alloc
 .text.nrfx_flag32_free
                0x0000000000009b28       0x40 modules/hal_nordic/nrfx/libmodules__hal_nordic__nrfx.a(nrfx_flag32_allocator.c.obj)
                0x0000000000009b28                nrfx_flag32_free
 .text.clock_stop
                0x0000000000009b68       0xc8 modules/hal_nordic/nrfx/libmodules__hal_nordic__nrfx.a(nrfx_clock.c.obj)
 .text.nrfx_clock_init
                0x0000000000009c30       0x20 modules/hal_nordic/nrfx/libmodules__hal_nordic__nrfx.a(nrfx_clock.c.obj)
                0x0000000000009c30                nrfx_clock_init
 .text.nrfx_clock_start
                0x0000000000009c50       0xb0 modules/hal_nordic/nrfx/libmodules__hal_nordic__nrfx.a(nrfx_clock.c.obj)
                0x0000000000009c50                nrfx_clock_start
 .text.nrfx_power_clock_irq_handler
                0x0000000000009d00       0x68 modules/hal_nordic/nrfx/libmodules__hal_nordic__nrfx.a(nrfx_clock.c.obj)
                0x0000000000009d00                nrfx_power_clock_irq_handler
 .text.pin_in_use_by_te
                0x0000000000009d68       0x14 modules/hal_nordic/nrfx/libmodules__hal_nordic__nrfx.a(nrfx_gpiote.c.obj)
 .text.call_handler
                0x0000000000009d7c       0x3c modules/hal_nordic/nrfx/libmodules__hal_nordic__nrfx.a(nrfx_gpiote.c.obj)
 .text.release_handler
                0x0000000000009db8       0x54 modules/hal_nordic/nrfx/libmodules__hal_nordic__nrfx.a(nrfx_gpiote.c.obj)
 .text.pin_handler_trigger_uninit
                0x0000000000009e0c       0x38 modules/hal_nordic/nrfx/libmodules__hal_nordic__nrfx.a(nrfx_gpiote.c.obj)
 .text.nrfx_gpiote_input_configure
                0x0000000000009e44      0x15c modules/hal_nordic/nrfx/libmodules__hal_nordic__nrfx.a(nrfx_gpiote.c.obj)
                0x0000000000009e44                nrfx_gpiote_input_configure
 .text.nrfx_gpiote_output_configure
                0x0000000000009fa0       0xfc modules/hal_nordic/nrfx/libmodules__hal_nordic__nrfx.a(nrfx_gpiote.c.obj)
                0x0000000000009fa0                nrfx_gpiote_output_configure
 .text.nrfx_gpiote_global_callback_set
                0x000000000000a09c        0xc modules/hal_nordic/nrfx/libmodules__hal_nordic__nrfx.a(nrfx_gpiote.c.obj)
                0x000000000000a09c                nrfx_gpiote_global_callback_set
 .text.nrfx_gpiote_channel_get
                0x000000000000a0a8       0x2c modules/hal_nordic/nrfx/libmodules__hal_nordic__nrfx.a(nrfx_gpiote.c.obj)
                0x000000000000a0a8                nrfx_gpiote_channel_get
 .text.nrfx_gpiote_init
                0x000000000000a0d4       0x50 modules/hal_nordic/nrfx/libmodules__hal_nordic__nrfx.a(nrfx_gpiote.c.obj)
                0x000000000000a0d4                nrfx_gpiote_init
 .text.nrfx_gpiote_is_init
                0x000000000000a124       0x14 modules/hal_nordic/nrfx/libmodules__hal_nordic__nrfx.a(nrfx_gpiote.c.obj)
                0x000000000000a124                nrfx_gpiote_is_init
 .text.nrfx_gpiote_channel_free
                0x000000000000a138        0xc modules/hal_nordic/nrfx/libmodules__hal_nordic__nrfx.a(nrfx_gpiote.c.obj)
                0x000000000000a138                nrfx_gpiote_channel_free
 .text.nrfx_gpiote_channel_alloc
                0x000000000000a144        0xc modules/hal_nordic/nrfx/libmodules__hal_nordic__nrfx.a(nrfx_gpiote.c.obj)
                0x000000000000a144                nrfx_gpiote_channel_alloc
 .text.nrfx_gpiote_trigger_enable
                0x000000000000a150       0x88 modules/hal_nordic/nrfx/libmodules__hal_nordic__nrfx.a(nrfx_gpiote.c.obj)
                0x000000000000a150                nrfx_gpiote_trigger_enable
 .text.nrfx_gpiote_trigger_disable
                0x000000000000a1d8       0x50 modules/hal_nordic/nrfx/libmodules__hal_nordic__nrfx.a(nrfx_gpiote.c.obj)
                0x000000000000a1d8                nrfx_gpiote_trigger_disable
 .text.nrfx_gpiote_pin_uninit
                0x000000000000a228       0x44 modules/hal_nordic/nrfx/libmodules__hal_nordic__nrfx.a(nrfx_gpiote.c.obj)
                0x000000000000a228                nrfx_gpiote_pin_uninit
 .text.nrfx_gpiote_irq_handler
                0x000000000000a26c      0x154 modules/hal_nordic/nrfx/libmodules__hal_nordic__nrfx.a(nrfx_gpiote.c.obj)
                0x000000000000a26c                nrfx_gpiote_irq_handler
 .text.nvmc_word_write
                0x000000000000a3c0       0x18 modules/hal_nordic/nrfx/libmodules__hal_nordic__nrfx.a(nrfx_nvmc.c.obj)
 .text.nrfx_nvmc_page_erase
                0x000000000000a3d8       0x40 modules/hal_nordic/nrfx/libmodules__hal_nordic__nrfx.a(nrfx_nvmc.c.obj)
                0x000000000000a3d8                nrfx_nvmc_page_erase
 .text.nrfx_nvmc_word_write
                0x000000000000a418       0x1c modules/hal_nordic/nrfx/libmodules__hal_nordic__nrfx.a(nrfx_nvmc.c.obj)
                0x000000000000a418                nrfx_nvmc_word_write
 .text.nrfx_spi_init
                0x000000000000a434      0x15c modules/hal_nordic/nrfx/libmodules__hal_nordic__nrfx.a(nrfx_spi.c.obj)
                0x000000000000a434                nrfx_spi_init
 .text.nrfx_spi_uninit
                0x000000000000a590       0xa4 modules/hal_nordic/nrfx/libmodules__hal_nordic__nrfx.a(nrfx_spi.c.obj)
                0x000000000000a590                nrfx_spi_uninit
 .text.nrfx_spi_xfer
                0x000000000000a634      0x11c modules/hal_nordic/nrfx/libmodules__hal_nordic__nrfx.a(nrfx_spi.c.obj)
                0x000000000000a634                nrfx_spi_xfer
 .text.nrfx_spi_1_irq_handler
                0x000000000000a750       0x10 modules/hal_nordic/nrfx/libmodules__hal_nordic__nrfx.a(nrfx_spi.c.obj)
                0x000000000000a750                nrfx_spi_1_irq_handler
 .text.nrfx_spi_2_irq_handler
                0x000000000000a760       0x10 modules/hal_nordic/nrfx/libmodules__hal_nordic__nrfx.a(nrfx_spi.c.obj)
                0x000000000000a760                nrfx_spi_2_irq_handler
 .text._DoInit  0x000000000000a770       0x60 modules/segger/libmodules__segger.a(SEGGER_RTT.c.obj)
 .text.SEGGER_RTT_WriteSkipNoLock
                0x000000000000a7d0       0x90 modules/segger/libmodules__segger.a(SEGGER_RTT.c.obj)
                0x000000000000a7d0                SEGGER_RTT_WriteSkipNoLock
 .text.SEGGER_RTT_WriteNoLock
                0x000000000000a860       0x58 modules/segger/libmodules__segger.a(SEGGER_RTT.c.obj)
                0x000000000000a860                SEGGER_RTT_WriteNoLock
 .text.SEGGER_RTT_HasDataUp
                0x000000000000a8b8       0x14 modules/segger/libmodules__segger.a(SEGGER_RTT.c.obj)
                0x000000000000a8b8                SEGGER_RTT_HasDataUp
 .text.zephyr_rtt_mutex_lock
                0x000000000000a8cc       0x14 modules/segger/libmodules__segger.a(SEGGER_RTT_zephyr.c.obj)
                0x000000000000a8cc                zephyr_rtt_mutex_lock
 .text.zephyr_rtt_mutex_unlock
                0x000000000000a8e0        0xc modules/segger/libmodules__segger.a(SEGGER_RTT_zephyr.c.obj)
                0x000000000000a8e0                zephyr_rtt_mutex_unlock
 .text.device_visitor
                0x000000000000a8ec       0x5c zephyr/kernel/libkernel.a(device.c.obj)
 .text.z_device_get_all_static
                0x000000000000a948       0x1c zephyr/kernel/libkernel.a(device.c.obj)
                0x000000000000a948                z_device_get_all_static
 .text.z_impl_device_get_binding
                0x000000000000a964       0x54 zephyr/kernel/libkernel.a(device.c.obj)
                0x000000000000a964                z_impl_device_get_binding
 .text.z_impl_z_errno
                0x000000000000a9b8        0xc zephyr/kernel/libkernel.a(errno.c.obj)
                0x000000000000a9b8                z_impl_z_errno
 .text.z_fatal_error
                0x000000000000a9c4      0x11c zephyr/kernel/libkernel.a(fatal.c.obj)
                0x000000000000a9c4                z_fatal_error
 .text.z_sys_init_run_level
                0x000000000000aae0       0x48 zephyr/kernel/libkernel.a(init.c.obj)
 .text.bg_thread_main
                0x000000000000ab28       0x34 zephyr/kernel/libkernel.a(init.c.obj)
 .text.z_bss_zero
                0x000000000000ab5c       0x18 zephyr/kernel/libkernel.a(init.c.obj)
                0x000000000000ab5c                z_bss_zero
 .text.z_init_cpu
                0x000000000000ab74       0x70 zephyr/kernel/libkernel.a(init.c.obj)
                0x000000000000ab74                z_init_cpu
 .text.z_cstart
                0x000000000000abe4       0xe0 zephyr/kernel/libkernel.a(init.c.obj)
                0x000000000000abe4                z_cstart
 .text.k_thread_foreach
                0x000000000000acc4       0x34 zephyr/kernel/libkernel.a(thread.c.obj)
                0x000000000000acc4                k_thread_foreach
 .text.z_thread_monitor_exit
                0x000000000000acf8       0x3c zephyr/kernel/libkernel.a(thread.c.obj)
                0x000000000000acf8                z_thread_monitor_exit
 .text.z_impl_k_thread_name_set
                0x000000000000ad34       0x20 zephyr/kernel/libkernel.a(thread.c.obj)
                0x000000000000ad34                z_impl_k_thread_name_set
 .text.k_thread_state_str
                0x000000000000ad54       0x9c zephyr/kernel/libkernel.a(thread.c.obj)
                0x000000000000ad54                k_thread_state_str
 .text.z_setup_new_thread
                0x000000000000adf0       0xc8 zephyr/kernel/libkernel.a(thread.c.obj)
                0x000000000000adf0                z_setup_new_thread
 .text.z_impl_k_thread_create
                0x000000000000aeb8       0x58 zephyr/kernel/libkernel.a(thread.c.obj)
                0x000000000000aeb8                z_impl_k_thread_create
 .text.z_init_static_threads
                0x000000000000af10       0xb8 zephyr/kernel/libkernel.a(thread.c.obj)
                0x000000000000af10                z_init_static_threads
 .text.sys_kernel_version_get
                0x000000000000afc8        0x8 zephyr/kernel/libkernel.a(version.c.obj)
                0x000000000000afc8                sys_kernel_version_get
 .text.idle     0x000000000000afd0       0x38 zephyr/kernel/libkernel.a(idle.c.obj)
                0x000000000000afd0                idle
 .text.z_impl_k_mutex_lock
                0x000000000000b008       0xf4 zephyr/kernel/libkernel.a(mutex.c.obj)
                0x000000000000b008                z_impl_k_mutex_lock
 .text.z_impl_k_mutex_unlock
                0x000000000000b0fc       0x7c zephyr/kernel/libkernel.a(mutex.c.obj)
                0x000000000000b0fc                z_impl_k_mutex_unlock
 .text.z_impl_k_sem_give
                0x000000000000b178       0x4c zephyr/kernel/libkernel.a(sem.c.obj)
                0x000000000000b178                z_impl_k_sem_give
 .text.z_impl_k_sem_take
                0x000000000000b1c4       0x50 zephyr/kernel/libkernel.a(sem.c.obj)
                0x000000000000b1c4                z_impl_k_sem_take
 .text.z_impl_k_sem_reset
                0x000000000000b214       0x48 zephyr/kernel/libkernel.a(sem.c.obj)
                0x000000000000b214                z_impl_k_sem_reset
 .text.sliceable
                0x000000000000b25c       0x3c zephyr/kernel/libkernel.a(sched.c.obj)
 .text.slice_timeout
                0x000000000000b298       0x20 zephyr/kernel/libkernel.a(sched.c.obj)
 .text.z_reset_time_slice
                0x000000000000b2b8       0x50 zephyr/kernel/libkernel.a(sched.c.obj)
                0x000000000000b2b8                z_reset_time_slice
 .text.update_cache
                0x000000000000b308       0x3c zephyr/kernel/libkernel.a(sched.c.obj)
 .text.move_thread_to_end_of_prio_q
                0x000000000000b344       0x74 zephyr/kernel/libkernel.a(sched.c.obj)
 .text.ready_thread
                0x000000000000b3b8       0x68 zephyr/kernel/libkernel.a(sched.c.obj)
 .text.unready_thread
                0x000000000000b420       0x30 zephyr/kernel/libkernel.a(sched.c.obj)
 .text.pend_locked
                0x000000000000b450       0x30 zephyr/kernel/libkernel.a(sched.c.obj)
 .text.z_time_slice
                0x000000000000b480       0x60 zephyr/kernel/libkernel.a(sched.c.obj)
                0x000000000000b480                z_time_slice
 .text.z_pend_curr
                0x000000000000b4e0       0x3c zephyr/kernel/libkernel.a(sched.c.obj)
                0x000000000000b4e0                z_pend_curr
 .text.z_set_prio
                0x000000000000b51c       0x8c zephyr/kernel/libkernel.a(sched.c.obj)
                0x000000000000b51c                z_set_prio
 .text.z_reschedule
                0x000000000000b5a8       0x24 zephyr/kernel/libkernel.a(sched.c.obj)
                0x000000000000b5a8                z_reschedule
 .text.z_sched_start
                0x000000000000b5cc       0x3c zephyr/kernel/libkernel.a(sched.c.obj)
                0x000000000000b5cc                z_sched_start
 .text.z_impl_k_thread_suspend
                0x000000000000b608       0x64 zephyr/kernel/libkernel.a(sched.c.obj)
                0x000000000000b608                z_impl_k_thread_suspend
 .text.k_sched_lock
                0x000000000000b66c       0x28 zephyr/kernel/libkernel.a(sched.c.obj)
                0x000000000000b66c                k_sched_lock
 .text.k_sched_unlock
                0x000000000000b694       0x38 zephyr/kernel/libkernel.a(sched.c.obj)
                0x000000000000b694                k_sched_unlock
 .text.z_sched_init
                0x000000000000b6cc       0x10 zephyr/kernel/libkernel.a(sched.c.obj)
                0x000000000000b6cc                z_sched_init
 .text.z_impl_k_yield
                0x000000000000b6dc       0x7c zephyr/kernel/libkernel.a(sched.c.obj)
                0x000000000000b6dc                z_impl_k_yield
 .text.z_tick_sleep
                0x000000000000b758       0x88 zephyr/kernel/libkernel.a(sched.c.obj)
 .text.z_impl_k_sleep
                0x000000000000b7e0       0x34 zephyr/kernel/libkernel.a(sched.c.obj)
                0x000000000000b7e0                z_impl_k_sleep
 .text.z_impl_z_current_get
                0x000000000000b814        0xc zephyr/kernel/libkernel.a(sched.c.obj)
                0x000000000000b814                z_impl_z_current_get
 .text.z_thread_abort
                0x000000000000b820       0xc8 zephyr/kernel/libkernel.a(sched.c.obj)
                0x000000000000b820                z_thread_abort
 .text.z_sched_wait
                0x000000000000b8e8       0x24 zephyr/kernel/libkernel.a(sched.c.obj)
                0x000000000000b8e8                z_sched_wait
 .text.z_data_copy
                0x000000000000b90c       0x34 zephyr/kernel/libkernel.a(xip.c.obj)
                0x000000000000b90c                z_data_copy
 .text.elapsed  0x000000000000b940       0x14 zephyr/kernel/libkernel.a(timeout.c.obj)
 .text.next_timeout
                0x000000000000b954       0x40 zephyr/kernel/libkernel.a(timeout.c.obj)
 .text.remove_timeout
                0x000000000000b994       0x38 zephyr/kernel/libkernel.a(timeout.c.obj)
 .text.z_add_timeout
                0x000000000000b9cc       0xec zephyr/kernel/libkernel.a(timeout.c.obj)
                0x000000000000b9cc                z_add_timeout
 .text.sys_clock_announce
                0x000000000000bab8       0xd4 zephyr/kernel/libkernel.a(timeout.c.obj)
                0x000000000000bab8                sys_clock_announce
 .text.sys_clock_tick_get
                0x000000000000bb8c       0x34 zephyr/kernel/libkernel.a(timeout.c.obj)
                0x000000000000bb8c                sys_clock_tick_get
 .text.z_timer_expiration_handler
                0x000000000000bbc0       0xe4 zephyr/kernel/libkernel.a(timer.c.obj)
                0x000000000000bbc0                z_timer_expiration_handler
 .text.z_impl_k_timer_start
                0x000000000000bca4       0x60 zephyr/kernel/libkernel.a(timer.c.obj)
                0x000000000000bca4                z_impl_k_timer_start
 .text.z_impl_k_poll
                0x000000000000bd04       0xb8 zephyr/kernel/libkernel.a(poll.c.obj)
                0x000000000000bd04                z_impl_k_poll
 .text.z_impl_k_poll_signal_raise
                0x000000000000bdbc       0x50 zephyr/kernel/libkernel.a(poll.c.obj)
                0x000000000000bdbc                z_impl_k_poll_signal_raise
 .text.boot_banner
                0x000000000000be0c        0xc zephyr/kernel/libkernel.a(banner.c.obj)
                0x000000000000be0c                boot_banner
 .text.k_sys_work_q_init
                0x000000000000be18       0x34 zephyr/kernel/libkernel.a(system_work_q.c.obj)
 .text.work_queue_main
                0x000000000000be4c      0x138 zephyr/kernel/libkernel.a(work.c.obj)
 .text.submit_to_queue_locked
                0x000000000000bf84       0xb4 zephyr/kernel/libkernel.a(work.c.obj)
 .text.k_work_queue_start
                0x000000000000c038       0x70 zephyr/kernel/libkernel.a(work.c.obj)
                0x000000000000c038                k_work_queue_start
 .text.cmd_dict_algorithm_cmd_handler_tag
                0x000000000000c0a8        0x4 app/libapp.a(main.c.obj)
 .text.cmd_dict_algorithm_cmd_handler_anchor
                0x000000000000c0ac        0x4 app/libapp.a(main.c.obj)
 .text.rx_timeout_callback
                0x000000000000c0b0        0x4 app/libapp.a(uwb.c.obj)
 .text.rx_error_callback
                0x000000000000c0b4        0x4 app/libapp.a(uwb.c.obj)
 .text.tx_done_callback
                0x000000000000c0b8        0x4 app/libapp.a(uwb.c.obj)
 .text.dwt_writetodevice
                0x000000000000c0bc       0x44 app/libapp.a(deca_device.c.obj)
                0x000000000000c0bc                dwt_writetodevice
 .text.dwt_readfromdevice
                0x000000000000c100       0x40 app/libapp.a(deca_device.c.obj)
                0x000000000000c100                dwt_readfromdevice
 .text.dwt_read32bitoffsetreg
                0x000000000000c140       0x22 app/libapp.a(deca_device.c.obj)
                0x000000000000c140                dwt_read32bitoffsetreg
 .text.dwt_readdevid
                0x000000000000c162        0x8 app/libapp.a(deca_device.c.obj)
                0x000000000000c162                dwt_readdevid
 .text.dwt_read16bitoffsetreg
                0x000000000000c16a       0x18 app/libapp.a(deca_device.c.obj)
                0x000000000000c16a                dwt_read16bitoffsetreg
 .text.dwt_read8bitoffsetreg
                0x000000000000c182       0x1a app/libapp.a(deca_device.c.obj)
                0x000000000000c182                dwt_read8bitoffsetreg
 .text.dwt_write8bitoffsetreg
                0x000000000000c19c       0x1a app/libapp.a(deca_device.c.obj)
                0x000000000000c19c                dwt_write8bitoffsetreg
 .text.dwt_write16bitoffsetreg
                0x000000000000c1b6       0x18 app/libapp.a(deca_device.c.obj)
                0x000000000000c1b6                dwt_write16bitoffsetreg
 .text.dwt_setrxantennadelay
                0x000000000000c1ce        0xc app/libapp.a(deca_device.c.obj)
                0x000000000000c1ce                dwt_setrxantennadelay
 .text.dwt_settxantennadelay
                0x000000000000c1da        0xa app/libapp.a(deca_device.c.obj)
                0x000000000000c1da                dwt_settxantennadelay
 .text.dwt_write32bitoffsetreg
                0x000000000000c1e4       0x16 app/libapp.a(deca_device.c.obj)
                0x000000000000c1e4                dwt_write32bitoffsetreg
 .text._dwt_otpread
                0x000000000000c1fa       0x2c app/libapp.a(deca_device.c.obj)
                0x000000000000c1fa                _dwt_otpread
 .text._dwt_aonarrayupload
                0x000000000000c226       0x1a app/libapp.a(deca_device.c.obj)
                0x000000000000c226                _dwt_aonarrayupload
 .text._dwt_configlde
                0x000000000000c240       0x2a app/libapp.a(deca_device.c.obj)
                0x000000000000c240                _dwt_configlde
 .text._dwt_enableclocks
                0x000000000000c26a       0xcc app/libapp.a(deca_device.c.obj)
                0x000000000000c26a                _dwt_enableclocks
 .text._dwt_loaducodefromrom
                0x000000000000c336       0x24 app/libapp.a(deca_device.c.obj)
                0x000000000000c336                _dwt_loaducodefromrom
 .text._dwt_disablesequencing
                0x000000000000c35a       0x16 app/libapp.a(deca_device.c.obj)
                0x000000000000c35a                _dwt_disablesequencing
 .text.dwt_syncrxbufptrs
                0x000000000000c370       0x22 app/libapp.a(deca_device.c.obj)
                0x000000000000c370                dwt_syncrxbufptrs
 .text.dwt_setinterrupt
                0x000000000000c392       0x3a app/libapp.a(deca_device.c.obj)
                0x000000000000c392                dwt_setinterrupt
 .text.dwt_rxreset
                0x000000000000c3cc       0x1a app/libapp.a(deca_device.c.obj)
                0x000000000000c3cc                dwt_rxreset
 .text.dwt_setxtaltrim
                0x000000000000c3e6       0x10 app/libapp.a(deca_device.c.obj)
                0x000000000000c3e6                dwt_setxtaltrim
 .text.decamutexon
                0x000000000000c3f6        0x4 app/libapp.a(deca_mutex.c.obj)
                0x000000000000c3f6                decamutexon
 .text.decamutexoff
                0x000000000000c3fa        0x2 app/libapp.a(deca_mutex.c.obj)
                0x000000000000c3fa                decamutexoff
 .text.deca_sleep
                0x000000000000c3fc       0x26 app/libapp.a(deca_sleep.c.obj)
                0x000000000000c3fc                deca_sleep
 .text.port_set_dw1000_slowrate
                0x000000000000c422        0xc app/libapp.a(port.c.obj)
                0x000000000000c422                port_set_dw1000_slowrate
 .text.port_set_dw1000_fastrate
                0x000000000000c42e        0xc app/libapp.a(port.c.obj)
                0x000000000000c42e                port_set_dw1000_fastrate
 .text.gpio_init_callback
                0x000000000000c43a        0x6 app/libapp.a(port.c.obj)
 .text.gpio_add_callback.isra.0
                0x000000000000c440        0xc app/libapp.a(port.c.obj)
 .text.gpio_pin_configure.isra.0
                0x000000000000c44c       0x38 app/libapp.a(port.c.obj)
 .text.gpio_pin_interrupt_configure.isra.0
                0x000000000000c484       0x28 app/libapp.a(port.c.obj)
 .text.cbpprintf_external
                0x000000000000c4ac       0x62 zephyr/libzephyr.a(cbprintf_packaged.c.obj)
                0x000000000000c4ac                cbpprintf_external
 .text.is_ptr   0x000000000000c50e       0x4a zephyr/libzephyr.a(cbprintf_packaged.c.obj)
                0x000000000000c50e                is_ptr
 .text.arch_printk_char_out
                0x000000000000c558        0x4 zephyr/libzephyr.a(printk.c.obj)
                0x000000000000c558                arch_printk_char_out
 .text.str_out  0x000000000000c55c       0x26 zephyr/libzephyr.a(printk.c.obj)
 .text.printk   0x000000000000c582       0x1a zephyr/libzephyr.a(printk.c.obj)
                0x000000000000c582                printk
 .text.snprintk
                0x000000000000c59c       0x1a zephyr/libzephyr.a(printk.c.obj)
                0x000000000000c59c                snprintk
 .text.z_thread_entry
                0x000000000000c5b6       0x14 zephyr/libzephyr.a(thread_entry.c.obj)
                0x000000000000c5b6                z_thread_entry
 .text.process_recheck
                0x000000000000c5ca       0x38 zephyr/libzephyr.a(onoff.c.obj)
 .text.validate_args
                0x000000000000c602       0x20 zephyr/libzephyr.a(onoff.c.obj)
 .text.notify_one
                0x000000000000c622       0x2c zephyr/libzephyr.a(onoff.c.obj)
 .text.transition_complete
                0x000000000000c64e       0x1c zephyr/libzephyr.a(onoff.c.obj)
 .text.onoff_manager_init
                0x000000000000c66a       0x26 zephyr/libzephyr.a(onoff.c.obj)
                0x000000000000c66a                onoff_manager_init
 .text.onoff_request
                0x000000000000c690       0xb0 zephyr/libzephyr.a(onoff.c.obj)
                0x000000000000c690                onoff_request
 .text.sys_notify_validate
                0x000000000000c740       0x28 zephyr/libzephyr.a(notify.c.obj)
                0x000000000000c740                sys_notify_validate
 .text.sys_notify_finalize
                0x000000000000c768       0x32 zephyr/libzephyr.a(notify.c.obj)
                0x000000000000c768                sys_notify_finalize
 .text._ldiv5   0x000000000000c79a       0x30 zephyr/libzephyr.a(cbprintf_complete.c.obj)
 .text._get_digit
                0x000000000000c7ca       0x2e zephyr/libzephyr.a(cbprintf_complete.c.obj)
 .text.encode_uint
                0x000000000000c7f8       0x8c zephyr/libzephyr.a(cbprintf_complete.c.obj)
 .text.outs     0x000000000000c884       0x2e zephyr/libzephyr.a(cbprintf_complete.c.obj)
 .text.ring_buf_put_claim
                0x000000000000c8b2       0x3e zephyr/libzephyr.a(ring_buffer.c.obj)
                0x000000000000c8b2                ring_buf_put_claim
 .text.ring_buf_put_finish
                0x000000000000c8f0       0x2a zephyr/libzephyr.a(ring_buffer.c.obj)
                0x000000000000c8f0                ring_buf_put_finish
 .text.ring_buf_put
                0x000000000000c91a       0x3e zephyr/libzephyr.a(ring_buffer.c.obj)
                0x000000000000c91a                ring_buf_put
 .text.ring_buf_get_claim
                0x000000000000c958       0x40 zephyr/libzephyr.a(ring_buffer.c.obj)
                0x000000000000c958                ring_buf_get_claim
 .text.ring_buf_get_finish
                0x000000000000c998       0x2a zephyr/libzephyr.a(ring_buffer.c.obj)
                0x000000000000c998                ring_buf_get_finish
 .text.ring_buf_get
                0x000000000000c9c2       0x40 zephyr/libzephyr.a(ring_buffer.c.obj)
                0x000000000000c9c2                ring_buf_get
 .text.free_space
                0x000000000000ca02       0x26 zephyr/libzephyr.a(mpsc_pbuf.c.obj)
 .text.get_usage
                0x000000000000ca28       0x22 zephyr/libzephyr.a(mpsc_pbuf.c.obj)
 .text.idx_inc  0x000000000000ca4a       0x1c zephyr/libzephyr.a(mpsc_pbuf.c.obj)
 .text.rd_idx_inc
                0x000000000000ca66       0x18 zephyr/libzephyr.a(mpsc_pbuf.c.obj)
 .text.add_skip_item
                0x000000000000ca7e       0x3a zephyr/libzephyr.a(mpsc_pbuf.c.obj)
 .text.drop_item_locked
                0x000000000000cab8       0xee zephyr/libzephyr.a(mpsc_pbuf.c.obj)
 .text.post_drop_action
                0x000000000000cba6       0x36 zephyr/libzephyr.a(mpsc_pbuf.c.obj)
 .text.max_utilization_update
                0x000000000000cbdc       0x1a zephyr/libzephyr.a(mpsc_pbuf.c.obj)
 .text.mpsc_pbuf_init
                0x000000000000cbf6       0x42 zephyr/libzephyr.a(mpsc_pbuf.c.obj)
                0x000000000000cbf6                mpsc_pbuf_init
 .text.mpsc_pbuf_alloc
                0x000000000000cc38       0xfc zephyr/libzephyr.a(mpsc_pbuf.c.obj)
                0x000000000000cc38                mpsc_pbuf_alloc
 .text.mpsc_pbuf_commit
                0x000000000000cd34       0x40 zephyr/libzephyr.a(mpsc_pbuf.c.obj)
                0x000000000000cd34                mpsc_pbuf_commit
 .text.mpsc_pbuf_claim
                0x000000000000cd74       0xa4 zephyr/libzephyr.a(mpsc_pbuf.c.obj)
                0x000000000000cd74                mpsc_pbuf_claim
 .text.mpsc_pbuf_free
                0x000000000000ce18       0x78 zephyr/libzephyr.a(mpsc_pbuf.c.obj)
                0x000000000000ce18                mpsc_pbuf_free
 .text.mpsc_pbuf_is_pending
                0x000000000000ce90       0x1a zephyr/libzephyr.a(mpsc_pbuf.c.obj)
                0x000000000000ce90                mpsc_pbuf_is_pending
 .text.mpsc_pbuf_get_utilization
                0x000000000000ceaa       0x16 zephyr/libzephyr.a(mpsc_pbuf.c.obj)
                0x000000000000ceaa                mpsc_pbuf_get_utilization
 .text.mpsc_pbuf_get_max_utilization
                0x000000000000cec0       0x16 zephyr/libzephyr.a(mpsc_pbuf.c.obj)
                0x000000000000cec0                mpsc_pbuf_get_max_utilization
 .text._ConfigAbsSyms
                0x000000000000ced6        0x2 zephyr/libzephyr.a(configs.c.obj)
                0x000000000000ced6                _ConfigAbsSyms
 .text.nvs_flash_rd
                0x000000000000ced8       0x1c zephyr/libzephyr.a(nvs.c.obj)
 .text.nvs_sector_advance
                0x000000000000cef4       0x1a zephyr/libzephyr.a(nvs.c.obj)
 .text.nvs_flash_block_cmp
                0x000000000000cf0e       0x54 zephyr/libzephyr.a(nvs.c.obj)
 .text.nvs_flash_cmp_const
                0x000000000000cf62       0x4a zephyr/libzephyr.a(nvs.c.obj)
 .text.nvs_flash_erase_sector
                0x000000000000cfac       0x34 zephyr/libzephyr.a(nvs.c.obj)
 .text.nvs_ate_crc8_update
                0x000000000000cfe0       0x12 zephyr/libzephyr.a(nvs.c.obj)
 .text.z_log_msg_static_create.constprop.0
                0x000000000000cff2        0x6 zephyr/libzephyr.a(nvs.c.obj)
 .text.nvs_al_size.isra.0
                0x000000000000cff8       0x14 zephyr/libzephyr.a(nvs.c.obj)
 .text.nvs_ate_valid
                0x000000000000d00c       0x34 zephyr/libzephyr.a(nvs.c.obj)
 .text.nvs_close_ate_valid
                0x000000000000d040       0x3c zephyr/libzephyr.a(nvs.c.obj)
 .text.nvs_prev_ate
                0x000000000000d07c       0x94 zephyr/libzephyr.a(nvs.c.obj)
 .text.nvs_flash_al_wrt
                0x000000000000d110       0x74 zephyr/libzephyr.a(nvs.c.obj)
 .text.nvs_flash_ate_wrt
                0x000000000000d184       0x22 zephyr/libzephyr.a(nvs.c.obj)
 .text.nvs_add_gc_done_ate
                0x000000000000d1a6       0x2a zephyr/libzephyr.a(nvs.c.obj)
 .text.nvs_gc   0x000000000000d1d0      0x19a zephyr/libzephyr.a(nvs.c.obj)
 .text.nvs_read
                0x000000000000d36a        0xe zephyr/libzephyr.a(nvs.c.obj)
                0x000000000000d36a                nvs_read
 .text.log_msg_generic_get_wlen
                0x000000000000d378       0x20 zephyr/libzephyr.a(log_core.c.obj)
 .text.dummy_timestamp
                0x000000000000d398        0x4 zephyr/libzephyr.a(log_core.c.obj)
 .text.default_get_timestamp
                0x000000000000d39c        0x4 zephyr/libzephyr.a(log_core.c.obj)
 .text.atomic_inc
                0x000000000000d3a0       0x1a zephyr/libzephyr.a(log_core.c.obj)
 .text.z_log_vprintk
                0x000000000000d3ba       0x1c zephyr/libzephyr.a(log_core.c.obj)
                0x000000000000d3ba                z_log_vprintk
 .text.z_log_notify_drop
                0x000000000000d3d6        0x6 zephyr/libzephyr.a(log_core.c.obj)
 .text.z_log_get_tag
                0x000000000000d3dc        0x4 zephyr/libzephyr.a(log_core.c.obj)
                0x000000000000d3dc                z_log_get_tag
 .text.log_backend_disable
                0x000000000000d3e0       0x18 zephyr/libzephyr.a(log_mgmt.c.obj)
                0x000000000000d3e0                log_backend_disable
 .text.z_cbprintf_cpy
                0x000000000000d3f8       0x2c zephyr/libzephyr.a(log_msg.c.obj)
 .text.z_log_msg_finalize
                0x000000000000d424       0x32 zephyr/libzephyr.a(log_msg.c.obj)
                0x000000000000d424                z_log_msg_finalize
 .text.buffer_write
                0x000000000000d456       0x1a zephyr/libzephyr.a(log_output.c.obj)
 .text.cbvprintf
                0x000000000000d470        0xe zephyr/libzephyr.a(log_output.c.obj)
 .text.log_output_flush
                0x000000000000d47e       0x1a zephyr/libzephyr.a(log_output.c.obj)
                0x000000000000d47e                log_output_flush
 .text.out_func
                0x000000000000d498       0x36 zephyr/libzephyr.a(log_output.c.obj)
 .text.cr_out_func
                0x000000000000d4ce       0x1c zephyr/libzephyr.a(log_output.c.obj)
 .text.log_halt
                0x000000000000d4ea        0x8 zephyr/libzephyr.a(log_cmds.c.obj)
 .text.log_go   0x000000000000d4f2        0xa zephyr/libzephyr.a(log_cmds.c.obj)
 .text.cmd_log_self_status
                0x000000000000d4fc       0x20 zephyr/libzephyr.a(log_cmds.c.obj)
 .text.cmd_log_self_enable
                0x000000000000d51c       0x22 zephyr/libzephyr.a(log_cmds.c.obj)
 .text.log_disable
                0x000000000000d53e       0x14 zephyr/libzephyr.a(log_cmds.c.obj)
 .text.cmd_log_self_disable
                0x000000000000d552       0x22 zephyr/libzephyr.a(log_cmds.c.obj)
 .text.cmd_log_self_go
                0x000000000000d574       0x18 zephyr/libzephyr.a(log_cmds.c.obj)
 .text.cmd_log_self_halt
                0x000000000000d58c       0x18 zephyr/libzephyr.a(log_cmds.c.obj)
 .text.pm_device_state_get
                0x000000000000d5a4       0x12 zephyr/libzephyr.a(device.c.obj)
                0x000000000000d5a4                pm_device_state_get
 .text.pm_device_is_busy
                0x000000000000d5b6       0x14 zephyr/libzephyr.a(device.c.obj)
                0x000000000000d5b6                pm_device_is_busy
 .text.pm_device_busy_set
                0x000000000000d5ca       0x20 zephyr/libzephyr.a(device.c.obj)
                0x000000000000d5ca                pm_device_busy_set
 .text.pm_device_busy_clear
                0x000000000000d5ea       0x20 zephyr/libzephyr.a(device.c.obj)
                0x000000000000d5ea                pm_device_busy_clear
 .text.pm_device_wakeup_is_enabled
                0x000000000000d60a       0x14 zephyr/libzephyr.a(device.c.obj)
                0x000000000000d60a                pm_device_wakeup_is_enabled
 .text.pm_device_state_is_locked
                0x000000000000d61e       0x14 zephyr/libzephyr.a(device.c.obj)
                0x000000000000d61e                pm_device_state_is_locked
 .text.cmd_kernel_reboot_warm
                0x000000000000d632        0x8 zephyr/libzephyr.a(kernel_service.c.obj)
 .text.cmd_kernel_reboot_cold
                0x000000000000d63a        0x8 zephyr/libzephyr.a(kernel_service.c.obj)
 .text.log_msg_generic_get_wlen
                0x000000000000d642       0x20 zephyr/libzephyr.a(shell_uart.c.obj)
 .text.uart_irq_tx_disable
                0x000000000000d662        0xa zephyr/libzephyr.a(shell_uart.c.obj)
 .text.enable   0x000000000000d66c       0x16 zephyr/libzephyr.a(shell_uart.c.obj)
 .text.read     0x000000000000d682       0x12 zephyr/libzephyr.a(shell_uart.c.obj)
 .text.uninit   0x000000000000d694       0x22 zephyr/libzephyr.a(shell_uart.c.obj)
 .text.write    0x000000000000d6b6       0x6e zephyr/libzephyr.a(shell_uart.c.obj)
 .text.cmd_buffer_clear
                0x000000000000d724       0x12 zephyr/libzephyr.a(shell.c.obj)
 .text.atomic_or
                0x000000000000d736       0x1e zephyr/libzephyr.a(shell.c.obj)
 .text.atomic_and
                0x000000000000d754       0x1e zephyr/libzephyr.a(shell.c.obj)
 .text.shell_signal_handle
                0x000000000000d772       0x2c zephyr/libzephyr.a(shell.c.obj)
 .text.z_shell_strlen
                0x000000000000d79e        0xc zephyr/libzephyr.a(shell.c.obj)
 .text.z_shell_raw_fprintf
                0x000000000000d7aa       0x1a zephyr/libzephyr.a(shell.c.obj)
 .text.k_mutex_lock.constprop.0.isra.0
                0x000000000000d7c4        0x4 zephyr/libzephyr.a(shell.c.obj)
 .text.transport_evt_handler
                0x000000000000d7c8       0x14 zephyr/libzephyr.a(shell.c.obj)
 .text.kill_handler
                0x000000000000d7dc       0x50 zephyr/libzephyr.a(shell.c.obj)
 .text.z_flag_cmd_ctx_set.isra.0
                0x000000000000d82c       0x16 zephyr/libzephyr.a(shell.c.obj)
 .text.z_flag_history_exit_set.isra.0
                0x000000000000d842       0x14 zephyr/libzephyr.a(shell.c.obj)
 .text.z_flag_insert_mode_set.isra.0
                0x000000000000d856       0x1e zephyr/libzephyr.a(shell.c.obj)
 .text.k_mutex_unlock.isra.0
                0x000000000000d874        0x4 zephyr/libzephyr.a(shell.c.obj)
 .text.shell_log_process
                0x000000000000d878       0x48 zephyr/libzephyr.a(shell.c.obj)
 .text.shell_vfprintf
                0x000000000000d8c0       0x7a zephyr/libzephyr.a(shell.c.obj)
                0x000000000000d8c0                shell_vfprintf
 .text.shell_fprintf
                0x000000000000d93a       0x1a zephyr/libzephyr.a(shell.c.obj)
                0x000000000000d93a                shell_fprintf
 .text.shell_help
                0x000000000000d954       0x2a zephyr/libzephyr.a(shell.c.obj)
                0x000000000000d954                shell_help
 .text.shell_set_bypass
                0x000000000000d97e        0xc zephyr/libzephyr.a(shell.c.obj)
                0x000000000000d97e                shell_set_bypass
 .text.z_shell_fprintf_buffer_flush
                0x000000000000d98a       0x18 zephyr/libzephyr.a(shell_fprintf.c.obj)
                0x000000000000d98a                z_shell_fprintf_buffer_flush
 .text.out_func
                0x000000000000d9a2       0x3c zephyr/libzephyr.a(shell_fprintf.c.obj)
 .text.isspace  0x000000000000d9de       0x14 zephyr/libzephyr.a(shell_utils.c.obj)
 .text.z_shell_strlen
                0x000000000000d9f2        0xc zephyr/libzephyr.a(shell_utils.c.obj)
 .text.z_column_span_with_buffer_offsets_get
                0x000000000000d9fe       0x1e zephyr/libzephyr.a(shell_utils.c.obj)
                0x000000000000d9fe                z_column_span_with_buffer_offsets_get
 .text.z_row_span_with_buffer_offsets_get
                0x000000000000da1c       0x16 zephyr/libzephyr.a(shell_utils.c.obj)
                0x000000000000da1c                z_row_span_with_buffer_offsets_get
 .text.z_shell_multiline_data_calc
                0x000000000000da32       0x2c zephyr/libzephyr.a(shell_utils.c.obj)
                0x000000000000da32                z_shell_multiline_data_calc
 .text.z_shell_make_argv
                0x000000000000da5e      0x19e zephyr/libzephyr.a(shell_utils.c.obj)
                0x000000000000da5e                z_shell_make_argv
 .text.z_shell_pattern_remove
                0x000000000000dbfc       0x4e zephyr/libzephyr.a(shell_utils.c.obj)
                0x000000000000dbfc                z_shell_pattern_remove
 .text.z_shell_find_cmd
                0x000000000000dc4a       0x40 zephyr/libzephyr.a(shell_utils.c.obj)
                0x000000000000dc4a                z_shell_find_cmd
 .text.z_shell_get_last_command
                0x000000000000dc8a       0x5c zephyr/libzephyr.a(shell_utils.c.obj)
                0x000000000000dc8a                z_shell_get_last_command
 .text.z_shell_spaces_trim
                0x000000000000dce6       0x62 zephyr/libzephyr.a(shell_utils.c.obj)
                0x000000000000dce6                z_shell_spaces_trim
 .text.z_shell_cmd_trim
                0x000000000000dd48       0x68 zephyr/libzephyr.a(shell_utils.c.obj)
                0x000000000000dd48                z_shell_cmd_trim
 .text.shell_device_lookup
                0x000000000000ddb0       0x68 zephyr/libzephyr.a(shell_utils.c.obj)
                0x000000000000ddb0                shell_device_lookup
 .text.shell_strtoul
                0x000000000000de18       0x5a zephyr/libzephyr.a(shell_utils.c.obj)
                0x000000000000de18                shell_strtoul
 .text.z_shell_raw_fprintf
                0x000000000000de72       0x1a zephyr/libzephyr.a(shell_ops.c.obj)
 .text.full_line_cmd
                0x000000000000de8c       0x28 zephyr/libzephyr.a(shell_ops.c.obj)
 .text.z_shell_cursor_in_empty_line
                0x000000000000deb4       0x32 zephyr/libzephyr.a(shell_ops.c.obj)
                0x000000000000deb4                z_shell_cursor_in_empty_line
 .text.z_shell_op_cond_next_line
                0x000000000000dee6       0x20 zephyr/libzephyr.a(shell_ops.c.obj)
                0x000000000000dee6                z_shell_op_cond_next_line
 .text.z_shell_op_cursor_position_synchronize
                0x000000000000df06       0x46 zephyr/libzephyr.a(shell_ops.c.obj)
                0x000000000000df06                z_shell_op_cursor_position_synchronize
 .text.z_shell_op_cursor_move
                0x000000000000df4c       0x48 zephyr/libzephyr.a(shell_ops.c.obj)
                0x000000000000df4c                z_shell_op_cursor_move
 .text.z_shell_op_cursor_word_move
                0x000000000000df94       0x7c zephyr/libzephyr.a(shell_ops.c.obj)
                0x000000000000df94                z_shell_op_cursor_word_move
 .text.z_shell_op_cursor_home_move
                0x000000000000e010        0xc zephyr/libzephyr.a(shell_ops.c.obj)
                0x000000000000e010                z_shell_op_cursor_home_move
 .text.z_shell_op_cursor_end_move
                0x000000000000e01c        0xe zephyr/libzephyr.a(shell_ops.c.obj)
                0x000000000000e01c                z_shell_op_cursor_end_move
 .text.z_shell_op_left_arrow
                0x000000000000e02a       0x10 zephyr/libzephyr.a(shell_ops.c.obj)
                0x000000000000e02a                z_shell_op_left_arrow
 .text.z_shell_op_right_arrow
                0x000000000000e03a       0x12 zephyr/libzephyr.a(shell_ops.c.obj)
                0x000000000000e03a                z_shell_op_right_arrow
 .text.z_shell_op_delete_from_cursor
                0x000000000000e04c       0x16 zephyr/libzephyr.a(shell_ops.c.obj)
                0x000000000000e04c                z_shell_op_delete_from_cursor
 .text.z_shell_cmd_line_erase
                0x000000000000e062       0x34 zephyr/libzephyr.a(shell_ops.c.obj)
                0x000000000000e062                z_shell_cmd_line_erase
 .text.z_shell_write
                0x000000000000e096       0x88 zephyr/libzephyr.a(shell_ops.c.obj)
                0x000000000000e096                z_shell_write
 .text.z_shell_print_stream
                0x000000000000e11e        0x4 zephyr/libzephyr.a(shell_ops.c.obj)
                0x000000000000e11e                z_shell_print_stream
 .text.z_shell_vfprintf
                0x000000000000e122       0x54 zephyr/libzephyr.a(shell_ops.c.obj)
                0x000000000000e122                z_shell_vfprintf
 .text.z_shell_fprintf
                0x000000000000e176       0x1a zephyr/libzephyr.a(shell_ops.c.obj)
                0x000000000000e176                z_shell_fprintf
 .text.data_insert
                0x000000000000e190       0x66 zephyr/libzephyr.a(shell_ops.c.obj)
 .text.z_shell_op_completion_insert
                0x000000000000e1f6        0x4 zephyr/libzephyr.a(shell_ops.c.obj)
                0x000000000000e1f6                z_shell_op_completion_insert
 .text.z_shell_op_char_delete
                0x000000000000e1fa       0x36 zephyr/libzephyr.a(shell_ops.c.obj)
                0x000000000000e1fa                z_shell_op_char_delete
 .text.z_shell_op_char_backspace
                0x000000000000e230       0x22 zephyr/libzephyr.a(shell_ops.c.obj)
                0x000000000000e230                z_shell_op_char_backspace
 .text.process_msg_from_buffer
                0x000000000000e252       0x34 zephyr/libzephyr.a(shell_log_backend.c.obj)
 .text.dropped  0x000000000000e286       0x38 zephyr/libzephyr.a(shell_log_backend.c.obj)
 .text.process  0x000000000000e2be      0x148 zephyr/libzephyr.a(shell_log_backend.c.obj)
 .text.z_shell_log_backend_output_func
                0x000000000000e406       0x14 zephyr/libzephyr.a(shell_log_backend.c.obj)
                0x000000000000e406                z_shell_log_backend_output_func
 .text.z_shell_log_backend_enable
                0x000000000000e41a       0x2e zephyr/libzephyr.a(shell_log_backend.c.obj)
                0x000000000000e41a                z_shell_log_backend_enable
 .text.z_shell_log_backend_disable
                0x000000000000e448       0x12 zephyr/libzephyr.a(shell_log_backend.c.obj)
                0x000000000000e448                z_shell_log_backend_disable
 .text.panic    0x000000000000e45a       0x70 zephyr/libzephyr.a(shell_log_backend.c.obj)
 .text.z_shell_log_backend_process
                0x000000000000e4ca       0x6a zephyr/libzephyr.a(shell_log_backend.c.obj)
                0x000000000000e4ca                z_shell_log_backend_process
 .text.z_shell_raw_fprintf
                0x000000000000e534       0x1a zephyr/libzephyr.a(shell_help.c.obj)
 .text.formatted_text_print.constprop.0
                0x000000000000e54e       0xe0 zephyr/libzephyr.a(shell_help.c.obj)
 .text.cmd_shell_stats_reset
                0x000000000000e62e        0x8 zephyr/libzephyr.a(shell_cmds.c.obj)
 .text.z_shell_raw_fprintf
                0x000000000000e636       0x1a zephyr/libzephyr.a(shell_cmds.c.obj)
 .text.cmd_vt100_off
                0x000000000000e650       0x22 zephyr/libzephyr.a(shell_cmds.c.obj)
 .text.cmd_bacskpace_mode_delete
                0x000000000000e672       0x22 zephyr/libzephyr.a(shell_cmds.c.obj)
 .text.cmd_colors_off
                0x000000000000e694       0x22 zephyr/libzephyr.a(shell_cmds.c.obj)
 .text.cmd_bacskpace_mode_backspace
                0x000000000000e6b6       0x22 zephyr/libzephyr.a(shell_cmds.c.obj)
 .text.cmd_echo_off
                0x000000000000e6d8       0x22 zephyr/libzephyr.a(shell_cmds.c.obj)
 .text.cmd_colors_on
                0x000000000000e6fa       0x22 zephyr/libzephyr.a(shell_cmds.c.obj)
 .text.cmd_vt100_on
                0x000000000000e71c       0x22 zephyr/libzephyr.a(shell_cmds.c.obj)
 .text.cmd_echo_on
                0x000000000000e73e       0x22 zephyr/libzephyr.a(shell_cmds.c.obj)
 .text.remove_from_tail.part.0