Archive member included to satisfy reference by file (symbol)

app/libapp.a(main.c.obj)      (--whole-archive)
app/libapp.a(deca_device.c.obj)
                              (--whole-archive)
app/libapp.a(deca_mutex.c.obj)
                              (--whole-archive)
app/libapp.a(deca_params_init.c.obj)
                              (--whole-archive)
app/libapp.a(deca_range_tables.c.obj)
                              (--whole-archive)
app/libapp.a(deca_sleep.c.obj)
                              (--whole-archive)
app/libapp.a(deca_spi.c.obj)  (--whole-archive)
app/libapp.a(port.c.obj)      (--whole-archive)
app/libapp.a(uwb.c.obj)       (--whole-archive)
zephyr/libzephyr.a(cbprintf_packaged.c.obj)
                              (--whole-archive)
zephyr/libzephyr.a(dec.c.obj)
                              (--whole-archive)
zephyr/libzephyr.a(fdtable.c.obj)
                              (--whole-archive)
zephyr/libzephyr.a(hex.c.obj)
                              (--whole-archive)
zephyr/libzephyr.a(printk.c.obj)
                              (--whole-archive)
zephyr/libzephyr.a(rb.c.obj)  (--whole-archive)
zephyr/libzephyr.a(sem.c.obj)
                              (--whole-archive)
zephyr/libzephyr.a(thread_entry.c.obj)
                              (--whole-archive)
zephyr/libzephyr.a(timeutil.c.obj)
                              (--whole-archive)
zephyr/libzephyr.a(heap.c.obj)
                              (--whole-archive)
zephyr/libzephyr.a(heap-validate.c.obj)
                              (--whole-archive)
zephyr/libzephyr.a(bitarray.c.obj)
                              (--whole-archive)
zephyr/libzephyr.a(multi_heap.c.obj)
                              (--whole-archive)
zephyr/libzephyr.a(onoff.c.obj)
                              (--whole-archive)
zephyr/libzephyr.a(notify.c.obj)
                              (--whole-archive)
zephyr/libzephyr.a(crc32c_sw.c.obj)
                              (--whole-archive)
zephyr/libzephyr.a(crc32_sw.c.obj)
                              (--whole-archive)
zephyr/libzephyr.a(crc16_sw.c.obj)
                              (--whole-archive)
zephyr/libzephyr.a(crc8_sw.c.obj)
                              (--whole-archive)
zephyr/libzephyr.a(crc7_sw.c.obj)
                              (--whole-archive)
zephyr/libzephyr.a(cbprintf_complete.c.obj)
                              (--whole-archive)
zephyr/libzephyr.a(cbprintf.c.obj)
                              (--whole-archive)
zephyr/libzephyr.a(assert.c.obj)
                              (--whole-archive)
zephyr/libzephyr.a(reboot.c.obj)
                              (--whole-archive)
zephyr/libzephyr.a(configs.c.obj)
                              (--whole-archive)
zephyr/libzephyr.a(soc_nrf_common.S.obj)
                              (--whole-archive)
zephyr/libzephyr.a(validate_base_addresses.c.obj)
                              (--whole-archive)
zephyr/libzephyr.a(validate_enabled_instances.c.obj)
                              (--whole-archive)
zephyr/libzephyr.a(log_core.c.obj)
                              (--whole-archive)
zephyr/libzephyr.a(log_mgmt.c.obj)
                              (--whole-archive)
zephyr/libzephyr.a(log_cache.c.obj)
                              (--whole-archive)
zephyr/libzephyr.a(log_msg.c.obj)
                              (--whole-archive)
zephyr/libzephyr.a(log_output.c.obj)
                              (--whole-archive)
zephyr/libzephyr.a(log_backend_rtt.c.obj)
                              (--whole-archive)
zephyr/libzephyr.a(log_backend_uart.c.obj)
                              (--whole-archive)
zephyr/libzephyr.a(pm.c.obj)  (--whole-archive)
zephyr/libzephyr.a(policy.c.obj)
                              (--whole-archive)
zephyr/libzephyr.a(state.c.obj)
                              (--whole-archive)
zephyr/libzephyr.a(device.c.obj)
                              (--whole-archive)
zephyr/libzephyr.a(tracing_none.c.obj)
                              (--whole-archive)
zephyr/arch/common/libarch__common.a(sw_isr_common.c.obj)
                              (--whole-archive)
zephyr/arch/arch/arm/core/aarch32/libarch__arm__core__aarch32.a(cpu_idle.S.obj)
                              (--whole-archive)
zephyr/arch/arch/arm/core/aarch32/libarch__arm__core__aarch32.a(fatal.c.obj)
                              (--whole-archive)
zephyr/arch/arch/arm/core/aarch32/libarch__arm__core__aarch32.a(irq_manage.c.obj)
                              (--whole-archive)
zephyr/arch/arch/arm/core/aarch32/libarch__arm__core__aarch32.a(nmi.c.obj)
                              (--whole-archive)
zephyr/arch/arch/arm/core/aarch32/libarch__arm__core__aarch32.a(nmi_on_reset.S.obj)
                              (--whole-archive)
zephyr/arch/arch/arm/core/aarch32/libarch__arm__core__aarch32.a(prep_c.c.obj)
                              (--whole-archive)
zephyr/arch/arch/arm/core/aarch32/libarch__arm__core__aarch32.a(swap.c.obj)
                              (--whole-archive)
[...]
Memory Configuration

Name             Origin             Length             Attributes
FLASH            0x0000000000000000 0x0000000000080000 xr
RAM              0x0000000020000000 0x0000000000010000 xw
IDT_LIST         0x00000000fffff7ff 0x0000000000000800 xw
*default*        0x0000000000000000 0xffffffffffffffff

Linker script and memory map

LOAD zephyr/CMakeFiles/zephyr_pre1.dir/misc/empty_file.c.obj
LOAD zephyr/CMakeFiles/zephyr_pre1.dir/dev_handles.c.obj
LOAD app/libapp.a
LOAD zephyr/libzephyr.a
LOAD zephyr/arch/common/libarch__common.a
LOAD zephyr/arch/arch/arm/core/aarch32/libarch__arm__core__aarch32.a
LOAD zephyr/arch/arch/arm/core/aarch32/cortex_m/libarch__arm__core__aarch32__cortex_m.a
LOAD zephyr/arch/arch/arm/core/aarch32/mpu/libarch__arm__core__aarch32__mpu.a
LOAD zephyr/lib/libc/minimal/liblib__libc__minimal.a
LOAD zephyr/soc/arm/common/cortex_m/libsoc__arm__common__cortex_m.a
LOAD zephyr/soc/arm/nordic_nrf/nrf52/libsoc__arm__nordic_nrf__nrf52.a
LOAD zephyr/subsys/timing/libsubsys__timing.a
LOAD zephyr/drivers/clock_control/libdrivers__clock_control.a
LOAD zephyr/drivers/console/libdrivers__console.a
LOAD zephyr/drivers/gpio/libdrivers__gpio.a
LOAD zephyr/drivers/hwinfo/libdrivers__hwinfo.a
LOAD zephyr/drivers/pinctrl/libdrivers__pinctrl.a
LOAD zephyr/drivers/serial/libdrivers__serial.a
LOAD zephyr/drivers/spi/libdrivers__spi.a
LOAD zephyr/drivers/timer/libdrivers__timer.a
LOAD modules/nrf/lib/fatal_error/lib..__nrf__lib__fatal_error.a
LOAD modules/nrf/lib/hw_id/lib..__nrf__lib__hw_id.a
LOAD modules/hal_nordic/nrfx/libmodules__hal_nordic__nrfx.a
LOAD modules/segger/libmodules__segger.a
LOAD zephyr/kernel/libkernel.a
LOAD zephyr/CMakeFiles/offsets.dir/./arch/arm/core/offsets/offsets.c.obj
LOAD c:/ncs/toolchains/c57af46cb7/opt/zephyr-sdk/arm-zephyr-eabi/bin/../lib/gcc/arm-zephyr-eabi/12.2.0/thumb/v7e-m/nofp\libgcc.a
LOAD zephyr/arch/common/libisr_tables.a
                0x0000000000000020                _region_min_align = 0x20

.rel.plt        0x0000000000000000        0x0
 *(SORT_BY_ALIGNMENT(.rel.plt))
                [!provide]                        PROVIDE (__rel_iplt_start = .)
 *(SORT_BY_ALIGNMENT(.rel.iplt))
 .rel.iplt      0x0000000000000000        0x0 app/libapp.a(main.c.obj)
                [!provide]                        PROVIDE (__rel_iplt_end = .)

.rela.plt       0x0000000000000000        0x0
 *(SORT_BY_ALIGNMENT(.rela.plt))
                [!provide]                        PROVIDE (__rela_iplt_start = .)
 *(SORT_BY_ALIGNMENT(.rela.iplt))
                [!provide]                        PROVIDE (__rela_iplt_end = .)

.rel.dyn
 *(SORT_BY_ALIGNMENT(.rel.*))

.rela.dyn
 *(SORT_BY_ALIGNMENT(.rela.*))

/DISCARD/
 *(SORT_BY_ALIGNMENT(.plt))

/DISCARD/
 *(SORT_BY_ALIGNMENT(.iplt))
                0x0000000000000000                __rom_region_start = 0x0

rom_start       0x0000000000000000       0xdc
                0x0000000000000000                . = 0x0
                0x0000000000000000                . = ALIGN (0x4)
                0x0000000000000000                . = ALIGN (0x80)
                0x0000000000000000                . = ALIGN (0x100)
                0x0000000000000000                _vector_start = .
 *(SORT_BY_ALIGNMENT(.exc_vector_table))
 *(SORT_BY_ALIGNMENT(.exc_vector_table.*))
 .exc_vector_table._vector_table_section
                0x0000000000000000       0x40 zephyr/arch/arch/arm/core/aarch32/cortex_m/libarch__arm__core__aarch32__cortex_m.a(vector_table.S.obj)
                0x0000000000000000                _vector_table
 *(SORT_BY_ALIGNMENT(.vectors))
                0x00000000000000dc                _vector_end = .
                0x0000000000000040                . = ALIGN (0x4)
 *(SORT_BY_ALIGNMENT(.gnu.linkonce.irq_vector_table*))
 .gnu.linkonce.irq_vector_table
                0x0000000000000040       0x9c zephyr/arch/common/libisr_tables.a(isr_tables.c.obj)
                0x0000000000000040                _irq_vector_table
                0x00000000000000dc                _vector_end = .

text            0x00000000000000dc     0x7b4c
                0x00000000000000dc                __text_region_start = .
 *(SORT_BY_ALIGNMENT(.text))
 .text          0x00000000000000dc       0x30 c:/ncs/toolchains/c57af46cb7/opt/zephyr-sdk/arm-zephyr-eabi/bin/../lib/gcc/arm-zephyr-eabi/12.2.0/thumb/v7e-m/nofp\libgcc.a(_aeabi_uldivmod.o)
                0x00000000000000dc                __aeabi_uldivmod
 .text          0x000000000000010c        0x4 c:/ncs/toolchains/c57af46cb7/opt/zephyr-sdk/arm-zephyr-eabi/bin/../lib/gcc/arm-zephyr-eabi/12.2.0/thumb/v7e-m/nofp\libgcc.a(_dvmd_tls.o)
                0x000000000000010c                __aeabi_idiv0
                0x000000000000010c                __aeabi_ldiv0
 .text          0x0000000000000110      0x2a0 c:/ncs/toolchains/c57af46cb7/opt/zephyr-sdk/arm-zephyr-eabi/bin/../lib/gcc/arm-zephyr-eabi/12.2.0/thumb/v7e-m/nofp\libgcc.a(_udivmoddi4.o)
                0x0000000000000110                __udivmoddi4
 *(SORT_BY_ALIGNMENT(.text.*))
 .text.anchor_loop
                0x00000000000003b0       0x3c app/libapp.a(main.c.obj)
                0x00000000000003b0                anchor_loop
 .text.main     0x00000000000003ec       0x28 app/libapp.a(main.c.obj)
                0x00000000000003ec                main
 .text.dwt_writetxfctrl
                0x0000000000000414       0x1c app/libapp.a(deca_device.c.obj)
                0x0000000000000414                dwt_writetxfctrl
 .text.dwt_configure
                0x0000000000000430      0x208 app/libapp.a(deca_device.c.obj)
                0x0000000000000430                dwt_configure
 .text.dwt_setcallbacks
                0x0000000000000638       0x14 app/libapp.a(deca_device.c.obj)
                0x0000000000000638                dwt_setcallbacks
 .text.dwt_starttx
                0x000000000000064c       0x58 app/libapp.a(deca_device.c.obj)
                0x000000000000064c                dwt_starttx
 .text.dwt_forcetrxoff
                0x00000000000006a4       0x58 app/libapp.a(deca_device.c.obj)
                0x00000000000006a4                dwt_forcetrxoff
 .text.dwt_isr  0x00000000000006fc      0x128 app/libapp.a(deca_device.c.obj)
                0x00000000000006fc                dwt_isr
 .text.dwt_softreset
                0x0000000000000824       0x48 app/libapp.a(deca_device.c.obj)
                0x0000000000000824                dwt_softreset
 .text.dwt_initialise
                0x000000000000086c      0x19c app/libapp.a(deca_device.c.obj)
                0x000000000000086c                dwt_initialise
 .text.openspi  0x0000000000000a08       0x98 app/libapp.a(deca_spi.c.obj)
                0x0000000000000a08                openspi
 .text.set_spi_speed_slow
                0x0000000000000aa0       0x40 app/libapp.a(deca_spi.c.obj)
                0x0000000000000aa0                set_spi_speed_slow
 .text.set_spi_speed_fast
                0x0000000000000ae0       0x40 app/libapp.a(deca_spi.c.obj)
                0x0000000000000ae0                set_spi_speed_fast
 .text.writetospi
                0x0000000000000b20       0x6c app/libapp.a(deca_spi.c.obj)
                0x0000000000000b20                writetospi
 .text.readfromspi
                0x0000000000000b8c       0x80 app/libapp.a(deca_spi.c.obj)
                0x0000000000000b8c                readfromspi
 .text.port_set_deca_isr
                0x0000000000000c0c       0x80 app/libapp.a(port.c.obj)
                0x0000000000000c0c                port_set_deca_isr
 .text.rx_error_callback
                0x0000000000000c8c        0xc app/libapp.a(uwb.c.obj)
 .text.rx_timeout_callback
                0x0000000000000c98        0xc app/libapp.a(uwb.c.obj)
 .text.rx_ok_callback
                0x0000000000000ca4        0xc app/libapp.a(uwb.c.obj)
 .text.tx_done_callback
                0x0000000000000cb0        0xc app/libapp.a(uwb.c.obj)
 .text.test_isr
                0x0000000000000cbc        0xc app/libapp.a(uwb.c.obj)
                0x0000000000000cbc                test_isr
 .text.uwb_init
                0x0000000000000cc8       0x78 app/libapp.a(uwb.c.obj)
                0x0000000000000cc8                uwb_init
 .text.cbvprintf_package
                0x0000000000000d40      0x3ac zephyr/libzephyr.a(cbprintf_packaged.c.obj)
                0x0000000000000d40                cbvprintf_package
 .text.__printk_hook_install
                0x00000000000010ec        0xc zephyr/libzephyr.a(printk.c.obj)
                0x00000000000010ec                __printk_hook_install
 .text.process_event
                0x00000000000010f8      0x21c zephyr/libzephyr.a(onoff.c.obj)
 .text.z_cbvprintf_impl
                0x0000000000001314      0xcd8 zephyr/libzephyr.a(cbprintf_complete.c.obj)
                0x0000000000001314                z_cbvprintf_impl
 .text.z_arm_platform_init
                0x0000000000001fec        0x4 zephyr/libzephyr.a(soc_nrf_common.S.obj)
                0x0000000000001fec                z_arm_platform_init
 .text.z_log_init.isra.0
                0x0000000000001ff0       0xd0 zephyr/libzephyr.a(log_core.c.obj)
 .text.log_format_func_t_get
                0x00000000000020c0        0xc zephyr/libzephyr.a(log_core.c.obj)
                0x00000000000020c0                log_format_func_t_get
 .text.log_set_timestamp_func
                0x00000000000020cc       0x20 zephyr/libzephyr.a(log_core.c.obj)
                0x00000000000020cc                log_set_timestamp_func
 .text.log_core_init
                0x00000000000020ec       0x28 zephyr/libzephyr.a(log_core.c.obj)
                0x00000000000020ec                log_core_init
 .text.z_impl_log_panic
                0x0000000000002114       0x3c zephyr/libzephyr.a(log_core.c.obj)
                0x0000000000002114                z_impl_log_panic
 .text.z_log_dropped
                0x0000000000002150       0x30 zephyr/libzephyr.a(log_core.c.obj)
                0x0000000000002150                z_log_dropped
 .text.z_log_msg_commit
                0x0000000000002180       0x38 zephyr/libzephyr.a(log_core.c.obj)
                0x0000000000002180                z_log_msg_commit
 .text.log_source_name_get
                0x00000000000021b8       0x1c zephyr/libzephyr.a(log_mgmt.c.obj)
                0x00000000000021b8                log_source_name_get
 .text.log_backend_enable
                0x00000000000021d4       0x28 zephyr/libzephyr.a(log_mgmt.c.obj)
                0x00000000000021d4                log_backend_enable
 .text.z_impl_z_log_msg_runtime_vcreate
                0x00000000000021fc       0x8c zephyr/libzephyr.a(log_msg.c.obj)
                0x00000000000021fc                z_impl_z_log_msg_runtime_vcreate
 .text.print_formatted
                0x0000000000002288       0x24 zephyr/libzephyr.a(log_output.c.obj)
 .text.newline_print
                0x00000000000022ac       0x1c zephyr/libzephyr.a(log_output.c.obj)
 .text.log_output_process
                0x00000000000022c8      0x2a4 zephyr/libzephyr.a(log_output.c.obj)
                0x00000000000022c8                log_output_process
 .text.log_output_msg_process
                0x000000000000256c       0x6c zephyr/libzephyr.a(log_output.c.obj)
                0x000000000000256c                log_output_msg_process
 .text.log_output_timestamp_freq_set
                0x00000000000025d8       0x2c zephyr/libzephyr.a(log_output.c.obj)
                0x00000000000025d8                log_output_timestamp_freq_set
 .text.log_backend_rtt_init
                0x0000000000002604        0xc zephyr/libzephyr.a(log_backend_rtt.c.obj)
 .text.format_set
                0x0000000000002610        0xc zephyr/libzephyr.a(log_backend_rtt.c.obj)
 .text.panic    0x000000000000261c       0x14 zephyr/libzephyr.a(log_backend_rtt.c.obj)
 .text.process  0x0000000000002630       0x24 zephyr/libzephyr.a(log_backend_rtt.c.obj)
 .text.data_out_block_mode
                0x0000000000002654       0x70 zephyr/libzephyr.a(log_backend_rtt.c.obj)
 .text.format_set
                0x00000000000026c4        0xc zephyr/libzephyr.a(log_backend_uart.c.obj)
 .text.panic    0x00000000000026d0       0x3c zephyr/libzephyr.a(log_backend_uart.c.obj)
 .text.process  0x000000000000270c       0x24 zephyr/libzephyr.a(log_backend_uart.c.obj)
 .text.char_out
                0x0000000000002730       0x24 zephyr/libzephyr.a(log_backend_uart.c.obj)
 .text.pm_state_notify
                0x0000000000002754       0x5c zephyr/libzephyr.a(pm.c.obj)
 .text.pm_resume_devices
                0x00000000000027b0       0x2c zephyr/libzephyr.a(pm.c.obj)
 .text.z_log_msg_runtime_create.constprop.0
                0x00000000000027dc       0x24 zephyr/libzephyr.a(pm.c.obj)
 .text.pm_system_resume
                0x0000000000002800       0x78 zephyr/libzephyr.a(pm.c.obj)
                0x0000000000002800                pm_system_resume
 .text.pm_system_suspend
                0x0000000000002878      0x210 zephyr/libzephyr.a(pm.c.obj)
                0x0000000000002878                pm_system_suspend
 .text.pm_policy_next_state
                0x0000000000002a88       0x94 zephyr/libzephyr.a(policy.c.obj)
                0x0000000000002a88                pm_policy_next_state
 .text.pm_state_cpu_get_all
                0x0000000000002b1c       0x10 zephyr/libzephyr.a(state.c.obj)
                0x0000000000002b1c                pm_state_cpu_get_all
 .text.pm_device_state_str
                0x0000000000002b2c       0x18 zephyr/libzephyr.a(device.c.obj)
                0x0000000000002b2c                pm_device_state_str
 .text.pm_device_action_run
                0x0000000000002b44       0xa4 zephyr/libzephyr.a(device.c.obj)
                0x0000000000002b44                pm_device_action_run
 .text.z_arm_cpu_idle_init
                0x0000000000002be8        0xc zephyr/arch/arch/arm/core/aarch32/libarch__arm__core__aarch32.a(cpu_idle.S.obj)
                0x0000000000002be8                z_arm_cpu_idle_init
 .text.arch_cpu_idle
                0x0000000000002bf4       0x1c zephyr/arch/arch/arm/core/aarch32/libarch__arm__core__aarch32.a(cpu_idle.S.obj)
                0x0000000000002bf4                arch_cpu_idle
 .text.arch_cpu_atomic_idle
                0x0000000000002c10       0x18 zephyr/arch/arch/arm/core/aarch32/libarch__arm__core__aarch32.a(cpu_idle.S.obj)
                0x0000000000002c10                arch_cpu_atomic_idle
 .text.z_arm_fatal_error
                0x0000000000002c28       0xa0 zephyr/arch/arch/arm/core/aarch32/libarch__arm__core__aarch32.a(fatal.c.obj)
                0x0000000000002c28                z_arm_fatal_error
 .text.arch_irq_enable
                0x0000000000002cc8       0x1c zephyr/arch/arch/arm/core/aarch32/libarch__arm__core__aarch32.a(irq_manage.c.obj)
                0x0000000000002cc8                arch_irq_enable
 .text.arch_irq_disable
                0x0000000000002ce4       0x28 zephyr/arch/arch/arm/core/aarch32/libarch__arm__core__aarch32.a(irq_manage.c.obj)
                0x0000000000002ce4                arch_irq_disable
 .text.arch_irq_is_enabled
                0x0000000000002d0c       0x1c zephyr/arch/arch/arm/core/aarch32/libarch__arm__core__aarch32.a(irq_manage.c.obj)
                0x0000000000002d0c                arch_irq_is_enabled
 .text.z_arm_irq_priority_set
                0x0000000000002d28       0x30 zephyr/arch/arch/arm/core/aarch32/libarch__arm__core__aarch32.a(irq_manage.c.obj)
                0x0000000000002d28                z_arm_irq_priority_set
 .text.z_SysNmiOnReset
                0x0000000000002d58        0x8 zephyr/arch/arch/arm/core/aarch32/libarch__arm__core__aarch32.a(nmi_on_reset.S.obj)
                0x0000000000002d58                z_SysNmiOnReset
 .text.z_arm_prep_c
                0x0000000000002d60       0x38 zephyr/arch/arch/arm/core/aarch32/libarch__arm__core__aarch32.a(prep_c.c.obj)
                0x0000000000002d60                z_arm_prep_c
 .text.arch_swap
                0x0000000000002d98       0x34 zephyr/arch/arch/arm/core/aarch32/libarch__arm__core__aarch32.a(swap.c.obj)
                0x0000000000002d98                arch_swap
 .text.z_arm_pendsv
                0x0000000000002dcc       0x48 zephyr/arch/arch/arm/core/aarch32/libarch__arm__core__aarch32.a(swap_helper.S.obj)
                0x0000000000002dcc                z_arm_pendsv
 .text.z_arm_svc
                0x0000000000002e14       0x20 zephyr/arch/arch/arm/core/aarch32/libarch__arm__core__aarch32.a(swap_helper.S.obj)
                0x0000000000002e14                z_arm_svc
 .text.arch_new_thread
                0x0000000000002e34       0x38 zephyr/arch/arch/arm/core/aarch32/libarch__arm__core__aarch32.a(thread.c.obj)
                0x0000000000002e34                arch_new_thread
 .text.arch_switch_to_main_thread
                0x0000000000002e6c       0x24 zephyr/arch/arch/arm/core/aarch32/libarch__arm__core__aarch32.a(thread.c.obj)
                0x0000000000002e6c                arch_switch_to_main_thread
 .text._isr_wrapper
                0x0000000000002e90       0x40 zephyr/arch/arch/arm/core/aarch32/libarch__arm__core__aarch32.a(isr_wrapper.S.obj)
                0x0000000000002e90                _isr_wrapper
 .text._HandlerModeExit
                0x0000000000002ed0       0x1c zephyr/arch/arch/arm/core/aarch32/cortex_m/libarch__arm__core__aarch32__cortex_m.a(exc_exit.S.obj)
                0x0000000000002ed0                z_arm_int_exit
                0x0000000000002ed0                z_arm_exc_exit
 .text.mem_manage_fault.constprop.0
                0x0000000000002eec      0x130 zephyr/arch/arch/arm/core/aarch32/cortex_m/libarch__arm__core__aarch32__cortex_m.a(fault.c.obj)
 .text.bus_fault.constprop.0
                0x000000000000301c      0x13c zephyr/arch/arch/arm/core/aarch32/cortex_m/libarch__arm__core__aarch32__cortex_m.a(fault.c.obj)
 .text.usage_fault.constprop.0
                0x0000000000003158      0x108 zephyr/arch/arch/arm/core/aarch32/cortex_m/libarch__arm__core__aarch32__cortex_m.a(fault.c.obj)
 .text.z_arm_fault
                0x0000000000003260      0x200 zephyr/arch/arch/arm/core/aarch32/cortex_m/libarch__arm__core__aarch32__cortex_m.a(fault.c.obj)
                0x0000000000003260                z_arm_fault
 .text.z_arm_fault_init
                0x0000000000003460       0x10 zephyr/arch/arch/arm/core/aarch32/cortex_m/libarch__arm__core__aarch32__cortex_m.a(fault.c.obj)
                0x0000000000003460                z_arm_fault_init
 .text.__fault  0x0000000000003470       0x14 zephyr/arch/arch/arm/core/aarch32/cortex_m/libarch__arm__core__aarch32__cortex_m.a(fault_s.S.obj)
                0x0000000000003470                z_arm_usage_fault
                0x0000000000003470                z_arm_mpu_fault
                0x0000000000003470                z_arm_exc_spurious
                0x0000000000003470                z_arm_debug_monitor
                0x0000000000003470                z_arm_hard_fault
                0x0000000000003470                z_arm_bus_fault
 .text.z_arm_interrupt_init
                0x0000000000003484       0x18 zephyr/arch/arch/arm/core/aarch32/cortex_m/libarch__arm__core__aarch32__cortex_m.a(irq_init.c.obj)
                0x0000000000003484                z_arm_interrupt_init
 .text._reset_section
                0x000000000000349c       0x54 zephyr/arch/arch/arm/core/aarch32/cortex_m/libarch__arm__core__aarch32__cortex_m.a(reset.S.obj)
                0x000000000000349c                __start
                0x000000000000349c                z_arm_reset
 .text.z_arm_clear_arm_mpu_config
                0x00000000000034f0       0x24 zephyr/arch/arch/arm/core/aarch32/cortex_m/libarch__arm__core__aarch32__cortex_m.a(scb.c.obj)
                0x00000000000034f0                z_arm_clear_arm_mpu_config
 .text.z_arm_init_arch_hw_at_boot
                0x0000000000003514       0x64 zephyr/arch/arch/arm/core/aarch32/cortex_m/libarch__arm__core__aarch32__cortex_m.a(scb.c.obj)
                0x0000000000003514                z_arm_init_arch_hw_at_boot
 .text.z_impl_k_thread_abort
                0x0000000000003578       0x2c zephyr/arch/arch/arm/core/aarch32/cortex_m/libarch__arm__core__aarch32__cortex_m.a(thread_abort.c.obj)
                0x0000000000003578                z_impl_k_thread_abort
 .text.z_arm_configure_static_mpu_regions
                0x00000000000035a4       0x18 zephyr/arch/arch/arm/core/aarch32/mpu/libarch__arm__core__aarch32__mpu.a(arm_core_mpu.c.obj)
                0x00000000000035a4                z_arm_configure_static_mpu_regions
 .text.mpu_configure_regions
                0x00000000000035bc       0xb4 zephyr/arch/arch/arm/core/aarch32/mpu/libarch__arm__core__aarch32__mpu.a(arm_mpu.c.obj)
 .text.arm_core_mpu_enable
                0x0000000000003670       0x18 zephyr/arch/arch/arm/core/aarch32/mpu/libarch__arm__core__aarch32__mpu.a(arm_mpu.c.obj)
                0x0000000000003670                arm_core_mpu_enable
 .text.arm_core_mpu_disable
                0x0000000000003688       0x14 zephyr/arch/arch/arm/core/aarch32/mpu/libarch__arm__core__aarch32__mpu.a(arm_mpu.c.obj)
                0x0000000000003688                arm_core_mpu_disable
 .text.arm_core_mpu_configure_static_mpu_regions
                0x000000000000369c       0x14 zephyr/arch/arch/arm/core/aarch32/mpu/libarch__arm__core__aarch32__mpu.a(arm_mpu.c.obj)
                0x000000000000369c                arm_core_mpu_configure_static_mpu_regions
 .text.z_arm_mpu_init
                0x00000000000036b0       0x60 zephyr/arch/arch/arm/core/aarch32/mpu/libarch__arm__core__aarch32__mpu.a(arm_mpu.c.obj)
                0x00000000000036b0                z_arm_mpu_init
 .text.__stdout_hook_install
                0x0000000000003710        0xc zephyr/lib/libc/minimal/liblib__libc__minimal.a(stdout_console.c.obj)
                0x0000000000003710                __stdout_hook_install
 .text.nordicsemi_nrf52_init
                0x000000000000371c       0x30 zephyr/soc/arm/nordic_nrf/nrf52/libsoc__arm__nordic_nrf__nrf52.a(soc.c.obj)
 .text.sys_arch_reboot
                0x000000000000374c       0x2c zephyr/soc/arm/nordic_nrf/nrf52/libsoc__arm__nordic_nrf__nrf52.a(soc.c.obj)
                0x000000000000374c                sys_arch_reboot
 .text.arch_busy_wait
                0x0000000000003778       0x14 zephyr/soc/arm/nordic_nrf/nrf52/libsoc__arm__nordic_nrf__nrf52.a(soc.c.obj)
                0x0000000000003778                arch_busy_wait
 .text.onoff_stop
                0x000000000000378c       0x30 zephyr/drivers/clock_control/libdrivers__clock_control.a(clock_control_nrf.c.obj)
 .text.onoff_start
                0x00000000000037bc       0x44 zephyr/drivers/clock_control/libdrivers__clock_control.a(clock_control_nrf.c.obj)
 .text.generic_hfclk_stop
                0x0000000000003800       0x34 zephyr/drivers/clock_control/libdrivers__clock_control.a(clock_control_nrf.c.obj)
 .text.clk_init
                0x0000000000003834       0x58 zephyr/drivers/clock_control/libdrivers__clock_control.a(clock_control_nrf.c.obj)
 .text.clkstarted_handle.constprop.0
                0x000000000000388c       0x34 zephyr/drivers/clock_control/libdrivers__clock_control.a(clock_control_nrf.c.obj)
 .text.clock_event_handler
                0x00000000000038c0       0x1c zephyr/drivers/clock_control/libdrivers__clock_control.a(clock_control_nrf.c.obj)
 .text.generic_hfclk_start
                0x00000000000038dc       0x64 zephyr/drivers/clock_control/libdrivers__clock_control.a(clock_control_nrf.c.obj)
 .text.api_blocking_start
                0x0000000000003940       0x34 zephyr/drivers/clock_control/libdrivers__clock_control.a(clock_control_nrf.c.obj)
 .text.lfclk_start
                0x0000000000003974       0x24 zephyr/drivers/clock_control/libdrivers__clock_control.a(clock_control_nrf.c.obj)
 .text.z_nrf_clock_control_lf_on
                0x0000000000003998       0xfc zephyr/drivers/clock_control/libdrivers__clock_control.a(clock_control_nrf.c.obj)
                0x0000000000003998                z_nrf_clock_control_lf_on
 .text.rtt_console_init
                0x0000000000003a94       0x18 zephyr/drivers/console/libdrivers__console.a(rtt_console.c.obj)
 .text.rtt_console_out
                0x0000000000003aac       0x54 zephyr/drivers/console/libdrivers__console.a(rtt_console.c.obj)
 .text.uart_console_init
                0x0000000000003b00       0x28 zephyr/drivers/console/libdrivers__console.a(uart_console.c.obj)
 .text.console_out
                0x0000000000003b28       0x28 zephyr/drivers/console/libdrivers__console.a(uart_console.c.obj)
 .text.gpio_nrfx_pin_interrupt_configure
                0x0000000000003b50       0xc8 zephyr/drivers/gpio/libdrivers__gpio.a(gpio_nrfx.c.obj)
 .text.gpio_nrfx_init
                0x0000000000003c18       0x38 zephyr/drivers/gpio/libdrivers__gpio.a(gpio_nrfx.c.obj)
 .text.nrfx_gpio_handler
                0x0000000000003c50       0x3c zephyr/drivers/gpio/libdrivers__gpio.a(gpio_nrfx.c.obj)
 .text.gpio_nrfx_pin_configure
                0x0000000000003c8c      0x128 zephyr/drivers/gpio/libdrivers__gpio.a(gpio_nrfx.c.obj)
 .text.uart_nrfx_poll_in
                0x0000000000003db4       0x24 zephyr/drivers/serial/libdrivers__serial.a(uart_nrfx_uart.c.obj)
 .text.uart_nrfx_err_check
                0x0000000000003dd8       0x10 zephyr/drivers/serial/libdrivers__serial.a(uart_nrfx_uart.c.obj)
 .text.uart_nrfx_configure
                0x0000000000003de8      0x15c zephyr/drivers/serial/libdrivers__serial.a(uart_nrfx_uart.c.obj)
 .text.uart_nrfx_poll_out
                0x0000000000003f44       0x7c zephyr/drivers/serial/libdrivers__serial.a(uart_nrfx_uart.c.obj)
 .text.uart_nrfx_pm_action
                0x0000000000003fc0       0x44 zephyr/drivers/serial/libdrivers__serial.a(uart_nrfx_uart.c.obj)
 .text.uart_nrfx_init
                0x0000000000004004       0x3c zephyr/drivers/serial/libdrivers__serial.a(uart_nrfx_uart.c.obj)
 .text.spi_nrfx_init
                0x0000000000004040       0xb0 zephyr/drivers/spi/libdrivers__spi.a(spi_nrfx_spi.c.obj)
 .text.transfer_next_chunk
                0x00000000000040f0       0x6c zephyr/drivers/spi/libdrivers__spi.a(spi_nrfx_spi.c.obj)
 .text.event_handler
                0x000000000000415c       0xd4 zephyr/drivers/spi/libdrivers__spi.a(spi_nrfx_spi.c.obj)
 .text.spi_nrfx_transceive
                0x0000000000004230      0x340 zephyr/drivers/spi/libdrivers__spi.a(spi_nrfx_spi.c.obj)
 .text.compare_int_lock
                0x0000000000004570       0x48 zephyr/drivers/timer/libdrivers__timer.a(nrf_rtc_timer.c.obj)
 .text.sys_clock_timeout_handler
                0x00000000000045b8       0x48 zephyr/drivers/timer/libdrivers__timer.a(nrf_rtc_timer.c.obj)
 .text.compare_int_unlock
                0x0000000000004600       0x5c zephyr/drivers/timer/libdrivers__timer.a(nrf_rtc_timer.c.obj)
 .text.z_nrf_rtc_timer_read
                0x000000000000465c       0x44 zephyr/drivers/timer/libdrivers__timer.a(nrf_rtc_timer.c.obj)
                0x000000000000465c                z_nrf_rtc_timer_read
 .text.compare_set
                0x00000000000046a0      0x11c zephyr/drivers/timer/libdrivers__timer.a(nrf_rtc_timer.c.obj)
 .text.sys_clock_driver_init
                0x00000000000047bc       0x8c zephyr/drivers/timer/libdrivers__timer.a(nrf_rtc_timer.c.obj)
 .text.rtc_nrf_isr
                0x0000000000004848       0xd4 zephyr/drivers/timer/libdrivers__timer.a(nrf_rtc_timer.c.obj)
                0x0000000000004848                rtc_nrf_isr
 .text.sys_clock_set_timeout
                0x000000000000491c       0x64 zephyr/drivers/timer/libdrivers__timer.a(nrf_rtc_timer.c.obj)
                0x000000000000491c                sys_clock_set_timeout
 .text.sys_clock_elapsed
                0x0000000000004980       0x14 zephyr/drivers/timer/libdrivers__timer.a(nrf_rtc_timer.c.obj)
                0x0000000000004980                sys_clock_elapsed
 .text.z_log_msg_runtime_create.constprop.0
                0x0000000000004994       0x24 modules/nrf/lib/fatal_error/lib..__nrf__lib__fatal_error.a(fatal_error.c.obj)
 .text.k_sys_fatal_error_handler
                0x00000000000049b8       0x2c modules/nrf/lib/fatal_error/lib..__nrf__lib__fatal_error.a(fatal_error.c.obj)
                0x00000000000049b8                k_sys_fatal_error_handler
 .text.nrf52_errata_16
                0x00000000000049e4       0x28 modules/hal_nordic/nrfx/libmodules__hal_nordic__nrfx.a(system_nrf52.c.obj)
 .text.nvmc_wait
                0x0000000000004a0c       0x10 modules/hal_nordic/nrfx/libmodules__hal_nordic__nrfx.a(system_nrf52.c.obj)
                0x0000000000004a0c                nvmc_wait
 .text.SystemInit
                0x0000000000004a1c      0x278 modules/hal_nordic/nrfx/libmodules__hal_nordic__nrfx.a(system_nrf52.c.obj)
                0x0000000000004a1c                SystemInit
 .text.nrfx_flag32_alloc
                0x0000000000004c94       0x40 modules/hal_nordic/nrfx/libmodules__hal_nordic__nrfx.a(nrfx_flag32_allocator.c.obj)
                0x0000000000004c94                nrfx_flag32_alloc
 .text.nrfx_flag32_free
                0x0000000000004cd4       0x40 modules/hal_nordic/nrfx/libmodules__hal_nordic__nrfx.a(nrfx_flag32_allocator.c.obj)
                0x0000000000004cd4                nrfx_flag32_free
 .text.clock_stop
                0x0000000000004d14       0xc8 modules/hal_nordic/nrfx/libmodules__hal_nordic__nrfx.a(nrfx_clock.c.obj)
 .text.nrfx_clock_init
                0x0000000000004ddc       0x20 modules/hal_nordic/nrfx/libmodules__hal_nordic__nrfx.a(nrfx_clock.c.obj)
                0x0000000000004ddc                nrfx_clock_init
 .text.nrfx_clock_start
                0x0000000000004dfc       0xb0 modules/hal_nordic/nrfx/libmodules__hal_nordic__nrfx.a(nrfx_clock.c.obj)
                0x0000000000004dfc                nrfx_clock_start
 .text.nrfx_power_clock_irq_handler
                0x0000000000004eac       0x68 modules/hal_nordic/nrfx/libmodules__hal_nordic__nrfx.a(nrfx_clock.c.obj)
                0x0000000000004eac                nrfx_power_clock_irq_handler
 .text.pin_in_use_by_te
                0x0000000000004f14       0x14 modules/hal_nordic/nrfx/libmodules__hal_nordic__nrfx.a(nrfx_gpiote.c.obj)
 .text.call_handler
                0x0000000000004f28       0x3c modules/hal_nordic/nrfx/libmodules__hal_nordic__nrfx.a(nrfx_gpiote.c.obj)
 .text.release_handler
                0x0000000000004f64       0x54 modules/hal_nordic/nrfx/libmodules__hal_nordic__nrfx.a(nrfx_gpiote.c.obj)
 .text.pin_handler_trigger_uninit
                0x0000000000004fb8       0x38 modules/hal_nordic/nrfx/libmodules__hal_nordic__nrfx.a(nrfx_gpiote.c.obj)
 .text.nrfx_gpiote_input_configure
                0x0000000000004ff0      0x15c modules/hal_nordic/nrfx/libmodules__hal_nordic__nrfx.a(nrfx_gpiote.c.obj)
                0x0000000000004ff0                nrfx_gpiote_input_configure
 .text.nrfx_gpiote_output_configure
                0x000000000000514c       0xfc modules/hal_nordic/nrfx/libmodules__hal_nordic__nrfx.a(nrfx_gpiote.c.obj)
                0x000000000000514c                nrfx_gpiote_output_configure
 .text.nrfx_gpiote_global_callback_set
                0x0000000000005248        0xc modules/hal_nordic/nrfx/libmodules__hal_nordic__nrfx.a(nrfx_gpiote.c.obj)
                0x0000000000005248                nrfx_gpiote_global_callback_set
 .text.nrfx_gpiote_channel_get
                0x0000000000005254       0x2c modules/hal_nordic/nrfx/libmodules__hal_nordic__nrfx.a(nrfx_gpiote.c.obj)
                0x0000000000005254                nrfx_gpiote_channel_get
 .text.nrfx_gpiote_init
                0x0000000000005280       0x50 modules/hal_nordic/nrfx/libmodules__hal_nordic__nrfx.a(nrfx_gpiote.c.obj)
                0x0000000000005280                nrfx_gpiote_init
 .text.nrfx_gpiote_is_init
                0x00000000000052d0       0x14 modules/hal_nordic/nrfx/libmodules__hal_nordic__nrfx.a(nrfx_gpiote.c.obj)
                0x00000000000052d0                nrfx_gpiote_is_init
 .text.nrfx_gpiote_channel_free
                0x00000000000052e4        0xc modules/hal_nordic/nrfx/libmodules__hal_nordic__nrfx.a(nrfx_gpiote.c.obj)
                0x00000000000052e4                nrfx_gpiote_channel_free
 .text.nrfx_gpiote_channel_alloc
                0x00000000000052f0        0xc modules/hal_nordic/nrfx/libmodules__hal_nordic__nrfx.a(nrfx_gpiote.c.obj)
                0x00000000000052f0                nrfx_gpiote_channel_alloc
 .text.nrfx_gpiote_trigger_enable
                0x00000000000052fc       0x88 modules/hal_nordic/nrfx/libmodules__hal_nordic__nrfx.a(nrfx_gpiote.c.obj)
                0x00000000000052fc                nrfx_gpiote_trigger_enable
 .text.nrfx_gpiote_trigger_disable
                0x0000000000005384       0x50 modules/hal_nordic/nrfx/libmodules__hal_nordic__nrfx.a(nrfx_gpiote.c.obj)
                0x0000000000005384                nrfx_gpiote_trigger_disable
 .text.nrfx_gpiote_pin_uninit
                0x00000000000053d4       0x44 modules/hal_nordic/nrfx/libmodules__hal_nordic__nrfx.a(nrfx_gpiote.c.obj)
                0x00000000000053d4                nrfx_gpiote_pin_uninit
 .text.nrfx_gpiote_irq_handler
                0x0000000000005418      0x154 modules/hal_nordic/nrfx/libmodules__hal_nordic__nrfx.a(nrfx_gpiote.c.obj)
                0x0000000000005418                nrfx_gpiote_irq_handler
 .text.nrfx_spi_init
                0x000000000000556c      0x15c modules/hal_nordic/nrfx/libmodules__hal_nordic__nrfx.a(nrfx_spi.c.obj)
                0x000000000000556c                nrfx_spi_init
 .text.nrfx_spi_uninit
                0x00000000000056c8       0xa4 modules/hal_nordic/nrfx/libmodules__hal_nordic__nrfx.a(nrfx_spi.c.obj)
                0x00000000000056c8                nrfx_spi_uninit
 .text.nrfx_spi_xfer
                0x000000000000576c      0x11c modules/hal_nordic/nrfx/libmodules__hal_nordic__nrfx.a(nrfx_spi.c.obj)
                0x000000000000576c                nrfx_spi_xfer
 .text.nrfx_spi_1_irq_handler
                0x0000000000005888       0x10 modules/hal_nordic/nrfx/libmodules__hal_nordic__nrfx.a(nrfx_spi.c.obj)
                0x0000000000005888                nrfx_spi_1_irq_handler
 .text.nrfx_spi_2_irq_handler
                0x0000000000005898       0x10 modules/hal_nordic/nrfx/libmodules__hal_nordic__nrfx.a(nrfx_spi.c.obj)
                0x0000000000005898                nrfx_spi_2_irq_handler
 .text._DoInit  0x00000000000058a8       0x60 modules/segger/libmodules__segger.a(SEGGER_RTT.c.obj)
 .text.SEGGER_RTT_WriteSkipNoLock
                0x0000000000005908       0x90 modules/segger/libmodules__segger.a(SEGGER_RTT.c.obj)
                0x0000000000005908                SEGGER_RTT_WriteSkipNoLock
 .text.SEGGER_RTT_WriteNoLock
                0x0000000000005998       0x58 modules/segger/libmodules__segger.a(SEGGER_RTT.c.obj)
                0x0000000000005998                SEGGER_RTT_WriteNoLock
 .text.SEGGER_RTT_HasDataUp
                0x00000000000059f0       0x14 modules/segger/libmodules__segger.a(SEGGER_RTT.c.obj)
                0x00000000000059f0                SEGGER_RTT_HasDataUp
 .text.zephyr_rtt_mutex_lock
                0x0000000000005a04       0x14 modules/segger/libmodules__segger.a(SEGGER_RTT_zephyr.c.obj)
                0x0000000000005a04                zephyr_rtt_mutex_lock
 .text.zephyr_rtt_mutex_unlock
                0x0000000000005a18        0xc modules/segger/libmodules__segger.a(SEGGER_RTT_zephyr.c.obj)
                0x0000000000005a18                zephyr_rtt_mutex_unlock
 .text.z_device_get_all_static
                0x0000000000005a24       0x1c zephyr/kernel/libkernel.a(device.c.obj)
                0x0000000000005a24                z_device_get_all_static
 .text.z_fatal_error
                0x0000000000005a40       0xc8 zephyr/kernel/libkernel.a(fatal.c.obj)
                0x0000000000005a40                z_fatal_error
 .text.z_sys_init_run_level
                0x0000000000005b08       0x48 zephyr/kernel/libkernel.a(init.c.obj)
 .text.bg_thread_main
                0x0000000000005b50       0x34 zephyr/kernel/libkernel.a(init.c.obj)
 .text.z_bss_zero
                0x0000000000005b84       0x18 zephyr/kernel/libkernel.a(init.c.obj)
                0x0000000000005b84                z_bss_zero
 .text.z_init_cpu
                0x0000000000005b9c       0x68 zephyr/kernel/libkernel.a(init.c.obj)
                0x0000000000005b9c                z_init_cpu
 .text.z_cstart
                0x0000000000005c04       0xe0 zephyr/kernel/libkernel.a(init.c.obj)
                0x0000000000005c04                z_cstart
 .text.z_setup_new_thread
                0x0000000000005ce4       0x60 zephyr/kernel/libkernel.a(thread.c.obj)
                0x0000000000005ce4                z_setup_new_thread
 .text.z_init_static_threads
                0x0000000000005d44       0xb8 zephyr/kernel/libkernel.a(thread.c.obj)
                0x0000000000005d44                z_init_static_threads
 .text.idle     0x0000000000005dfc       0x38 zephyr/kernel/libkernel.a(idle.c.obj)
                0x0000000000005dfc                idle
 .text.z_impl_k_mutex_lock
                0x0000000000005e34       0xf4 zephyr/kernel/libkernel.a(mutex.c.obj)
                0x0000000000005e34                z_impl_k_mutex_lock
 .text.z_impl_k_mutex_unlock
                0x0000000000005f28       0x78 zephyr/kernel/libkernel.a(mutex.c.obj)
                0x0000000000005f28                z_impl_k_mutex_unlock
 .text.z_impl_k_sem_give
                0x0000000000005fa0       0x40 zephyr/kernel/libkernel.a(sem.c.obj)
                0x0000000000005fa0                z_impl_k_sem_give
 .text.z_impl_k_sem_take
                0x0000000000005fe0       0x50 zephyr/kernel/libkernel.a(sem.c.obj)
                0x0000000000005fe0                z_impl_k_sem_take
 .text.z_impl_k_sem_reset
                0x0000000000006030       0x3c zephyr/kernel/libkernel.a(sem.c.obj)
                0x0000000000006030                z_impl_k_sem_reset
 .text.sliceable
                0x000000000000606c       0x3c zephyr/kernel/libkernel.a(sched.c.obj)
 .text.slice_timeout
                0x00000000000060a8       0x20 zephyr/kernel/libkernel.a(sched.c.obj)
 .text.z_reset_time_slice
                0x00000000000060c8       0x50 zephyr/kernel/libkernel.a(sched.c.obj)
                0x00000000000060c8                z_reset_time_slice
 .text.update_cache
                0x0000000000006118       0x3c zephyr/kernel/libkernel.a(sched.c.obj)
 .text.move_thread_to_end_of_prio_q
                0x0000000000006154       0x74 zephyr/kernel/libkernel.a(sched.c.obj)
 .text.ready_thread
                0x00000000000061c8       0x68 zephyr/kernel/libkernel.a(sched.c.obj)
 .text.unready_thread
                0x0000000000006230       0x30 zephyr/kernel/libkernel.a(sched.c.obj)
 .text.pend_locked
                0x0000000000006260       0x30 zephyr/kernel/libkernel.a(sched.c.obj)
 .text.z_time_slice
                0x0000000000006290       0x60 zephyr/kernel/libkernel.a(sched.c.obj)
                0x0000000000006290                z_time_slice
 .text.z_pend_curr
                0x00000000000062f0       0x3c zephyr/kernel/libkernel.a(sched.c.obj)
                0x00000000000062f0                z_pend_curr
 .text.z_set_prio
                0x000000000000632c       0x8c zephyr/kernel/libkernel.a(sched.c.obj)
                0x000000000000632c                z_set_prio
 .text.z_reschedule
                0x00000000000063b8       0x24 zephyr/kernel/libkernel.a(sched.c.obj)
                0x00000000000063b8                z_reschedule
 .text.z_sched_start
                0x00000000000063dc       0x3c zephyr/kernel/libkernel.a(sched.c.obj)
                0x00000000000063dc                z_sched_start
 .text.z_impl_k_thread_suspend
                0x0000000000006418       0x64 zephyr/kernel/libkernel.a(sched.c.obj)
                0x0000000000006418                z_impl_k_thread_suspend
 .text.k_sched_lock
                0x000000000000647c       0x28 zephyr/kernel/libkernel.a(sched.c.obj)
                0x000000000000647c                k_sched_lock
 .text.k_sched_unlock
                0x00000000000064a4       0x38 zephyr/kernel/libkernel.a(sched.c.obj)
                0x00000000000064a4                k_sched_unlock
 .text.z_sched_init
                0x00000000000064dc       0x10 zephyr/kernel/libkernel.a(sched.c.obj)
                0x00000000000064dc                z_sched_init
 .text.z_impl_k_yield
                0x00000000000064ec       0x7c zephyr/kernel/libkernel.a(sched.c.obj)
                0x00000000000064ec                z_impl_k_yield
 .text.z_tick_sleep
                0x0000000000006568       0x88 zephyr/kernel/libkernel.a(sched.c.obj)
 .text.z_impl_k_sleep
                0x00000000000065f0       0x34 zephyr/kernel/libkernel.a(sched.c.obj)
                0x00000000000065f0                z_impl_k_sleep
 .text.z_impl_z_current_get
                0x0000000000006624        0xc zephyr/kernel/libkernel.a(sched.c.obj)
                0x0000000000006624                z_impl_z_current_get
 .text.z_thread_abort
                0x0000000000006630       0xc0 zephyr/kernel/libkernel.a(sched.c.obj)
                0x0000000000006630                z_thread_abort
 .text.z_data_copy
                0x00000000000066f0       0x34 zephyr/kernel/libkernel.a(xip.c.obj)
                0x00000000000066f0                z_data_copy
 .text.elapsed  0x0000000000006724       0x14 zephyr/kernel/libkernel.a(timeout.c.obj)
 .text.next_timeout
                0x0000000000006738       0x40 zephyr/kernel/libkernel.a(timeout.c.obj)
 .text.remove_timeout
                0x0000000000006778       0x38 zephyr/kernel/libkernel.a(timeout.c.obj)
 .text.z_add_timeout
                0x00000000000067b0       0xec zephyr/kernel/libkernel.a(timeout.c.obj)
                0x00000000000067b0                z_add_timeout
 .text.sys_clock_announce
                0x000000000000689c       0xd4 zephyr/kernel/libkernel.a(timeout.c.obj)
                0x000000000000689c                sys_clock_announce
 .text.sys_clock_tick_get
                0x0000000000006970       0x34 zephyr/kernel/libkernel.a(timeout.c.obj)
                0x0000000000006970                sys_clock_tick_get
 .text.boot_banner
                0x00000000000069a4        0xc zephyr/kernel/libkernel.a(banner.c.obj)
                0x00000000000069a4                boot_banner
 .text.dwt_writetodevice
                0x00000000000069b0       0x44 app/libapp.a(deca_device.c.obj)
                0x00000000000069b0                dwt_writetodevice
 .text.dwt_writetxdata
                0x00000000000069f4       0x20 app/libapp.a(deca_device.c.obj)
                0x00000000000069f4                dwt_writetxdata
 .text.dwt_readfromdevice
                0x0000000000006a14       0x40 app/libapp.a(deca_device.c.obj)
                0x0000000000006a14                dwt_readfromdevice
 .text.dwt_read32bitoffsetreg
                0x0000000000006a54       0x22 app/libapp.a(deca_device.c.obj)
                0x0000000000006a54                dwt_read32bitoffsetreg
 .text.dwt_readdevid
                0x0000000000006a76        0x8 app/libapp.a(deca_device.c.obj)
                0x0000000000006a76                dwt_readdevid
 .text.dwt_read16bitoffsetreg
                0x0000000000006a7e       0x18 app/libapp.a(deca_device.c.obj)
                0x0000000000006a7e                dwt_read16bitoffsetreg
 .text.dwt_read8bitoffsetreg
                0x0000000000006a96       0x1a app/libapp.a(deca_device.c.obj)
                0x0000000000006a96                dwt_read8bitoffsetreg
 .text.dwt_write8bitoffsetreg
                0x0000000000006ab0       0x1a app/libapp.a(deca_device.c.obj)
                0x0000000000006ab0                dwt_write8bitoffsetreg
 .text.dwt_write16bitoffsetreg
                0x0000000000006aca       0x18 app/libapp.a(deca_device.c.obj)
                0x0000000000006aca                dwt_write16bitoffsetreg
 .text.dwt_setrxantennadelay
                0x0000000000006ae2        0xc app/libapp.a(deca_device.c.obj)
                0x0000000000006ae2                dwt_setrxantennadelay
 .text.dwt_settxantennadelay
                0x0000000000006aee        0xa app/libapp.a(deca_device.c.obj)
                0x0000000000006aee                dwt_settxantennadelay
 .text.dwt_write32bitoffsetreg
                0x0000000000006af8       0x16 app/libapp.a(deca_device.c.obj)
                0x0000000000006af8                dwt_write32bitoffsetreg
 .text._dwt_otpread
                0x0000000000006b0e       0x2c app/libapp.a(deca_device.c.obj)
                0x0000000000006b0e                _dwt_otpread
 .text._dwt_aonarrayupload
                0x0000000000006b3a       0x1a app/libapp.a(deca_device.c.obj)
                0x0000000000006b3a                _dwt_aonarrayupload
 .text._dwt_configlde
                0x0000000000006b54       0x2a app/libapp.a(deca_device.c.obj)
                0x0000000000006b54                _dwt_configlde
 .text._dwt_enableclocks
                0x0000000000006b7e       0xcc app/libapp.a(deca_device.c.obj)
                0x0000000000006b7e                _dwt_enableclocks
 .text._dwt_loaducodefromrom
                0x0000000000006c4a       0x24 app/libapp.a(deca_device.c.obj)
                0x0000000000006c4a                _dwt_loaducodefromrom
 .text._dwt_disablesequencing
                0x0000000000006c6e       0x16 app/libapp.a(deca_device.c.obj)
                0x0000000000006c6e                _dwt_disablesequencing
 .text.dwt_syncrxbufptrs
                0x0000000000006c84       0x22 app/libapp.a(deca_device.c.obj)
                0x0000000000006c84                dwt_syncrxbufptrs
 .text.dwt_setinterrupt
                0x0000000000006ca6       0x3a app/libapp.a(deca_device.c.obj)
                0x0000000000006ca6                dwt_setinterrupt
 .text.dwt_rxreset
                0x0000000000006ce0       0x1a app/libapp.a(deca_device.c.obj)
                0x0000000000006ce0                dwt_rxreset
 .text.dwt_setxtaltrim
                0x0000000000006cfa       0x10 app/libapp.a(deca_device.c.obj)
                0x0000000000006cfa                dwt_setxtaltrim
 .text.decamutexon
                0x0000000000006d0a        0x4 app/libapp.a(deca_mutex.c.obj)
                0x0000000000006d0a                decamutexon
 .text.decamutexoff
                0x0000000000006d0e        0x2 app/libapp.a(deca_mutex.c.obj)
                0x0000000000006d0e                decamutexoff
 .text.deca_sleep
                0x0000000000006d10       0x26 app/libapp.a(deca_sleep.c.obj)
                0x0000000000006d10                deca_sleep
 .text.port_set_dw1000_slowrate
                0x0000000000006d36        0xc app/libapp.a(port.c.obj)
                0x0000000000006d36                port_set_dw1000_slowrate
 .text.port_set_dw1000_fastrate
                0x0000000000006d42        0xc app/libapp.a(port.c.obj)
                0x0000000000006d42                port_set_dw1000_fastrate
 .text.gpio_init_callback
                0x0000000000006d4e        0x6 app/libapp.a(port.c.obj)
 .text.gpio_add_callback.isra.0
                0x0000000000006d54        0xc app/libapp.a(port.c.obj)
 .text.gpio_pin_configure.isra.0
                0x0000000000006d60       0x38 app/libapp.a(port.c.obj)
 .text.gpio_pin_interrupt_configure.isra.0
                0x0000000000006d98       0x28 app/libapp.a(port.c.obj)
 .text.uwb_transmit
                0x0000000000006dc0       0x32 app/libapp.a(uwb.c.obj)
                0x0000000000006dc0                uwb_transmit
 .text.cbpprintf_external
                0x0000000000006df2       0x62 zephyr/libzephyr.a(cbprintf_packaged.c.obj)
                0x0000000000006df2                cbpprintf_external
 .text.arch_printk_char_out
                0x0000000000006e54        0x4 zephyr/libzephyr.a(printk.c.obj)
                0x0000000000006e54                arch_printk_char_out
 .text.printk   0x0000000000006e58       0x1a zephyr/libzephyr.a(printk.c.obj)
                0x0000000000006e58                printk
 .text.z_thread_entry
                0x0000000000006e72       0x14 zephyr/libzephyr.a(thread_entry.c.obj)
                0x0000000000006e72                z_thread_entry
 .text.process_recheck
                0x0000000000006e86       0x38 zephyr/libzephyr.a(onoff.c.obj)
 .text.validate_args
                0x0000000000006ebe       0x20 zephyr/libzephyr.a(onoff.c.obj)
 .text.notify_one
                0x0000000000006ede       0x2c zephyr/libzephyr.a(onoff.c.obj)
 .text.transition_complete
                0x0000000000006f0a       0x1c zephyr/libzephyr.a(onoff.c.obj)
 .text.onoff_manager_init
                0x0000000000006f26       0x26 zephyr/libzephyr.a(onoff.c.obj)
                0x0000000000006f26                onoff_manager_init
 .text.onoff_request
                0x0000000000006f4c       0xb0 zephyr/libzephyr.a(onoff.c.obj)
                0x0000000000006f4c                onoff_request
 .text.sys_notify_validate
                0x0000000000006ffc       0x22 zephyr/libzephyr.a(notify.c.obj)
                0x0000000000006ffc                sys_notify_validate
 .text.sys_notify_finalize
                0x000000000000701e       0x1a zephyr/libzephyr.a(notify.c.obj)
                0x000000000000701e                sys_notify_finalize
 .text._ldiv5   0x0000000000007038       0x30 zephyr/libzephyr.a(cbprintf_complete.c.obj)
 .text._get_digit
                0x0000000000007068       0x2e zephyr/libzephyr.a(cbprintf_complete.c.obj)
 .text.encode_uint
                0x0000000000007096       0x8c zephyr/libzephyr.a(cbprintf_complete.c.obj)
 .text.outs     0x0000000000007122       0x2e zephyr/libzephyr.a(cbprintf_complete.c.obj)
 .text._ConfigAbsSyms
                0x0000000000007150        0x2 zephyr/libzephyr.a(configs.c.obj)
                0x0000000000007150                _ConfigAbsSyms
 .text.dummy_timestamp
                0x0000000000007152        0x4 zephyr/libzephyr.a(log_core.c.obj)
 .text.default_get_timestamp
                0x0000000000007156        0x4 zephyr/libzephyr.a(log_core.c.obj)
 .text.atomic_inc
                0x000000000000715a       0x1a zephyr/libzephyr.a(log_core.c.obj)
 .text.enable_logger
                0x0000000000007174        0xe zephyr/libzephyr.a(log_core.c.obj)
 .text.z_log_vprintk
                0x0000000000007182       0x1c zephyr/libzephyr.a(log_core.c.obj)
                0x0000000000007182                z_log_vprintk
 .text.z_log_notify_backend_enabled
                0x000000000000719e        0x2 zephyr/libzephyr.a(log_core.c.obj)
                0x000000000000719e                z_log_notify_backend_enabled
 .text.z_log_get_tag
                0x00000000000071a0        0x4 zephyr/libzephyr.a(log_core.c.obj)
                0x00000000000071a0                z_log_get_tag
 .text.z_log_msg_finalize
                0x00000000000071a4       0x32 zephyr/libzephyr.a(log_msg.c.obj)
                0x00000000000071a4                z_log_msg_finalize
 .text.out_func
                0x00000000000071d6       0x1c zephyr/libzephyr.a(log_output.c.obj)
 .text.cr_out_func
                0x00000000000071f2       0x1c zephyr/libzephyr.a(log_output.c.obj)
 .text.buffer_write
                0x000000000000720e       0x1a zephyr/libzephyr.a(log_output.c.obj)
 .text.cbvprintf
                0x0000000000007228        0xe zephyr/libzephyr.a(log_output.c.obj)
 .text.log_output_flush
                0x0000000000007236       0x1a zephyr/libzephyr.a(log_output.c.obj)
                0x0000000000007236                log_output_flush
 .text.log_backend_uart_init
                0x0000000000007250        0x2 zephyr/libzephyr.a(log_backend_uart.c.obj)
 .text.pm_device_state_get
                0x0000000000007252       0x12 zephyr/libzephyr.a(device.c.obj)
                0x0000000000007252                pm_device_state_get
 .text.pm_device_is_busy
                0x0000000000007264       0x14 zephyr/libzephyr.a(device.c.obj)
                0x0000000000007264                pm_device_is_busy
 .text.pm_device_wakeup_is_enabled
                0x0000000000007278       0x14 zephyr/libzephyr.a(device.c.obj)
                0x0000000000007278                pm_device_wakeup_is_enabled
 .text.pm_device_state_is_locked
                0x000000000000728c       0x14 zephyr/libzephyr.a(device.c.obj)
                0x000000000000728c                pm_device_state_is_locked
 .text.z_log_msg_runtime_create.constprop.0
                0x00000000000072a0       0x20 zephyr/arch/arch/arm/core/aarch32/libarch__arm__core__aarch32.a(fatal.c.obj)
 .text.z_do_kernel_oops
                0x00000000000072c0        0x8 zephyr/arch/arch/arm/core/aarch32/libarch__arm__core__aarch32.a(fatal.c.obj)
                0x00000000000072c0                z_do_kernel_oops
 .text.z_irq_spurious
                0x00000000000072c8        0x8 zephyr/arch/arch/arm/core/aarch32/libarch__arm__core__aarch32.a(irq_manage.c.obj)
                0x00000000000072c8                z_irq_spurious
 .text.z_arm_nmi
                0x00000000000072d0        0xe zephyr/arch/arch/arm/core/aarch32/libarch__arm__core__aarch32.a(nmi.c.obj)
                0x00000000000072d0                z_arm_nmi
 .text.z_log_msg_runtime_create.constprop.0
                0x00000000000072de       0x20 zephyr/arch/arch/arm/core/aarch32/cortex_m/libarch__arm__core__aarch32__cortex_m.a(fault.c.obj)
 .text.z_log_msg_runtime_create.constprop.0
                0x00000000000072fe       0x20 zephyr/arch/arch/arm/core/aarch32/mpu/libarch__arm__core__aarch32__mpu.a(arm_mpu.c.obj)
 .text.strcpy   0x000000000000731e       0x14 zephyr/lib/libc/minimal/liblib__libc__minimal.a(string.c.obj)
                0x000000000000731e                strcpy
 .text.strlen   0x0000000000007332        0xe zephyr/lib/libc/minimal/liblib__libc__minimal.a(string.c.obj)
                0x0000000000007332                strlen
 .text.strnlen  0x0000000000007340       0x12 zephyr/lib/libc/minimal/liblib__libc__minimal.a(string.c.obj)
                0x0000000000007340                strnlen
 .text.memcpy   0x0000000000007352       0x16 zephyr/lib/libc/minimal/liblib__libc__minimal.a(string.c.obj)
                0x0000000000007352                memcpy
 .text.memset   0x0000000000007368       0x12 zephyr/lib/libc/minimal/liblib__libc__minimal.a(string.c.obj)
                0x0000000000007368                memset
 .text._stdout_hook_default
                0x000000000000737a        0x6 zephyr/lib/libc/minimal/liblib__libc__minimal.a(stdout_console.c.obj)
 .text.pm_state_set
                0x0000000000007380       0x18 zephyr/soc/arm/nordic_nrf/nrf52/libsoc__arm__nordic_nrf__nrf52.a(power.c.obj)
                0x0000000000007380                pm_state_set
 .text.pm_state_exit_post_ops
                0x0000000000007398        0xc zephyr/soc/arm/nordic_nrf/nrf52/libsoc__arm__nordic_nrf__nrf52.a(power.c.obj)
                0x0000000000007398                pm_state_exit_post_ops
 .text.get_status
                0x00000000000073a4       0x12 zephyr/drivers/clock_control/libdrivers__clock_control.a(clock_control_nrf.c.obj)
 .text.set_on_state
                0x00000000000073b6       0x26 zephyr/drivers/clock_control/libdrivers__clock_control.a(clock_control_nrf.c.obj)
 .text.stop     0x00000000000073dc       0x52 zephyr/drivers/clock_control/libdrivers__clock_control.a(clock_control_nrf.c.obj)
 .text.api_stop
                0x000000000000742e        0x6 zephyr/drivers/clock_control/libdrivers__clock_control.a(clock_control_nrf.c.obj)
 .text.async_start
                0x0000000000007434       0x5c zephyr/drivers/clock_control/libdrivers__clock_control.a(clock_control_nrf.c.obj)
 .text.api_start
                0x0000000000007490        0xe zephyr/drivers/clock_control/libdrivers__clock_control.a(clock_control_nrf.c.obj)
 .text.onoff_started_callback
                0x000000000000749e       0x12 zephyr/drivers/clock_control/libdrivers__clock_control.a(clock_control_nrf.c.obj)
 .text.lfclk_stop
                0x00000000000074b0        0x6 zephyr/drivers/clock_control/libdrivers__clock_control.a(clock_control_nrf.c.obj)
 .text.blocking_start_callback
                0x00000000000074b6        0x6 zephyr/drivers/clock_control/libdrivers__clock_control.a(clock_control_nrf.c.obj)
 .text.gpio_nrfx_port_get_raw
                0x00000000000074bc        0xe zephyr/drivers/gpio/libdrivers__gpio.a(gpio_nrfx.c.obj)
 .text.gpio_nrfx_port_set_masked_raw
                0x00000000000074ca       0x18 zephyr/drivers/gpio/libdrivers__gpio.a(gpio_nrfx.c.obj)
 .text.gpio_nrfx_port_set_bits_raw
                0x00000000000074e2        0xc zephyr/drivers/gpio/libdrivers__gpio.a(gpio_nrfx.c.obj)
 .text.gpio_nrfx_port_clear_bits_raw
                0x00000000000074ee        0xc zephyr/drivers/gpio/libdrivers__gpio.a(gpio_nrfx.c.obj)
 .text.gpio_nrfx_port_toggle_bits
                0x00000000000074fa       0x1a zephyr/drivers/gpio/libdrivers__gpio.a(gpio_nrfx.c.obj)
 .text.gpio_nrfx_manage_callback
                0x0000000000007514       0x52 zephyr/drivers/gpio/libdrivers__gpio.a(gpio_nrfx.c.obj)
 .text.pinctrl_lookup_state
                0x0000000000007566       0x26 zephyr/drivers/pinctrl/libdrivers__pinctrl.a(common.c.obj)
                0x0000000000007566                pinctrl_lookup_state
 .text.pinctrl_configure_pins
                0x000000000000758c      0x10e zephyr/drivers/pinctrl/libdrivers__pinctrl.a(pinctrl_nrf.c.obj)
                0x000000000000758c                pinctrl_configure_pins
 .text.uart_nrfx_config_get
                0x000000000000769a       0x10 zephyr/drivers/serial/libdrivers__serial.a(uart_nrfx_uart.c.obj)
 .text.pinctrl_apply_state
                0x00000000000076aa       0x1e zephyr/drivers/serial/libdrivers__serial.a(uart_nrfx_uart.c.obj)
 .text.irq_connect1
                0x00000000000076c8        0xa zephyr/drivers/spi/libdrivers__spi.a(spi_nrfx_spi.c.obj)
 .text.irq_connect2
                0x00000000000076d2        0xa zephyr/drivers/spi/libdrivers__spi.a(spi_nrfx_spi.c.obj)
 .text.spi_context_get_next_buf.constprop.0
                0x00000000000076dc       0x26 zephyr/drivers/spi/libdrivers__spi.a(spi_nrfx_spi.c.obj)
 .text.z_log_msg_runtime_create.constprop.0
                0x0000000000007702       0x20 zephyr/drivers/spi/libdrivers__spi.a(spi_nrfx_spi.c.obj)
 .text.pinctrl_apply_state
                0x0000000000007722       0x1e zephyr/drivers/spi/libdrivers__spi.a(spi_nrfx_spi.c.obj)
 .text.spi_nrfx_pm_action
                0x0000000000007740       0x34 zephyr/drivers/spi/libdrivers__spi.a(spi_nrfx_spi.c.obj)
 .text.gpio_pin_set_dt.isra.0
                0x0000000000007774       0x28 zephyr/drivers/spi/libdrivers__spi.a(spi_nrfx_spi.c.obj)
 .text._spi_context_cs_control
                0x000000000000779c       0x44 zephyr/drivers/spi/libdrivers__spi.a(spi_nrfx_spi.c.obj)
 .text.spi_context_unlock_unconditionally
                0x00000000000077e0       0x20 zephyr/drivers/spi/libdrivers__spi.a(spi_nrfx_spi.c.obj)
 .text.spi_nrfx_release
                0x0000000000007800       0x24 zephyr/drivers/spi/libdrivers__spi.a(spi_nrfx_spi.c.obj)
 .text.finish_transaction.isra.0
                0x0000000000007824       0x20 zephyr/drivers/spi/libdrivers__spi.a(spi_nrfx_spi.c.obj)
 .text.sys_clock_idle_exit
                0x0000000000007844        0x2 zephyr/drivers/timer/libdrivers__timer.a(sys_clock_init.c.obj)
                0x0000000000007844                sys_clock_idle_exit
 .text.event_clear
                0x0000000000007846       0x18 zephyr/drivers/timer/libdrivers__timer.a(nrf_rtc_timer.c.obj)
 .text.sys_clock_cycle_get_32
                0x000000000000785e        0x8 zephyr/drivers/timer/libdrivers__timer.a(nrf_rtc_timer.c.obj)
                0x000000000000785e                sys_clock_cycle_get_32
 .text.nrf52_errata_12
                0x0000000000007866       0x1c modules/hal_nordic/nrfx/libmodules__hal_nordic__nrfx.a(system_nrf52.c.obj)
 .text.nrfx_isr
                0x0000000000007882        0x2 modules/hal_nordic/nrfx/libmodules__hal_nordic__nrfx.a(nrfx_glue.c.obj)
                0x0000000000007882                nrfx_isr
 .text.nrfx_busy_wait
                0x0000000000007884        0x4 modules/hal_nordic/nrfx/libmodules__hal_nordic__nrfx.a(nrfx_glue.c.obj)
                0x0000000000007884                nrfx_busy_wait
 .text.nrfx_clock_enable
                0x0000000000007888       0x1a modules/hal_nordic/nrfx/libmodules__hal_nordic__nrfx.a(nrfx_clock.c.obj)
                0x0000000000007888                nrfx_clock_enable
 .text.nrfx_clock_stop
                0x00000000000078a2        0x4 modules/hal_nordic/nrfx/libmodules__hal_nordic__nrfx.a(nrfx_clock.c.obj)
                0x00000000000078a2                nrfx_clock_stop
 .text.nrf_gpio_cfg_sense_set
                0x00000000000078a6       0x1c modules/hal_nordic/nrfx/libmodules__hal_nordic__nrfx.a(nrfx_gpiote.c.obj)
 .text.transfer_byte
                0x00000000000078c2       0x66 modules/hal_nordic/nrfx/libmodules__hal_nordic__nrfx.a(nrfx_spi.c.obj)
 .text.irq_handler
                0x0000000000007928       0x44 modules/hal_nordic/nrfx/libmodules__hal_nordic__nrfx.a(nrfx_spi.c.obj)
 .text._GetAvailWriteSpace
                0x000000000000796c       0x12 modules/segger/libmodules__segger.a(SEGGER_RTT.c.obj)
 .text._WriteNoCheck
                0x000000000000797e       0x36 modules/segger/libmodules__segger.a(SEGGER_RTT.c.obj)
 .text._WriteBlocking
                0x00000000000079b4       0x54 modules/segger/libmodules__segger.a(SEGGER_RTT.c.obj)
 .text.SEGGER_RTT_Init
                0x0000000000007a08        0x4 modules/segger/libmodules__segger.a(SEGGER_RTT.c.obj)
                0x0000000000007a08                SEGGER_RTT_Init
 .text.rtt_init
                0x0000000000007a0c        0xa modules/segger/libmodules__segger.a(SEGGER_RTT_zephyr.c.obj)
 .text.z_device_state_init
                0x0000000000007a16        0x2 zephyr/kernel/libkernel.a(device.c.obj)
                0x0000000000007a16                z_device_state_init
 .text.z_device_is_ready
                0x0000000000007a18       0x16 zephyr/kernel/libkernel.a(device.c.obj)
                0x0000000000007a18                z_device_is_ready
 .text.z_log_msg_runtime_create.constprop.0
                0x0000000000007a2e       0x20 zephyr/kernel/libkernel.a(fatal.c.obj)
 .text.z_early_memset
                0x0000000000007a4e        0x4 zephyr/kernel/libkernel.a(init.c.obj)
                0x0000000000007a4e                z_early_memset
 .text.z_early_memcpy
                0x0000000000007a52        0x4 zephyr/kernel/libkernel.a(init.c.obj)
                0x0000000000007a52                z_early_memcpy
 .text.k_is_in_isr
                0x0000000000007a56        0xc zephyr/kernel/libkernel.a(thread.c.obj)
                0x0000000000007a56                k_is_in_isr
 .text.k_thread_name_get
                0x0000000000007a62        0x4 zephyr/kernel/libkernel.a(thread.c.obj)
                0x0000000000007a62                k_thread_name_get
 .text.z_pm_save_idle_exit
                0x0000000000007a66        0xe zephyr/kernel/libkernel.a(idle.c.obj)
                0x0000000000007a66                z_pm_save_idle_exit
 .text.adjust_owner_prio.isra.0
                0x0000000000007a74       0x10 zephyr/kernel/libkernel.a(mutex.c.obj)
 .text.sys_dlist_remove
                0x0000000000007a84       0x10 zephyr/kernel/libkernel.a(sched.c.obj)
 .text.unpend_thread_no_timeout
                0x0000000000007a94       0x14 zephyr/kernel/libkernel.a(sched.c.obj)
 .text.add_to_waitq_locked
                0x0000000000007aa8       0x50 zephyr/kernel/libkernel.a(sched.c.obj)
 .text.z_ready_thread
                0x0000000000007af8       0x20 zephyr/kernel/libkernel.a(sched.c.obj)
                0x0000000000007af8                z_ready_thread
 .text.z_sched_wake_thread
                0x0000000000007b18       0x44 zephyr/kernel/libkernel.a(sched.c.obj)
                0x0000000000007b18                z_sched_wake_thread
 .text.z_thread_timeout
                0x0000000000007b5c        0x8 zephyr/kernel/libkernel.a(sched.c.obj)
                0x0000000000007b5c                z_thread_timeout
 .text.z_unpend_first_thread
                0x0000000000007b64       0x38 zephyr/kernel/libkernel.a(sched.c.obj)
                0x0000000000007b64                z_unpend_first_thread
 .text.z_reschedule_irqlock
                0x0000000000007b9c       0x18 zephyr/kernel/libkernel.a(sched.c.obj)
                0x0000000000007b9c                z_reschedule_irqlock
 .text.z_reschedule_unlocked
                0x0000000000007bb4       0x14 zephyr/kernel/libkernel.a(sched.c.obj)
 .text.z_abort_timeout
                0x0000000000007bc8       0x2c zephyr/kernel/libkernel.a(timeout.c.obj)
                0x0000000000007bc8                z_abort_timeout
 .text.z_get_next_timeout_expiry
                0x0000000000007bf4       0x20 zephyr/kernel/libkernel.a(timeout.c.obj)
                0x0000000000007bf4                z_get_next_timeout_expiry
 .text.sys_clock_tick_get_32
                0x0000000000007c14        0x8 zephyr/kernel/libkernel.a(timeout.c.obj)
                0x0000000000007c14                sys_clock_tick_get_32
 .text.z_impl_k_busy_wait
                0x0000000000007c1c        0x8 zephyr/kernel/libkernel.a(timeout.c.obj)
                0x0000000000007c1c                z_impl_k_busy_wait
 .text._OffsetAbsSyms
                0x0000000000007c24        0x2 zephyr/CMakeFiles/offsets.dir/./arch/arm/core/offsets/offsets.c.obj
                0x0000000000007c24                _OffsetAbsSyms
 *(SORT_BY_ALIGNMENT(.TEXT.*))
 *(SORT_BY_ALIGNMENT(.gnu.linkonce.t.*))
 *(SORT_BY_ALIGNMENT(.glue_7t))
 .glue_7t       0x0000000000007c26        0x0 linker stubs
 *(SORT_BY_ALIGNMENT(.glue_7))
 .glue_7        0x0000000000007c26        0x0 linker stubs
 *(SORT_BY_ALIGNMENT(.vfp11_veneer))
 .vfp11_veneer  0x0000000000007c26        0x0 linker stubs
 *(SORT_BY_ALIGNMENT(.v4_bx))
 .v4_bx         0x0000000000007c26        0x0 linker stubs
                0x0000000000007c28                . = ALIGN (0x4)
 *fill*         0x0000000000007c26        0x2 
                0x0000000000007c28                __text_region_end = .

.ARM.exidx      0x0000000000007c28        0x8
                0x0000000000007c28                __exidx_start = .
 *(SORT_BY_ALIGNMENT(.ARM.exidx*) SORT_BY_ALIGNMENT(gnu.linkonce.armexidx.*))
 .ARM.exidx     0x0000000000007c28        0x8 c:/ncs/toolchains/c57af46cb7/opt/zephyr-sdk/arm-zephyr-eabi/bin/../lib/gcc/arm-zephyr-eabi/12.2.0/thumb/v7e-m/nofp\libgcc.a(_udivmoddi4.o)
                0x0000000000007c30                __exidx_end = .
                0x0000000000007c30                __rodata_region_start = .

initlevel       0x0000000000007c30       0x58
                0x0000000000007c30                __init_start = .
                0x0000000000007c30                __init_EARLY_start = .
 *(SORT_BY_NAME(SORT_BY_ALIGNMENT(.z_init_EARLY[0-9]_*)))
 *(SORT_BY_NAME(SORT_BY_ALIGNMENT(.z_init_EARLY[1-9][0-9]_*)))
                0x0000000000007c30                __init_PRE_KERNEL_1_start = .
 *(SORT_BY_NAME(SORT_BY_ALIGNMENT(.z_init_PRE_KERNEL_1[0-9]_*)))
 .z_init_PRE_KERNEL_10_
                0x0000000000007c30        0x8 zephyr/soc/arm/nordic_nrf/nrf52/libsoc__arm__nordic_nrf__nrf52.a(soc.c.obj)
 *(SORT_BY_NAME(SORT_BY_ALIGNMENT(.z_init_PRE_KERNEL_1[1-9][0-9]_*)))
 .z_init_PRE_KERNEL_130_
                0x0000000000007c38        0x8 zephyr/drivers/clock_control/libdrivers__clock_control.a(clock_control_nrf.c.obj)
 .z_init_PRE_KERNEL_130_
                0x0000000000007c40        0x8 modules/segger/libmodules__segger.a(SEGGER_RTT_zephyr.c.obj)
 .z_init_PRE_KERNEL_140_
                0x0000000000007c48        0x8 zephyr/drivers/gpio/libdrivers__gpio.a(gpio_nrfx.c.obj)
 .z_init_PRE_KERNEL_155_
                0x0000000000007c50        0x8 zephyr/drivers/serial/libdrivers__serial.a(uart_nrfx_uart.c.obj)
 .z_init_PRE_KERNEL_160_
                0x0000000000007c58        0x8 zephyr/drivers/console/libdrivers__console.a(rtt_console.c.obj)
 .z_init_PRE_KERNEL_160_
                0x0000000000007c60        0x8 zephyr/drivers/console/libdrivers__console.a(uart_console.c.obj)
                0x0000000000007c68                __init_PRE_KERNEL_2_start = .
 *(SORT_BY_NAME(SORT_BY_ALIGNMENT(.z_init_PRE_KERNEL_2[0-9]_*)))
 .z_init_PRE_KERNEL_20_
                0x0000000000007c68        0x8 zephyr/drivers/timer/libdrivers__timer.a(nrf_rtc_timer.c.obj)
 *(SORT_BY_NAME(SORT_BY_ALIGNMENT(.z_init_PRE_KERNEL_2[1-9][0-9]_*)))
                0x0000000000007c70                __init_POST_KERNEL_start = .
 *(SORT_BY_NAME(SORT_BY_ALIGNMENT(.z_init_POST_KERNEL[0-9]_*)))
 .z_init_POST_KERNEL0_
                0x0000000000007c70        0x8 zephyr/libzephyr.a(log_core.c.obj)
 *(SORT_BY_NAME(SORT_BY_ALIGNMENT(.z_init_POST_KERNEL[1-9][0-9]_*)))
 .z_init_POST_KERNEL70_
                0x0000000000007c78       0x10 zephyr/drivers/spi/libdrivers__spi.a(spi_nrfx_spi.c.obj)
                0x0000000000007c88                __init_APPLICATION_start = .
 *(SORT_BY_NAME(SORT_BY_ALIGNMENT(.z_init_APPLICATION[0-9]_*)))
 *(SORT_BY_NAME(SORT_BY_ALIGNMENT(.z_init_APPLICATION[1-9][0-9]_*)))
                0x0000000000007c88                __init_SMP_start = .
 *(SORT_BY_NAME(SORT_BY_ALIGNMENT(.z_init_SMP[0-9]_*)))
 *(SORT_BY_NAME(SORT_BY_ALIGNMENT(.z_init_SMP[1-9][0-9]_*)))
                0x0000000000007c88                __init_end = .

devices         0x0000000000007c88       0x8c
                0x0000000000007c88                __device_start = .
                0x0000000000007c88                __device_EARLY_start = .
 *(SORT_BY_NAME(SORT_BY_ALIGNMENT(.z_device_EARLY[0-9]_*)))
 *(SORT_BY_NAME(SORT_BY_ALIGNMENT(.z_device_EARLY[1-9][0-9]_*)))
                0x0000000000007c88                __device_PRE_KERNEL_1_start = .
 *(SORT_BY_NAME(SORT_BY_ALIGNMENT(.z_device_PRE_KERNEL_1[0-9]_*)))
 *(SORT_BY_NAME(SORT_BY_ALIGNMENT(.z_device_PRE_KERNEL_1[1-9][0-9]_*)))
 .z_device_PRE_KERNEL_130_
                0x0000000000007c88       0x1c zephyr/drivers/clock_control/libdrivers__clock_control.a(clock_control_nrf.c.obj)
                0x0000000000007c88                __device_dts_ord_46
 .z_device_PRE_KERNEL_140_
                0x0000000000007ca4       0x1c zephyr/drivers/gpio/libdrivers__gpio.a(gpio_nrfx.c.obj)
                0x0000000000007ca4                __device_dts_ord_9
 .z_device_PRE_KERNEL_155_
                0x0000000000007cc0       0x1c zephyr/drivers/serial/libdrivers__serial.a(uart_nrfx_uart.c.obj)
                0x0000000000007cc0                __device_dts_ord_80
                0x0000000000007cdc                __device_PRE_KERNEL_2_start = .
 *(SORT_BY_NAME(SORT_BY_ALIGNMENT(.z_device_PRE_KERNEL_2[0-9]_*)))
 *(SORT_BY_NAME(SORT_BY_ALIGNMENT(.z_device_PRE_KERNEL_2[1-9][0-9]_*)))
                0x0000000000007cdc                __device_POST_KERNEL_start = .
 *(SORT_BY_NAME(SORT_BY_ALIGNMENT(.z_device_POST_KERNEL[0-9]_*)))
 *(SORT_BY_NAME(SORT_BY_ALIGNMENT(.z_device_POST_KERNEL[1-9][0-9]_*)))
 .z_device_POST_KERNEL70_
                0x0000000000007cdc       0x38 zephyr/drivers/spi/libdrivers__spi.a(spi_nrfx_spi.c.obj)
                0x0000000000007cdc                __device_dts_ord_96
                0x0000000000007cf8                __device_dts_ord_73
                0x0000000000007d14                __device_APPLICATION_start = .
 *(SORT_BY_NAME(SORT_BY_ALIGNMENT(.z_device_APPLICATION[0-9]_*)))
 *(SORT_BY_NAME(SORT_BY_ALIGNMENT(.z_device_APPLICATION[1-9][0-9]_*)))
                0x0000000000007d14                __device_SMP_start = .
 *(SORT_BY_NAME(SORT_BY_ALIGNMENT(.z_device_SMP[0-9]_*)))
 *(SORT_BY_NAME(SORT_BY_ALIGNMENT(.z_device_SMP[1-9][0-9]_*)))
                0x0000000000007d14                __device_end = .

sw_isr_table    0x0000000000007d14      0x138
                0x0000000000007d14                . = ALIGN (0x4)
 *(SORT_BY_ALIGNMENT(.gnu.linkonce.sw_isr_table*))
 .gnu.linkonce.sw_isr_table
                0x0000000000007d14      0x138 zephyr/arch/common/libisr_tables.a(isr_tables.c.obj)
                0x0000000000007d14                _sw_isr_table

initlevel_error
                0x0000000000007c30        0x0
 *(SORT_BY_NAME(SORT_BY_ALIGNMENT(.z_init_[_A-Z0-9]*)))
                0x0000000000000001                ASSERT ((SIZEOF (initlevel_error) == 0x0), Undefined initialization levels used.)

app_shmem_regions
                0x0000000000007e4c        0x0
                0x0000000000007e4c                __app_shmem_regions_start = .
 *(SORT_BY_NAME(SORT_BY_ALIGNMENT(.app_regions.*)))
                0x0000000000007e4c                __app_shmem_regions_end = .

k_p4wq_initparam_area
                0x0000000000007e4c        0x0
                0x0000000000007e4c                _k_p4wq_initparam_list_start = .
 *(SORT_BY_NAME(SORT_BY_ALIGNMENT(._k_p4wq_initparam.static.*)))
                0x0000000000007e4c                _k_p4wq_initparam_list_end = .

_static_thread_data_area
                0x0000000000007e4c        0x0
                0x0000000000007e4c                __static_thread_data_list_start = .
 *(SORT_BY_NAME(SORT_BY_ALIGNMENT(.__static_thread_data.static.*)))
                0x0000000000007e4c                __static_thread_data_list_end = .

device_handles  0x0000000000007e4c       0x26
                0x0000000000007e4c                __device_handles_start = .
 *(SORT_BY_NAME(SORT_BY_ALIGNMENT(.__device_handles_pass2*)))
 .__device_handles_pass2
                0x0000000000007e4c       0x26 zephyr/CMakeFiles/zephyr_pre1.dir/dev_handles.c.obj
                0x0000000000007e4c                __devicehdl_dts_ord_73
                0x0000000000007e54                __devicehdl_dts_ord_96
                0x0000000000007e5c                __devicehdl_dts_ord_80
                0x0000000000007e62                __devicehdl_dts_ord_9
                0x0000000000007e6c                __devicehdl_dts_ord_46
                0x0000000000007e72                __device_handles_end = .

ztest           0x0000000000007e72        0x0
                0x0000000000007e72                _ztest_expected_result_entry_list_start = .
 *(SORT_BY_NAME(SORT_BY_ALIGNMENT(._ztest_expected_result_entry.static.*)))
                0x0000000000007e72                _ztest_expected_result_entry_list_end = .
                0x0000000000007e72                _ztest_suite_node_list_start = .
 *(SORT_BY_NAME(SORT_BY_ALIGNMENT(._ztest_suite_node.static.*)))
                0x0000000000007e72                _ztest_suite_node_list_end = .
                0x0000000000007e72                _ztest_unit_test_list_start = .
 *(SORT_BY_NAME(SORT_BY_ALIGNMENT(._ztest_unit_test.static.*)))
                0x0000000000007e72                _ztest_unit_test_list_end = .
                0x0000000000007e72                _ztest_test_rule_list_start = .
 *(SORT_BY_NAME(SORT_BY_ALIGNMENT(._ztest_test_rule.static.*)))
                0x0000000000007e72                _ztest_test_rule_list_end = .

bt_l2cap_fixed_chan_area
                0x0000000000007e72        0x0
                0x0000000000007e72                _bt_l2cap_fixed_chan_list_start = .
 *(SORT_BY_NAME(SORT_BY_ALIGNMENT(._bt_l2cap_fixed_chan.static.*)))
                0x0000000000007e72                _bt_l2cap_fixed_chan_list_end = .

bt_gatt_service_static_area
                0x0000000000007e72        0x0
                0x0000000000007e72                _bt_gatt_service_static_list_start = .
 *(SORT_BY_NAME(SORT_BY_ALIGNMENT(._bt_gatt_service_static.static.*)))
                0x0000000000007e72                _bt_gatt_service_static_list_end = .

log_strings_sections
                0x0000000000007e72        0x0
                0x0000000000007e72                __log_strings_start = .
 *(SORT_BY_NAME(SORT_BY_ALIGNMENT(.log_strings*)))
                0x0000000000007e72                __log_strings_end = .

log_const_sections
                0x0000000000007e74       0x88
                0x0000000000007e74                __log_const_start = .
 *(SORT_BY_NAME(SORT_BY_ALIGNMENT(.log_const_*)))
 .log_const_NRFX_CLOCK
                0x0000000000007e74        0x8 modules/hal_nordic/nrfx/libmodules__hal_nordic__nrfx.a(nrfx_clock.c.obj)
                0x0000000000007e74                log_const_NRFX_CLOCK
 .log_const_NRFX_GPIOTE
                0x0000000000007e7c        0x8 modules/hal_nordic/nrfx/libmodules__hal_nordic__nrfx.a(nrfx_gpiote.c.obj)
                0x0000000000007e7c                log_const_NRFX_GPIOTE
 .log_const_NRFX_SPI
                0x0000000000007e84        0x8 modules/hal_nordic/nrfx/libmodules__hal_nordic__nrfx.a(nrfx_spi.c.obj)
                0x0000000000007e84                log_const_NRFX_SPI
 .log_const_cbprintf_package
                0x0000000000007e8c        0x8 zephyr/libzephyr.a(cbprintf_packaged.c.obj)
                0x0000000000007e8c                log_const_cbprintf_package
 .log_const_clock_control
                0x0000000000007e94        0x8 zephyr/drivers/clock_control/libdrivers__clock_control.a(clock_control_nrf.c.obj)
                0x0000000000007e94                log_const_clock_control
 .log_const_deca_device
                0x0000000000007e9c        0x8 app/libapp.a(deca_device.c.obj)
                0x0000000000007e9c                log_const_deca_device
 .log_const_deca_spi
                0x0000000000007ea4        0x8 app/libapp.a(deca_spi.c.obj)
                0x0000000000007ea4                log_const_deca_spi
 .log_const_fatal_error
                0x0000000000007eac        0x8 modules/nrf/lib/fatal_error/lib..__nrf__lib__fatal_error.a(fatal_error.c.obj)
                0x0000000000007eac                log_const_fatal_error
 .log_const_log
                0x0000000000007eb4        0x8 zephyr/libzephyr.a(log_core.c.obj)
                0x0000000000007eb4                log_const_log
 .log_const_log_mgmt
                0x0000000000007ebc        0x8 zephyr/libzephyr.a(log_mgmt.c.obj)
                0x0000000000007ebc                log_const_log_mgmt
 .log_const_log_uart
                0x0000000000007ec4        0x8 zephyr/libzephyr.a(log_backend_uart.c.obj)
                0x0000000000007ec4                log_const_log_uart
 .log_const_mpu
                0x0000000000007ecc        0x8 zephyr/arch/arch/arm/core/aarch32/mpu/libarch__arm__core__aarch32__mpu.a(arm_core_mpu.c.obj)
                0x0000000000007ecc                log_const_mpu
 .log_const_os  0x0000000000007ed4        0x8 zephyr/kernel/libkernel.a(init.c.obj)
                0x0000000000007ed4                log_const_os
 .log_const_pm  0x0000000000007edc        0x8 zephyr/libzephyr.a(pm.c.obj)
                0x0000000000007edc                log_const_pm
 .log_const_pm_device
                0x0000000000007ee4        0x8 zephyr/libzephyr.a(device.c.obj)
                0x0000000000007ee4                log_const_pm_device
 .log_const_soc
                0x0000000000007eec        0x8 zephyr/soc/arm/nordic_nrf/nrf52/libsoc__arm__nordic_nrf__nrf52.a(soc.c.obj)
                0x0000000000007eec                log_const_soc
 .log_const_spi_nrfx_spi
                0x0000000000007ef4        0x8 zephyr/drivers/spi/libdrivers__spi.a(spi_nrfx_spi.c.obj)
                0x0000000000007ef4                log_const_spi_nrfx_spi
                0x0000000000007efc                __log_const_end = .

log_backend_area
                0x0000000000007efc       0x20
                0x0000000000007efc                _log_backend_list_start = .
 *(SORT_BY_NAME(SORT_BY_ALIGNMENT(._log_backend.static.*)))
 ._log_backend.static.log_backend_rtt
                0x0000000000007efc       0x10 zephyr/libzephyr.a(log_backend_rtt.c.obj)
 ._log_backend.static.log_backend_uart
                0x0000000000007f0c       0x10 zephyr/libzephyr.a(log_backend_uart.c.obj)
                0x0000000000007f1c                _log_backend_list_end = .

log_link_area   0x0000000000007f1c        0x0
                0x0000000000007f1c                _log_link_list_start = .
 *(SORT_BY_NAME(SORT_BY_ALIGNMENT(._log_link.static.*)))
                0x0000000000007f1c                _log_link_list_end = .

tracing_backend_area
                0x0000000000007f1c        0x0
                0x0000000000007f1c                _tracing_backend_list_start = .
 *(SORT_BY_NAME(SORT_BY_ALIGNMENT(._tracing_backend.static.*)))
                0x0000000000007f1c                _tracing_backend_list_end = .

zephyr_dbg_info
 *(SORT_BY_ALIGNMENT(.dbg_thread_info))

symbol_to_keep  0x0000000000007f1c        0x0
                0x0000000000007f1c                __symbol_to_keep_start = .
 *(SORT_BY_NAME(SORT_BY_ALIGNMENT(.symbol_to_keep*)))
                0x0000000000007f1c                __symbol_to_keep_end = .

shell_area      0x0000000000007f1c        0x0
                0x0000000000007f1c                _shell_list_start = .
 *(SORT_BY_NAME(SORT_BY_ALIGNMENT(._shell.static.*)))
                0x0000000000007f1c                _shell_list_end = .

shell_root_cmds_sections
                0x0000000000007f1c        0x0
                0x0000000000007f1c                __shell_root_cmds_start = .
 *(SORT_BY_NAME(SORT_BY_ALIGNMENT(.shell_root_cmd_*)))
                0x0000000000007f1c                __shell_root_cmds_end = .

shell_subcmds_sections
                0x0000000000007f1c        0x0
                0x0000000000007f1c                __shell_subcmds_start = .
 *(SORT_BY_NAME(SORT_BY_ALIGNMENT(.shell_subcmd_*)))
                0x0000000000007f1c                __shell_subcmds_end = .

shell_dynamic_subcmds_sections
                0x0000000000007f1c        0x0
                0x0000000000007f1c                __shell_dynamic_subcmds_start = .
 *(SORT_BY_NAME(SORT_BY_ALIGNMENT(.shell_dynamic_subcmd_*)))
                0x0000000000007f1c                __shell_dynamic_subcmds_end = .

font_entry_sections
                0x0000000000007f1c        0x0
                0x0000000000007f1c                __font_entry_start = .
 *(SORT_BY_NAME(SORT_BY_ALIGNMENT(._cfb_font.*)))
                0x0000000000007f1c                __font_entry_end = .

rodata          0x0000000000007f20      0xcac
 *(SORT_BY_ALIGNMENT(.rodata))
 .rodata        0x0000000000007f20        0xc app/libapp.a(deca_spi.c.obj)
 .rodata        0x0000000000007f2c       0x2b app/libapp.a(port.c.obj)
 .rodata        0x0000000000007f57        0xa app/libapp.a(main.c.obj)
 *(SORT_BY_ALIGNMENT(.rodata.*))
 *fill*         0x0000000000007f61        0xf 
 .rodata.delay_machine_code.0
                0x0000000000007f70        0x6 zephyr/soc/arm/nordic_nrf/nrf52/libsoc__arm__nordic_nrf__nrf52.a(soc.c.obj)
 *fill*         0x0000000000007f76        0x2 
 .rodata.digital_bb_config
                0x0000000000007f78       0x20 app/libapp.a(deca_params_init.c.obj)
                0x0000000000007f78                digital_bb_config
 .rodata.agc_config
                0x0000000000007f98        0x8 app/libapp.a(deca_params_init.c.obj)
                0x0000000000007f98                agc_config
 .rodata.fs_pll_cfg
                0x0000000000007fa0       0x18 app/libapp.a(deca_params_init.c.obj)
                0x0000000000007fa0                fs_pll_cfg
 .rodata.tx_config
                0x0000000000007fb8       0x18 app/libapp.a(deca_params_init.c.obj)
                0x0000000000007fb8                tx_config
 .rodata.format_table
                0x0000000000007fd0       0x10 zephyr/libzephyr.a(log_core.c.obj)
 .rodata.colors
                0x0000000000007fe0       0x14 zephyr/libzephyr.a(log_output.c.obj)
 .rodata.severity
                0x0000000000007ff4       0x14 zephyr/libzephyr.a(log_output.c.obj)
 .rodata.log_backend_rtt_api
                0x0000000000008008       0x1c zephyr/libzephyr.a(log_backend_rtt.c.obj)
                0x0000000000008008                log_backend_rtt_api
 .rodata.log_output_rtt
                0x0000000000008024       0x10 zephyr/libzephyr.a(log_backend_rtt.c.obj)
 .rodata.log_backend_uart_api
                0x0000000000008034       0x1c zephyr/libzephyr.a(log_backend_uart.c.obj)
                0x0000000000008034                log_backend_uart_api
 .rodata.log_output_uart
                0x0000000000008050       0x10 zephyr/libzephyr.a(log_backend_uart.c.obj)
 .rodata.pmstates_DT_N_S_cpus_S_cpu_0
                0x0000000000008060        0x0 zephyr/libzephyr.a(state.c.obj)
 .rodata.CSWTCH.23
                0x0000000000008060       0x10 zephyr/libzephyr.a(device.c.obj)
 .rodata.static_regions
                0x0000000000008070        0xc zephyr/arch/arch/arm/core/aarch32/mpu/libarch__arm__core__aarch32__mpu.a(arm_core_mpu.c.obj)
 .rodata.mpu_config
                0x000000000000807c        0x8 zephyr/soc/arm/common/cortex_m/libsoc__arm__common__cortex_m.a(arm_mpu_regions.c.obj)
                0x000000000000807c                mpu_config
 .rodata.mpu_regions
                0x0000000000008084       0x18 zephyr/soc/arm/common/cortex_m/libsoc__arm__common__cortex_m.a(arm_mpu_regions.c.obj)
 .rodata.transitions.0
                0x000000000000809c        0xc zephyr/drivers/clock_control/libdrivers__clock_control.a(clock_control_nrf.c.obj)
 .rodata.config
                0x00000000000080a8       0x18 zephyr/drivers/clock_control/libdrivers__clock_control.a(clock_control_nrf.c.obj)
 .rodata.clock_control_api
                0x00000000000080c0       0x1c zephyr/drivers/clock_control/libdrivers__clock_control.a(clock_control_nrf.c.obj)
 .rodata.gpio_nrfx_p0_cfg
                0x00000000000080dc       0x10 zephyr/drivers/gpio/libdrivers__gpio.a(gpio_nrfx.c.obj)
 .rodata.gpio_nrfx_drv_api_funcs
                0x00000000000080ec       0x24 zephyr/drivers/gpio/libdrivers__gpio.a(gpio_nrfx.c.obj)
 .rodata.uart_nrfx_uart0_config
                0x0000000000008110        0x4 zephyr/drivers/serial/libdrivers__serial.a(uart_nrfx_uart.c.obj)
 .rodata.__pinctrl_dev_config__device_dts_ord_80
                0x0000000000008114        0xc zephyr/drivers/serial/libdrivers__serial.a(uart_nrfx_uart.c.obj)
 .rodata.__pinctrl_states__device_dts_ord_80
                0x0000000000008120       0x10 zephyr/drivers/serial/libdrivers__serial.a(uart_nrfx_uart.c.obj)
 .rodata.__pinctrl_state_pins_1__device_dts_ord_80
                0x0000000000008130        0x8 zephyr/drivers/serial/libdrivers__serial.a(uart_nrfx_uart.c.obj)
 .rodata.__pinctrl_state_pins_0__device_dts_ord_80
                0x0000000000008138        0x8 zephyr/drivers/serial/libdrivers__serial.a(uart_nrfx_uart.c.obj)
 .rodata.uart_nrfx_uart_driver_api
                0x0000000000008140       0x14 zephyr/drivers/serial/libdrivers__serial.a(uart_nrfx_uart.c.obj)
 .rodata.spi_2z_config
                0x0000000000008154       0x24 zephyr/drivers/spi/libdrivers__spi.a(spi_nrfx_spi.c.obj)
 .rodata.__pinctrl_dev_config__device_dts_ord_96
                0x0000000000008178        0xc zephyr/drivers/spi/libdrivers__spi.a(spi_nrfx_spi.c.obj)
 .rodata.__pinctrl_states__device_dts_ord_96
                0x0000000000008184       0x10 zephyr/drivers/spi/libdrivers__spi.a(spi_nrfx_spi.c.obj)
 .rodata.__pinctrl_state_pins_1__device_dts_ord_96
                0x0000000000008194        0xc zephyr/drivers/spi/libdrivers__spi.a(spi_nrfx_spi.c.obj)
 .rodata.__pinctrl_state_pins_0__device_dts_ord_96
                0x00000000000081a0        0xc zephyr/drivers/spi/libdrivers__spi.a(spi_nrfx_spi.c.obj)
 .rodata.__compound_literal.1
                0x00000000000081ac        0x8 zephyr/drivers/spi/libdrivers__spi.a(spi_nrfx_spi.c.obj)
 .rodata.spi_1z_config
                0x00000000000081b4       0x24 zephyr/drivers/spi/libdrivers__spi.a(spi_nrfx_spi.c.obj)
 .rodata.__pinctrl_dev_config__device_dts_ord_73
                0x00000000000081d8        0xc zephyr/drivers/spi/libdrivers__spi.a(spi_nrfx_spi.c.obj)
 .rodata.__pinctrl_states__device_dts_ord_73
                0x00000000000081e4       0x10 zephyr/drivers/spi/libdrivers__spi.a(spi_nrfx_spi.c.obj)
 .rodata.__pinctrl_state_pins_1__device_dts_ord_73
                0x00000000000081f4        0xc zephyr/drivers/spi/libdrivers__spi.a(spi_nrfx_spi.c.obj)
 .rodata.__pinctrl_state_pins_0__device_dts_ord_73
                0x0000000000008200        0xc zephyr/drivers/spi/libdrivers__spi.a(spi_nrfx_spi.c.obj)
 .rodata.__compound_literal.0
                0x000000000000820c        0x8 zephyr/drivers/spi/libdrivers__spi.a(spi_nrfx_spi.c.obj)
 .rodata.spi_nrfx_driver_api
                0x0000000000008214        0x8 zephyr/drivers/spi/libdrivers__spi.a(spi_nrfx_spi.c.obj)
 .rodata._k_neg_eagain
                0x000000000000821c        0x4 zephyr/kernel/libkernel.a(errno.c.obj)
                0x000000000000821c                _k_neg_eagain
 .rodata.CSWTCH.10
                0x0000000000008220       0x14 zephyr/kernel/libkernel.a(fatal.c.obj)
 .rodata.levels.0
                0x0000000000008234       0x18 zephyr/kernel/libkernel.a(init.c.obj)
 .rodata.lde_replicaCoeff
                0x000000000000824c       0x32 app/libapp.a(deca_params_init.c.obj)
                0x000000000000824c                lde_replicaCoeff
 .rodata.dtune1
                0x000000000000827e        0x4 app/libapp.a(deca_params_init.c.obj)
                0x000000000000827e                dtune1
 .rodata.sftsh  0x0000000000008282        0xc app/libapp.a(deca_params_init.c.obj)
                0x0000000000008282                sftsh
 .rodata.anchor_loop.str1.1
                0x000000000000828e       0x14 app/libapp.a(main.c.obj)
 .rodata.main.str1.1
                0x00000000000082a2       0x2f app/libapp.a(main.c.obj)
 .rodata.dwt_initialise.str1.1
                0x00000000000082d1       0x11 app/libapp.a(deca_device.c.obj)
 .rodata.str1.1
                0x00000000000082e2        0xc app/libapp.a(deca_device.c.obj)
 .rodata.dwnsSFDlen
                0x00000000000082ee        0x3 app/libapp.a(deca_params_init.c.obj)
                0x00000000000082ee                dwnsSFDlen
 .rodata.rx_config
                0x00000000000082f1        0x2 app/libapp.a(deca_params_init.c.obj)
                0x00000000000082f1                rx_config
 .rodata.fs_pll_tune
                0x00000000000082f3        0x6 app/libapp.a(deca_params_init.c.obj)
                0x00000000000082f3                fs_pll_tune
 .rodata.chan_idx
                0x00000000000082f9        0x8 app/libapp.a(deca_params_init.c.obj)
                0x00000000000082f9                chan_idx
 .rodata.str1.1
                0x0000000000008301        0x9 app/libapp.a(deca_spi.c.obj)
 .rodata.__func__.0
                0x000000000000830a       0x12 app/libapp.a(port.c.obj)
 .rodata.rx_error_callback.str1.1
                0x000000000000831c       0x13 app/libapp.a(uwb.c.obj)
 .rodata.rx_timeout_callback.str1.1
                0x000000000000832f       0x15 app/libapp.a(uwb.c.obj)
 .rodata.rx_ok_callback.str1.1
                0x0000000000008344       0x10 app/libapp.a(uwb.c.obj)
 .rodata.tx_done_callback.str1.1
                0x0000000000008354       0x12 app/libapp.a(uwb.c.obj)
 .rodata.test_isr.str1.1
                0x0000000000008366        0xa app/libapp.a(uwb.c.obj)
 .rodata.str1.1
                0x0000000000008370       0x11 zephyr/libzephyr.a(cbprintf_packaged.c.obj)
 .rodata.z_cbvprintf_impl.str1.1
                0x0000000000008381        0x6 zephyr/libzephyr.a(cbprintf_complete.c.obj)
 .rodata.str1.1
                0x0000000000008387        0x4 zephyr/libzephyr.a(log_core.c.obj)
 .rodata.str1.1
                0x000000000000838b        0x9 zephyr/libzephyr.a(log_mgmt.c.obj)
 .rodata.newline_print.str1.1
                0x0000000000008394        0x3 zephyr/libzephyr.a(log_output.c.obj)
                                          0x5 (size before relaxing)
 .rodata.log_output_process.str1.1
                0x0000000000008397       0x4c zephyr/libzephyr.a(log_output.c.obj)
                                         0x51 (size before relaxing)
 .rodata.str1.1
                0x00000000000083e3       0x20 zephyr/libzephyr.a(log_output.c.obj)
 .rodata.str1.1
                0x0000000000008403       0x10 zephyr/libzephyr.a(log_backend_rtt.c.obj)
 .rodata.str1.1
                0x0000000000008413       0x1a zephyr/libzephyr.a(log_backend_uart.c.obj)
 .rodata.z_log_msg_runtime_create.constprop.0.str1.1
                0x000000000000842d       0x26 zephyr/libzephyr.a(pm.c.obj)
 .rodata.str1.1
                0x0000000000008453        0x3 zephyr/libzephyr.a(pm.c.obj)
 .rodata.pm_device_state_str.str1.1
                0x0000000000008456        0x3 zephyr/libzephyr.a(device.c.obj)
                                          0x1 (size before relaxing)
 .rodata.str1.1
                0x0000000000008456       0x1f zephyr/libzephyr.a(device.c.obj)
 .rodata.action_expected_state
                0x0000000000008475        0x4 zephyr/libzephyr.a(device.c.obj)
 .rodata.action_target_state
                0x0000000000008479        0x4 zephyr/libzephyr.a(device.c.obj)
 .rodata.z_arm_fatal_error.str1.1
                0x000000000000847d       0x9b zephyr/arch/arch/arm/core/aarch32/libarch__arm__core__aarch32.a(fatal.c.obj)
 .rodata.mem_manage_fault.constprop.0.str1.1
                0x0000000000008518       0xd8 zephyr/arch/arch/arm/core/aarch32/cortex_m/libarch__arm__core__aarch32__cortex_m.a(fault.c.obj)
 .rodata.bus_fault.constprop.0.str1.1
                0x00000000000085f0       0x88 zephyr/arch/arch/arm/core/aarch32/cortex_m/libarch__arm__core__aarch32__cortex_m.a(fault.c.obj)
 .rodata.usage_fault.constprop.0.str1.1
                0x0000000000008678       0xcd zephyr/arch/arch/arm/core/aarch32/cortex_m/libarch__arm__core__aarch32__cortex_m.a(fault.c.obj)
 .rodata.z_arm_fault.str1.1
                0x0000000000008745      0x111 zephyr/arch/arch/arm/core/aarch32/cortex_m/libarch__arm__core__aarch32__cortex_m.a(fault.c.obj)
 .rodata.str1.1
                0x0000000000008856        0x4 zephyr/arch/arch/arm/core/aarch32/mpu/libarch__arm__core__aarch32__mpu.a(arm_core_mpu.c.obj)
 .rodata.mpu_configure_regions.str1.1
                0x000000000000885a       0x49 zephyr/arch/arch/arm/core/aarch32/mpu/libarch__arm__core__aarch32__mpu.a(arm_mpu.c.obj)
 .rodata.str1.1
                0x00000000000088a3        0xf zephyr/soc/arm/common/cortex_m/libsoc__arm__common__cortex_m.a(arm_mpu_regions.c.obj)
 .rodata.str1.1
                0x00000000000088b2        0x4 zephyr/soc/arm/nordic_nrf/nrf52/libsoc__arm__nordic_nrf__nrf52.a(soc.c.obj)
 .rodata.str1.1
                0x00000000000088b6       0x29 zephyr/drivers/clock_control/libdrivers__clock_control.a(clock_control_nrf.c.obj)
 .rodata.str1.1